******************************************************************************
                  TI ARM Linker PC v18.12.2                    
******************************************************************************
>> Linked Wed Oct 16 23:19:28 2019

OUTPUT FILE NAME:   <empty_CC3220S_LAUNCHXL_tirtos_ccs.out>
ENTRY POINT SYMBOL: "_c_int00"  address: 200114c1


MEMORY CONFIGURATION

         name            origin    length      used     unused   attr    fill
----------------------  --------  ---------  --------  --------  ----  --------
  SRAM0                 20000000   00004000  0000070c  000038f4  RW X
  SRAM                  20004000   0003c000  00010748  0002b8b8  RW X


SEGMENT ALLOCATION MAP

run origin  load origin   length   init length attrs members
----------  ----------- ---------- ----------- ----- -------
20003c00    20003c00    00000400   00000000    rw-
  20003c00    20003c00    00000400   00000000    rw- .stack
20004000    20004000    00008040   0000003c    r--
  20004000    20004000    0000003c   0000003c    r-- .resetVecs
  20004040    20004040    00008000   00000000    r-- .priheap
2000c040    2000c040    00006b4a   00006b4a    r-x
  2000c040    2000c040    00006b4a   00006b4a    r-x .text
20012b8c    20012b8c    00000910   00000000    rw-
  20012b8c    20012b8c    00000910   00000000    rw- .data
200134a0    200134a0    00000842   00000000    rw-
  200134a0    200134a0    00000842   00000000    rw- .bss
20013ce4    20013ce4    00000780   00000780    r--
  20013ce4    20013ce4    00000780   00000780    r-- .const
20014468    20014468    000002f0   000002f0    r--
  20014468    20014468    000002f0   000002f0    r-- .cinit


SECTION ALLOCATION MAP

 output                                  attributes/
section   page    origin      length       input sections
--------  ----  ----------  ----------   ----------------
.vecs      0    20000000    0000030c     NOLOAD SECTION
                  20000000    0000030c     release_pem4.oem4 (.vecs)

.stack     0    20003c00    00000400     UNINITIALIZED
                  20003c00    00000400     --HOLE--

.text      0    2000c040    00006b4a     
                  2000c040    00000a4e     rtsv7M4_T_le_eabi.lib : _printfi.c.obj (.text:__TI_printfi)
                  2000ca8e    00000002                           : _lock.c.obj (.text:_nop)
                  2000ca90    0000042c     driverlib.a : prcm.obj (.text:PRCMCC3200MCUInit)
                  2000cebc    00000268     rtsv7M4_T_le_eabi.lib : _printfi.c.obj (.text:_pconv_a)
                  2000d124    000001d8     drivers_cc32xx.aem4 : GPIOCC32XX.oem4 (.text:GPIO_setConfig)
                  2000d2fc    000001cc     rtsv7M4_T_le_eabi.lib : _printfi.c.obj (.text:_pconv_g)
                  2000d4c8    000001b6                           : fd_add_t2.asm.obj (.text)
                  2000d67e    00000002                           : div0.asm.obj (.text)
                  2000d680    0000014c     dpl_cc32xx.aem4 : PowerCC32XX_tirtos.oem4 (.text:PowerCC32XX_sleepPolicy)
                  2000d7cc    00000148     drivers_cc32xx.aem4 : PowerCC32XX.oem4 (.text:parkPins)
                  2000d914    0000013c     rtsv7M4_T_le_eabi.lib : _printfi.c.obj (.text:_pconv_e)
                  2000da50    00000136                           : fd_div_t2.asm.obj (.text)
                  2000db86    00000002     release_pem4.oem4 (.text:ti_sysbios_BIOS_nullFunc__I)
                  2000db88    00000130     sysbios.aem4 : BIOS.obj (.text:ti_sysbios_knl_Semaphore_pend__E)
                  2000dcb8    00000120     rtsv7M4_T_le_eabi.lib : _printfi.c.obj (.text:fcvt)
                  2000ddd8    0000011c     drivers_cc32xx.aem4 : PowerCC32XX.oem4 (.text:Power_sleep)
                  2000def4    00000004     dpl_cc32xx.aem4 : HwiP_tirtos.oem4 (.text:HwiP_disable)
                  2000def8    0000011c     sysbios.aem4 : BIOS.obj (.text:xdc_runtime_Startup_startMods__I)
                  2000e014    00000114     rtsv7M4_T_le_eabi.lib : fputs.c.obj (.text:fputs)
                  2000e128    00000110     Lab4.obj (.text:test)
                  2000e238    00000110     sysbios.aem4 : BIOS.obj (.text:ti_sysbios_knl_Task_postInit__I)
                  2000e348    00000104                  : BIOS.obj (.text:ti_sysbios_knl_Task_Instance_finalize__E)
                  2000e44c    000000fc     rtsv7M4_T_le_eabi.lib : fd_mul_t2.asm.obj (.text)
                  2000e548    000000fc     sysbios.aem4 : BIOS.obj (.text:ti_sysbios_knl_Task_Instance_init__E)
                  2000e644    000000f4     lcd.obj (.text:lcd_init_4bit)
                  2000e738    000000f0     sysbios.aem4 : BIOS.obj (.text:pthread_create)
                  2000e828    000000dc     rtsv7M4_T_le_eabi.lib : setvbuf.c.obj (.text:setvbuf)
                  2000e904    000000d0                           : s_scalbn.c.obj (.text:scalbn)
                  2000e9d4    000000d0     sysbios.aem4 : m3_Hwi_asm.obj (.text:ti_sysbios_family_arm_m3_Hwi_dispatch__I)
                  2000eaa4    00000004     dpl_cc32xx.aem4 : SemaphoreP_tirtos.oem4 (.text:SemaphoreP_post)
                  2000eaa8    000000d0     sysbios.aem4 : BIOS.obj (.text:ti_sysbios_heaps_HeapMem_alloc__E)
                  2000eb78    000000c4     drivers_cc32xx.aem4 : GPIOCC32XX.oem4 (.text:GPIO_init)
                  2000ec3c    00000004     rtsv7M4_T_le_eabi.lib : printf.c.obj (.text:_outc)
                  2000ec40    000000c4     sysbios.aem4 : BIOS.obj (.text:ti_sysbios_knl_Task_sleep__E)
                  2000ed04    000000c0     drivers_cc32xx.aem4 : PowerCC32XX.oem4 (.text:restoreParkedPins)
                  2000edc4    00000004     rtsv7M4_T_le_eabi.lib : printf.c.obj (.text:_outs)
                  2000edc8    000000bc     sysbios.aem4 : BIOS.obj (.text:xdc_runtime_Core_createObject__I)
                  2000ee84    000000b1     rtsv7M4_T_le_eabi.lib : _printfi.c.obj (.text:_ltostr)
                  2000ef35    00000001     --HOLE-- [fill = 0]
                  2000ef36    00000002     release_pem4.oem4 (.text:xdc_runtime_Startup_reset__I)
                  2000ef38    000000a8     drivers_cc32xx.aem4 : PowerCC32XX.oem4 (.text:PowerCC32XX_configureWakeup)
                  2000efe0    000000a4     sysbios.aem4 : BIOS.obj (.text:ti_sysbios_knl_Task_setPri__E)
                  2000f084    000000a0     auto_init.aem4 : auto_init.oem4 (.text)
                  2000f124    00000004     release_pem4.oem4 (.text:ti_sysbios_BIOS_RtsGateProxy_enter__E)
                  2000f128    0000009c     sysbios.aem4 : BIOS.obj (.text:_pthread_removeThreadKeys)
                  2000f1c4    0000009c     rtsv7M4_T_le_eabi.lib : memcpy_t2.asm.obj (.text)
                  2000f260    00000098     drivers_cc32xx.aem4 : GPIOCC32XX.oem4 (.text:powerNotifyFxn)
                  2000f2f8    00000098     sysbios.aem4 : BIOS.obj (.text:ti_sysbios_family_arm_m3_Hwi_Instance_init__E)
                  2000f390    00000096     rtsv7M4_T_le_eabi.lib : ull_div_t2.asm.obj (.text)
                  2000f426    00000002     --HOLE-- [fill = 0]
                  2000f428    00000094     sysbios.aem4 : BIOS.obj (.text:ti_sysbios_knl_Task_exit__E)
                  2000f4bc    00000090     drivers_cc32xx.aem4 : PowerCC32XX.oem4 (.text:restoreNVICRegs)
                  2000f54c    00000004     release_pem4.oem4 (.text:ti_sysbios_BIOS_RtsGateProxy_leave__E)
                  2000f550    00000090     sysbios.aem4 : BIOS.obj (.text:ti_sysbios_knl_Task_Module_startup__E)
                  2000f5e0    0000008c     rtsv7M4_T_le_eabi.lib : fputc.c.obj (.text:fputc)
                  2000f66c    00000004     release_pem4.oem4 (.text:ti_sysbios_family_arm_m3_TaskSupport_Module__startupDone__S)
                  2000f670    0000008c     sysbios.aem4 : BIOS.obj (.text:xdc_runtime_Memory_alloc__E)
                  2000f6fc    00000088     driverlib.a : pin.obj (.text:PinConfigSet)
                  2000f784    00000004     release_pem4.oem4 (.text:ti_sysbios_heaps_HeapMem_Module_GateProxy_enter__E)
                  2000f788    00000088     sysbios.aem4 : BIOS.obj (.text:ti_sysbios_family_arm_m3_Hwi_initNVIC__E)
                  2000f810    00000088                  : BIOS.obj (.text:ti_sysbios_family_arm_m3_TaskSupport_start__E)
                  2000f898    00000086     rtsv7M4_T_le_eabi.lib : fd_cmp_t2.asm.obj (.text:__aeabi_cdcmple)
                  2000f91e    00000086                           : fd_cmp_t2.asm.obj (.text:__aeabi_cdrcmple)
                  2000f9a4    00000004     release_pem4.oem4 (.text:ti_sysbios_heaps_HeapMem_Module_GateProxy_leave__E)
                  2000f9a8    00000086     sysbios.aem4 : BIOS.obj (.text:xdc_runtime_Core_constructObject__I)
                  2000fa2e    00000002     --HOLE-- [fill = 0]
                  2000fa30    00000084     drivers_cc32xx.aem4 : PowerCC32XX.oem4 (.text:Power_init)
                  2000fab4    00000084     lcd.obj (.text:lcd_byte)
                  2000fb38    00000084     drivers_cc32xx.aem4 : PowerCC32XX.oem4 (.text:saveNVICRegs)
                  2000fbbc    00000004     release_pem4.oem4 (.text:ti_sysbios_knl_Clock_TimerProxy_getMaxTicks__E)
                  2000fbc0    00000084     sysbios.aem4 : BIOS.obj (.text:ti_sysbios_family_arm_m3_Hwi_postInit__I)
                  2000fc44    00000004     release_pem4.oem4 (.text:ti_sysbios_knl_Clock_TimerProxy_setPeriodMicroSecs__E)
                  2000fc48    00000084     sysbios.aem4 : BIOS.obj (.text:ti_sysbios_heaps_HeapMem_free__E)
                  2000fccc    00000080     drivers_cc32xx.aem4 : PowerCC32XX.oem4 (.text:Power_setDependency)
                  2000fd4c    00000004     release_pem4.oem4 (.text:ti_sysbios_knl_Clock_TimerProxy_start__E)
                  2000fd50    00000080     sysbios.aem4 : BIOS.obj (.text:ti_sysbios_knl_Clock_workFunc__E)
                  2000fdd0    0000007a     rtsv7M4_T_le_eabi.lib : memset_t2.asm.obj (.text)
                  2000fe4a    00000002     --HOLE-- [fill = 0]
                  2000fe4c    00000078     drivers_cc32xx.aem4 : GPIOCC32XX.oem4 (.text:GPIO_hwiIntFxn)
                  2000fec4    00000074     rtsv7M4_T_le_eabi.lib : fclose.c.obj (.text:__TI_closefile)
                  2000ff38    00000074     sysbios.aem4 : BIOS.obj (.text:xdc_runtime_Core_deleteObject__I)
                  2000ffac    00000004     release_pem4.oem4 (.text:ti_sysbios_knl_Clock_TimerProxy_stop__E)
                  2000ffb0    00000070     sysbios.aem4 : BIOS.obj (.text:ti_sysbios_heaps_HeapMem_initPrimary__I)
                  20010020    0000006e     rtsv7M4_T_le_eabi.lib : _printfi.c.obj (.text:_mcpy)
                  2001008e    00000002     --HOLE-- [fill = 0]
                  20010090    0000006c     Lab4.obj (.text:rotary_int)
                  200100fc    00000004     release_pem4.oem4 (.text:ti_sysbios_knl_Semaphore_delete)
                  20010100    0000006c     sysbios.aem4 : BIOS.obj (.text:ti_sysbios_knl_Swi_restoreHwi__E)
                  2001016c    00000068     rtsv7M4_T_le_eabi.lib : hostlseek.c.obj (.text:HOSTlseek)
                  200101d4    00000068                           : hostrename.c.obj (.text:HOSTrename)
                  2001023c    00000068                           : copy_decompress_lzss.c.obj (.text:decompress:lzss:__TI_decompress_lzss)
                  200102a4    00000068                           : printf.c.obj (.text:printf)
                  2001030c    00000004     release_pem4.oem4 (.text:ti_sysbios_knl_Task_delete)
                  20010310    00000068     sysbios.aem4 : BIOS.obj (.text:pthread_exit)
                  20010378    00000064     drivers_cc32xx.aem4 : PowerCC32XX.oem4 (.text:PowerCC32XX_setParkState)
                  200103dc    00000064     rtsv7M4_T_le_eabi.lib : fseek.c.obj (.text:fseek)
                  20010440    00000064     main_tirtos.obj (.text:main)
                  200104a4    00000004     release_pem4.oem4 (.text:xdc_runtime_System_Module_GateProxy_enter__E)
                  200104a8    00000064     sysbios.aem4 : BIOS.obj (.text:ti_sysbios_family_arm_m3_Hwi_dispatchC__I)
                  2001050c    00000062     rtsv7M4_T_le_eabi.lib : _io_perm.c.obj (.text:__TI_wrt_ok)
                  2001056e    00000002     --HOLE-- [fill = 0]
                  20010570    00000060                           : hostopen.c.obj (.text:HOSTopen)
                  200105d0    00000060     driverlib.a : prcm.obj (.text:PRCMSysResetCauseGet)
                  20010630    00000060     sysbios.aem4 : BIOS.obj (.text:ti_sysbios_knl_Semaphore_post__E)
                  20010690    00000060                  : BIOS.obj (.text:ti_sysbios_knl_Swi_run__I)
                  200106f0    0000005c     drivers_cc32xx.aem4 : GPIOCC32XX.oem4 (.text:GPIO_setCallback)
                  2001074c    0000005c     rtsv7M4_T_le_eabi.lib : close.c.obj (.text:close)
                  200107a8    0000005c                           : s_frexp.c.obj (.text:frexp)
                  20010804    00000004     release_pem4.oem4 (.text:xdc_runtime_System_Module_GateProxy_leave__E)
                  20010808    0000005c     sysbios.aem4 : BIOS.obj (.text:ti_sysbios_family_arm_m3_Timer_start__E)
                  20010864    00000004     --HOLE-- [fill = 0]
                  20010868    0000005c                  : BIOS.obj (.text:ti_sysbios_knl_Swi_schedule__I)
                  200108c4    00000004     --HOLE-- [fill = 0]
                  200108c8    0000005c                  : BIOS.obj (.text:ti_sysbios_knl_Task_startCore__E)
                  20010924    00000004     --HOLE-- [fill = 0]
                  20010928    0000005c                  : BIOS.obj (.text:xdc_runtime_Startup_exec__E)
                  20010984    00000058     drivers_cc32xx.aem4 : GPIOCC32XX.oem4 (.text:GPIO_write)
                  200109dc    00000058     rtsv7M4_T_le_eabi.lib : hostread.c.obj (.text:HOSTread)
                  20010a34    00000058                           : hostwrite.c.obj (.text:HOSTwrite)
                  20010a8c    00000058     driverlib.a : prcm.obj (.text:PRCMPeripheralReset)
                  20010ae4    00000056     rtsv7M4_T_le_eabi.lib : _printfi.c.obj (.text:_pconv_f)
                  20010b3a    00000054                           : ltoa.c.obj (.text:ltoa)
                  20010b8e    00000002     --HOLE-- [fill = 0]
                  20010b90    00000054     release_pem4.oem4 (.text:ti_sysbios_family_arm_m3_Hwi_create)
                  20010be4    00000004     --HOLE-- [fill = 0]
                  20010be8    00000054     sysbios.aem4 : BIOS.obj (.text:ti_sysbios_family_arm_m3_Timer_setPeriod__E)
                  20010c3c    00000004     --HOLE-- [fill = 0]
                  20010c40    00000054                  : BIOS.obj (.text:xdc_runtime_Core_assignLabel__I)
                  20010c94    00000052     drivers_cc32xx.aem4 : PowerCC32XX_asm.oem4 (.text:PowerCC32XX_resumeLPDS)
                  20010ce6    00000052     rtsv7M4_T_le_eabi.lib : _printfi.c.obj (.text:_ecpy)
                  20010d38    00000050     sysbios.aem4 : BIOS.obj (.text:ti_sysbios_family_arm_m3_Hwi_Module_startup__E)
                  20010d88    00000050     release_pem4.oem4 (.text:ti_sysbios_knl_Task_create)
                  20010dd8    0000004c     drivers_cc32xx.aem4 : GPIOCC32XX.oem4 (.text:GPIO_enableInt)
                  20010e24    0000004c                         : PowerCC32XX.oem4 (.text:PowerCC32XX_parkPin)
                  20010e70    0000004c     rtsv7M4_T_le_eabi.lib : fflush.c.obj (.text:__TI_doflush)
                  20010ebc    0000004c                           : atoi.c.obj (.text:atoi)
                  20010f08    0000004c                           : cpy_tbl.c.obj (.text:copy_in)
                  20010f54    0000004c     drivers_cc32xx.aem4 : PowerCC32XX.oem4 (.text:restorePeriphClocks)
                  20010fa0    0000004c     sysbios.aem4 : BIOS.obj (.text:ti_sysbios_heaps_HeapMem_getStats__E)
                  20010fec    00000004     --HOLE-- [fill = 0]
                  20010ff0    0000004c                  : BIOS.obj (.text:ti_sysbios_knl_Swi_runLoop__I)
                  2001103c    00000004     --HOLE-- [fill = 0]
                  20011040    0000004c                  : BIOS.obj (.text:ti_sysbios_knl_Task_allBlockedFunction__I)
                  2001108c    00000004     --HOLE-- [fill = 0]
                  20011090    0000004c                  : BIOS.obj (.text:ti_sysbios_knl_Task_schedule__I)
                  200110dc    00000048     driverlib.a : flash.obj (.text:FlashDisable)
                  20011124    00000048                 : prcm.obj (.text:PRCMLPDSEnter)
                  2001116c    00000048                 : prcm.obj (.text:PRCMPeripheralClkEnable)
                  200111b4    00000048     rtsv7M4_T_le_eabi.lib : fd_toi_t2.asm.obj (.text)
                  200111fc    00000004     --HOLE-- [fill = 0]
                  20011200    00000048     sysbios.aem4 : BIOS.obj (.text:ti_sysbios_family_arm_m3_Hwi_disableInterrupt__E)
                  20011248    00000048                  : BIOS.obj (.text:ti_sysbios_family_arm_m3_Hwi_enableInterrupt__E)
                  20011290    00000048                  : m3_Hwi_asm_switch.obj (.text:ti_sysbios_family_arm_m3_Hwi_initStacks__E)
                  200112d8    00000048                  : BIOS.obj (.text:ti_sysbios_family_arm_m3_Timer_initDevice__I)
                  20011320    00000048                  : BIOS.obj (.text:ti_sysbios_knl_Mailbox_Module_startup__E)
                  20011368    00000048                  : BIOS.obj (.text:xdc_runtime_Core_assignParams__I)
                  200113b0    00000044     rtsv7M4_T_le_eabi.lib : hostclose.c.obj (.text:HOSTclose)
                  200113f4    00000044                           : hostunlink.c.obj (.text:HOSTunlink)
                  20011438    00000044     driverlib.a : prcm.obj (.text:PRCMLPDSRestoreInfoSet)
                  2001147c    00000044     drivers_cc32xx.aem4 : PowerCC32XX_asm.oem4 (.text:PowerCC32XX_enterLPDS)
                  200114c0    00000044     boot.aem4 : boot.oem4 (.text)
                  20011504    00000044     rtsv7M4_T_le_eabi.lib : getdevice.c.obj (.text:getdevice)
                  20011548    00000044     sysbios.aem4 : BIOS.obj (.text:ti_sysbios_family_arm_m3_Hwi_getStackInfo__E)
                  2001158c    00000004     --HOLE-- [fill = 0]
                  20011590    00000044                  : BIOS.obj (.text:ti_sysbios_knl_Mailbox_postInit__I)
                  200115d4    00000004     --HOLE-- [fill = 0]
                  200115d8    00000044                  : BIOS.obj (.text:ti_sysbios_knl_Swi_post__E)
                  2001161c    00000004     --HOLE-- [fill = 0]
                  20011620    00000044                  : BIOS.obj (.text:xdc_runtime_System_atexit__E)
                  20011664    00000040     dpl_cc32xx.aem4 : HwiP_tirtos.oem4 (.text:HwiP_create)
                  200116a4    00000040     driverlib.a : pin.obj (.text:PinModeSet)
                  200116e4    00000004     --HOLE-- [fill = 0]
                  200116e8    00000040     sysbios.aem4 : BIOS.obj (.text:ti_sysbios_heaps_HeapMem_Instance_init__E)
                  20011728    0000003e     rtsv7M4_T_le_eabi.lib : _printfi.c.obj (.text:_fcpy)
                  20011766    00000002     --HOLE-- [fill = 0]
                  20011768    0000003c     drivers_cc32xx.aem4 : PowerCC32XX.oem4 (.text:Power_setConstraint)
                  200117a4    00000004     --HOLE-- [fill = 0]
                  200117a8    0000003c     sysbios.aem4 : BIOS.obj (.text:ti_sysbios_family_arm_m3_Hwi_Instance_finalize__E)
                  200117e4    00000004     --HOLE-- [fill = 0]
                  200117e8    0000003c                  : BIOS.obj (.text:ti_sysbios_family_arm_m3_Timer_setPeriodMicroSecs__E)
                  20011824    00000004     --HOLE-- [fill = 0]
                  20011828    0000003c                  : BIOS.obj (.text:ti_sysbios_knl_Clock_walkQueuePeriodic__E)
                  20011864    00000004     --HOLE-- [fill = 0]
                  20011868    0000003c                  : BIOS.obj (.text:ti_sysbios_knl_Swi_restore__E)
                  200118a4    00000004     --HOLE-- [fill = 0]
                  200118a8    0000003c                  : BIOS.obj (.text:usleep)
                  200118e4    00000004     --HOLE-- [fill = 0]
                  200118e8    0000003c                  : BIOS.obj (.text:xdc_runtime_System_processAtExit__E)
                  20011924    0000003a     dpl_cc32xx.aem4 : PowerCC32XX_tirtos.oem4 (.text:getCountsRTC)
                  2001195e    00000002     --HOLE-- [fill = 0]
                  20011960    00000038     drivers_cc32xx.aem4 : GPIOCC32XX.oem4 (.text:GPIO_read)
                  20011998    00000038     driverlib.a : prcm.obj (.text:PRCMLPDSEnterKeepDebugIf)
                  200119d0    00000038     rtsv7M4_T_le_eabi.lib : trgmsg.c.obj (.text:__TI_writemsg)
                  20011a08    00000038     drivers_cc32xx.aem4 : PowerCC32XX.oem4 (.text:notify)
                  20011a40    00000038     sysbios.aem4 : BIOS.obj (.text:ti_sysbios_knl_Task_processVitalTaskFlag__I)
                  20011a78    00000036     rtsv7M4_T_le_eabi.lib : strncpy.c.obj (.text:strncpy)
                  20011aae    00000002     --HOLE-- [fill = 0]
                  20011ab0    00000034     driverlib.a : pin.obj (.text:PinModeGet)
                  20011ae4    00000034     rtsv7M4_T_le_eabi.lib : fopen.c.obj (.text:__TI_cleanup)
                  20011b18    00000034                           : trgmsg.c.obj (.text:__TI_readmsg)
                  20011b4c    00000004     --HOLE-- [fill = 0]
                  20011b50    00000034     sysbios.aem4 : BIOS.obj (.text:_pthread_delete$41)
                  20011b84    00000004     --HOLE-- [fill = 0]
                  20011b88    00000034                  : BIOS.obj (.text:ti_sysbios_family_arm_m3_Timer_periodicStub__I)
                  20011bbc    00000034     release_pem4.oem4 (.text:ti_sysbios_knl_Semaphore_create)
                  20011bf0    00000032     sysbios.aem4 : BIOS.obj (.text:ti_sysbios_hal_Hwi_initStack)
                  20011c22    00000030     drivers_cc32xx.aem4 : PowerCC32XX.oem4 (.text:PowerCC32XX_restoreParkedPin)
                  20011c52    00000002     --HOLE-- [fill = 0]
                  20011c54    00000030     rtsv7M4_T_le_eabi.lib : getdevice.c.obj (.text:finddevice)
                  20011c84    00000030     release_pem4.oem4 (.text:ti_sysbios_BIOS_atExitFunc__I)
                  20011cb4    00000030     release_pem4.oem4 (.text:ti_sysbios_BIOS_startFunc__I)
                  20011ce4    00000030     release_pem4.oem4 (.text:ti_sysbios_gates_GateHwi_Object__create__S)
                  20011d14    00000030     release_pem4.oem4 (.text:ti_sysbios_gates_GateMutex_Object__create__S)
                  20011d44    00000004     --HOLE-- [fill = 0]
                  20011d48    00000030     sysbios.aem4 : BIOS.obj (.text:ti_sysbios_gates_GateMutex_enter__E)
                  20011d78    00000030     release_pem4.oem4 (.text:ti_sysbios_heaps_HeapMem_Object__create__S)
                  20011da8    00000030     release_pem4.oem4 (.text:ti_sysbios_knl_Semaphore_construct)
                  20011dd8    00000030     sysbios.aem4 : BIOS.obj (.text:ti_sysbios_knl_Semaphore_pendTimeout__I)
                  20011e08    00000030                  : BIOS.obj (.text:ti_sysbios_knl_Task_restore__E)
                  20011e38    00000030                  : BIOS.obj (.text:ti_sysbios_knl_Task_unblockI__E)
                  20011e68    0000002e     rtsv7M4_T_le_eabi.lib : i_tofd_t2.asm.obj (.text)
                  20011e96    0000002e     release_pem4.oem4 (.text:ti_sysbios_rts_MemAlloc_alloc)
                  20011ec4    0000002c     dpl_cc32xx.aem4 : SemaphoreP_tirtos.oem4 (.text:SemaphoreP_createBinary)
                  20011ef0    0000002c     sysbios.aem4 : BIOS.obj (.text:_pthread_cleanupFxn)
                  20011f1c    0000002c     lcd.obj (.text:lcd_character)
                  20011f48    0000002c     lcd.obj (.text:lcd_command)
                  20011f74    0000002c     lcd.obj (.text:lcd_string)
                  20011fa0    0000002c     release_pem4.oem4 (.text:ti_sysbios_knl_Clock_doTick__I)
                  20011fcc    0000002c     release_pem4.oem4 (.text:ti_sysbios_knl_Queue_construct)
                  20011ff8    0000002c     rtsv7M4_T_le_eabi.lib : unlink.c.obj (.text:unlink)
                  20012024    00000028     driverlib.a : prcm.obj (.text:PRCMPeripheralClkDisable)
                  2001204c    00000028     dpl_cc32xx.aem4 : PowerCC32XX_tirtos.oem4 (.text:PowerCC32XX_initPolicy)
                  20012074    00000028     drivers_cc32xx.aem4 : PowerCC32XX.oem4 (.text:Power_registerNotify)
                  2001209c    00000028     rtsv7M4_T_le_eabi.lib : lseek.c.obj (.text:lseek)
                  200120c4    00000028     sysbios.aem4 : m3_Hwi_asm.obj (.text:ti_sysbios_family_arm_m3_Hwi_excHandlerAsm__I)
                  200120ec    00000004     --HOLE-- [fill = 0]
                  200120f0    00000028                  : BIOS.obj (.text:ti_sysbios_knl_Clock_addI__E)
                  20012118    00000028                  : BIOS.obj (.text:ti_sysbios_knl_Swi_Module_startup__E)
                  20012140    00000028     rtsv7M4_T_le_eabi.lib : write.c.obj (.text:write)
                  20012168    00000026     drivers_cc32xx.aem4 : List.oem4 (.text:List_put)
                  2001218e    00000002     --HOLE-- [fill = 0]
                  20012190    00000024     sysbios.aem4 : BIOS.obj (.text:pthread_attr_init)
                  200121b4    00000024     release_pem4.oem4 (.text:ti_sysbios_BIOS_registerRTSLock__I)
                  200121d8    00000024     release_pem4.oem4 (.text:ti_sysbios_BIOS_removeRTSLock__I)
                  200121fc    00000004     --HOLE-- [fill = 0]
                  20012200    00000024     sysbios.aem4 : BIOS.obj (.text:ti_sysbios_family_arm_m3_Timer_postInit__I)
                  20012224    00000004     --HOLE-- [fill = 0]
                  20012228    00000024                  : BIOS.obj (.text:ti_sysbios_family_arm_m3_Timer_startup__E)
                  2001224c    00000024     release_pem4.oem4 (.text:ti_sysbios_gates_GateMutex_Object__delete__S)
                  20012270    00000024     sysbios.aem4 : BIOS.obj (.text:ti_sysbios_knl_Clock_Module_startup__E)
                  20012294    00000004     --HOLE-- [fill = 0]
                  20012298    00000024                  : BIOS.obj (.text:ti_sysbios_knl_Semaphore_Instance_init__E)
                  200122bc    00000024     release_pem4.oem4 (.text:ti_sysbios_knl_Semaphore_Object__delete__S)
                  200122e0    00000024     sysbios.aem4 : BIOS.obj (.text:ti_sysbios_knl_Task_restoreHwi__E)
                  20012304    00000004     --HOLE-- [fill = 0]
                  20012308    00000024                  : BIOS.obj (.text:xdc_runtime_Error_policyMin__E)
                  2001232c    00000020     rtsv7M4_T_le_eabi.lib : memchr.c.obj (.text:memchr)
                  2001234c    00000020     release_pem4.oem4 (.text:ti_sysbios_BIOS_rtsLock__I)
                  2001236c    00000020     release_pem4.oem4 (.text:ti_sysbios_gates_GateHwi_Object__delete__S)
                  2001238c    00000020     release_pem4.oem4 (.text:ti_sysbios_heaps_HeapMem_Object__delete__S)
                  200123ac    00000004     --HOLE-- [fill = 0]
                  200123b0    00000020     sysbios.aem4 : BIOS.obj (.text:ti_sysbios_knl_Idle_run__E)
                  200123d0    00000020     release_pem4.oem4 (.text:ti_sysbios_knl_Semaphore_destruct)
                  200123f0    00000020     release_pem4.oem4 (.text:ti_sysbios_knl_Task_Object__delete__S)
                  20012410    0000001e     sysbios.aem4 : m3_Hwi_asm_switch.obj (.text:ti_sysbios_family_xxx_Hwi_switchAndRunFunc)
                  2001242e    00000002     --HOLE-- [fill = 0]
                  20012430    0000001c     driverlib.a : pin.obj (.text:PinToPadGet)
                  2001244c    0000001c     rtsv7M4_T_le_eabi.lib : memccpy.c.obj (.text:memccpy)
                  20012468    0000001c     sysbios.aem4 : BIOS.obj (.text:ti_sysbios_family_arm_m3_Hwi_excHandler__I)
                  20012484    00000004     --HOLE-- [fill = 0]
                  20012488    0000001c                  : BIOS.obj (.text:ti_sysbios_family_arm_m3_Timer_Module_startup__E)
                  200124a4    00000004     --HOLE-- [fill = 0]
                  200124a8    0000001c                  : BIOS.obj (.text:ti_sysbios_family_arm_m3_Timer_stop__E)
                  200124c4    00000004     --HOLE-- [fill = 0]
                  200124c8    0000001c                  : BIOS.obj (.text:ti_sysbios_gates_GateMutex_Instance_init__E)
                  200124e4    0000001c     release_pem4.oem4 (.text:ti_sysbios_knl_Queue_destruct)
                  20012500    0000001c     sysbios.aem4 : BIOS.obj (.text:ti_sysbios_knl_Queue_put__E)
                  2001251c    00000004     --HOLE-- [fill = 0]
                  20012520    0000001c                  : BIOS.obj (.text:ti_sysbios_knl_Task_enter__I)
                  2001253c    00000004     --HOLE-- [fill = 0]
                  20012540    0000001c                  : BIOS.obj (.text:ti_sysbios_rts_ti_ReentSupport_getReent__F)
                  2001255c    0000001a     release_pem4.oem4 (.text:free)
                  20012576    0000001a     sysbios.aem4 : m3_Hwi_asm.obj (.text:ti_sysbios_family_arm_m3_Hwi_pendSV__I)
                  20012590    00000018     drivers_cc32xx.aem4 : PowerCC32XX.oem4 (.text:Power_idleFunc)
                  200125a8    00000018     rtsv7M4_T_le_eabi.lib : args_main.c.obj (.text:_args_main)
                  200125c0    00000018                           : ll_mul_t2.asm.obj (.text)
                  200125d8    00000018                           : strcmp.c.obj (.text:strcmp)
                  200125f0    00000018     release_pem4.oem4 (.text:ti_sysbios_BIOS_rtsUnlock__I)
                  20012608    00000018     release_pem4.oem4 (.text:ti_sysbios_family_arm_m3_Hwi_Module__startupDone__F)
                  20012620    00000018     release_pem4.oem4 (.text:ti_sysbios_family_arm_m3_Timer_Module__startupDone__F)
                  20012638    00000018     release_pem4.oem4 (.text:ti_sysbios_gates_GateHwi_Handle__label__S)
                  20012650    00000018     release_pem4.oem4 (.text:ti_sysbios_gates_GateMutex_Handle__label__S)
                  20012668    00000018     sysbios.aem4 : BIOS.obj (.text:ti_sysbios_gates_GateMutex_leave__E)
                  20012680    00000018     release_pem4.oem4 (.text:ti_sysbios_heaps_HeapMem_Handle__label__S)
                  20012698    00000018     sysbios.aem4 : BIOS.obj (.text:ti_sysbios_knl_Task_sleepTimeout__I)
                  200126b0    00000018     release_pem4.oem4 (.text:ti_sysbios_rts_ti_ReentSupport_getTlsAddr__I)
                  200126c8    00000018     sysbios.aem4 : BIOS.obj (.text:xdc_runtime_Error_init__E)
                  200126e0    00000018                  : BIOS.obj (.text:xdc_runtime_System_exit__E)
                  200126f8    00000016     driverlib.a : prcm.obj (.text:PRCMHIBRegRead)
                  2001270e    00000016                 : prcm.obj (.text:PRCMHIBRegWrite)
                  20012724    00000016     rtsv7M4_T_le_eabi.lib : strchr.c.obj (.text:strchr)
                  2001273a    00000016     release_pem4.oem4 (.text:ti_sysbios_BIOS_exitFunc__I)
                  20012750    00000014     drivers_cc32xx.aem4 : PowerCC32XX.oem4 (.text:Power_getDependencyCount)
                  20012764    00000004     --HOLE-- [fill = 0]
                  20012768    00000014     sysbios.aem4 : BIOS.obj (.text:pthread_attr_setschedparam)
                  2001277c    00000014     rtsv7M4_T_le_eabi.lib : strcpy.c.obj (.text:strcpy)
                  20012790    00000014                           : strlen.c.obj (.text:strlen)
                  200127a4    00000014     release_pem4.oem4 (.text:ti_sysbios_family_arm_m3_Hwi_Object__get__S)
                  200127b8    00000014     sysbios.aem4 : BIOS.obj (.text:ti_sysbios_family_arm_m3_Hwi_switchFromBootStack__E)
                  200127cc    00000014                  : m3_TaskSupport_asm.obj (.text:ti_sysbios_family_arm_m3_TaskSupport_swap__E)
                  200127e0    00000014     release_pem4.oem4 (.text:ti_sysbios_heaps_HeapMem_Object__get__S)
                  200127f4    00000004     --HOLE-- [fill = 0]
                  200127f8    00000014     sysbios.aem4 : BIOS.obj (.text:ti_sysbios_knl_Clock_tickReconfig__E)
                  2001280c    00000014     release_pem4.oem4 (.text:ti_sysbios_knl_Swi_Object__get__S)
                  20012820    00000012     dpl_cc32xx.aem4 : SemaphoreP_tirtos.oem4 (.text:SemaphoreP_pend)
                  20012832    00000006     driverlib.a : utils.obj (.text:UtilsDelay)
                  20012838    00000012     sysbios.aem4 : BIOS.obj (.text:_pthread_runStub$41)
                  2001284a    00000006     --HOLE-- [fill = 0]
                  20012850    00000012                  : BIOS.obj (.text:ti_sysbios_hal_Hwi_Module_startup__E)
                  20012862    00000012     rtsv7M4_T_le_eabi.lib : wcslen.c.obj (.text:wcslen)
                  20012874    00000012     release_pem4.oem4 (.text:xdc_runtime_Startup_exec__I)
                  20012886    00000010     dpl_cc32xx.aem4 : HwiP_tirtos.oem4 (.text:HwiP_Params_init)
                  20012896    00000002     --HOLE-- [fill = 0]
                  20012898    00000010     sysbios.aem4 : BIOS.obj (.text:ti_sysbios_BIOS_setThreadType__E)
                  200128a8    00000010                  : BIOS.obj (.text:ti_sysbios_BIOS_start__E)
                  200128b8    00000010                  : m3_TaskSupport_asm.obj (.text:ti_sysbios_family_arm_m3_TaskSupport_glue)
                  200128c8    00000010                  : BIOS.obj (.text:ti_sysbios_gates_GateMutex_Instance_finalize__E)
                  200128d8    00000010     release_pem4.oem4 (.text:ti_sysbios_knl_Mailbox_Object__get__S)
                  200128e8    00000010     sysbios.aem4 : BIOS.obj (.text:ti_sysbios_knl_Semaphore_Instance_finalize__E)
                  200128f8    00000010                  : BIOS.obj (.text:ti_sysbios_knl_Swi_disable__E)
                  20012908    00000010     release_pem4.oem4 (.text:ti_sysbios_knl_Task_Object__get__S)
                  20012918    00000010     sysbios.aem4 : BIOS.obj (.text:ti_sysbios_knl_Task_disable__E)
                  20012928    00000010                  : BIOS.obj (.text:xdc_runtime_Memory_free__E)
                  20012938    00000010                  : BIOS.obj (.text:xdc_runtime_SysCallback_abort__E)
                  20012948    00000010                  : BIOS.obj (.text:xdc_runtime_SysCallback_exit__E)
                  20012958    0000000e     rtsv7M4_T_le_eabi.lib : copy_decompress_none.c.obj (.text:decompress:none:__TI_decompress_none)
                  20012966    00000002     --HOLE-- [fill = 0]
                  20012968    0000000e     sysbios.aem4 : BIOS.obj (.text:pthread_attr_setdetachstate)
                  20012976    00000002     --HOLE-- [fill = 0]
                  20012978    0000000e                  : BIOS.obj (.text:ti_sysbios_knl_Idle_loop__E)
                  20012986    00000002     --HOLE-- [fill = 0]
                  20012988    0000000e                  : BIOS.obj (.text:ti_sysbios_knl_Queue_empty__E)
                  20012996    0000000c     CC3220S_LAUNCHXL.obj (.text:CC3220S_LAUNCHXL_initGeneral)
                  200129a2    00000002     --HOLE-- [fill = 0]
                  200129a4    0000000c     drivers_cc32xx.aem4 : PowerCC32XX.oem4 (.text:Power_getConstraintMask)
                  200129b0    0000000c     dpl_cc32xx.aem4 : SemaphoreP_tirtos.oem4 (.text:SemaphoreP_delete)
                  200129bc    0000000c     rtsv7M4_T_le_eabi.lib : _lock.c.obj (.text:_register_lock)
                  200129c8    0000000c                           : _lock.c.obj (.text:_register_unlock)
                  200129d4    0000000c                           : s_copysign.c.obj (.text:copysign)
                  200129e0    0000000c                           : copy_zero_init.c.obj (.text:decompress:ZI:__TI_zero_init)
                  200129ec    0000000c     Lab4.obj (.text:mainThread)
                  200129f8    0000000c     release_pem4.oem4 (.text:ti_sysbios_family_arm_m3_Hwi_Params__init__S)
                  20012a04    00000004     --HOLE-- [fill = 0]
                  20012a08    0000000c     sysbios.aem4 : BIOS.obj (.text:ti_sysbios_family_arm_m3_Hwi_disableFxn__E)
                  20012a14    00000004     --HOLE-- [fill = 0]
                  20012a18    0000000c                  : BIOS.obj (.text:ti_sysbios_family_arm_m3_TaskSupport_getStackAlignment__E)
                  20012a24    00000004     --HOLE-- [fill = 0]
                  20012a28    0000000c                  : BIOS.obj (.text:ti_sysbios_gates_GateHwi_enter__E)
                  20012a34    00000004     --HOLE-- [fill = 0]
                  20012a38    0000000c                  : BIOS.obj (.text:ti_sysbios_knl_Clock_getTicks__E)
                  20012a44    00000004     --HOLE-- [fill = 0]
                  20012a48    0000000c                  : BIOS.obj (.text:ti_sysbios_knl_Clock_setTicks__E)
                  20012a54    00000004     --HOLE-- [fill = 0]
                  20012a58    0000000c                  : BIOS.obj (.text:ti_sysbios_knl_Clock_tickStart__E)
                  20012a64    00000004     --HOLE-- [fill = 0]
                  20012a68    0000000c                  : BIOS.obj (.text:ti_sysbios_knl_Clock_tickStop__E)
                  20012a74    0000000c     release_pem4.oem4 (.text:ti_sysbios_knl_Queue_Object__get__S)
                  20012a80    0000000c     release_pem4.oem4 (.text:ti_sysbios_knl_Semaphore_Params__init__S)
                  20012a8c    0000000c     release_pem4.oem4 (.text:ti_sysbios_knl_Task_Params__init__S)
                  20012a98    0000000c     sysbios.aem4 : BIOS.obj (.text:ti_sysbios_knl_Task_self__E)
                  20012aa4    00000004     --HOLE-- [fill = 0]
                  20012aa8    0000000c                  : BIOS.obj (.text:ti_sysbios_rts_ti_ReentSupport_taskRegHook__I)
                  20012ab4    00000004     --HOLE-- [fill = 0]
                  20012ab8    0000000c                  : BIOS.obj (.text:xdc_runtime_Startup_rtsDone__E)
                  20012ac4    0000000a     release_pem4.oem4 (.text:xdc_runtime_IHeap_alloc)
                  20012ace    0000000a     release_pem4.oem4 (.text:xdc_runtime_IHeap_free)
                  20012ad8    00000008     CC3220S_LAUNCHXL.obj (.text:Board_init)
                  20012ae0    00000008     sysbios.aem4 : BIOS.obj (.text:pthread_attr_setstacksize)
                  20012ae8    00000008                  : BIOS.obj (.text:ti_sysbios_family_arm_m3_Hwi_doSwiRestore__I)
                  20012af0    00000008                  : BIOS.obj (.text:ti_sysbios_family_arm_m3_Hwi_startup__E)
                  20012af8    00000006                  : BIOS.obj (.text:ti_sysbios_family_arm_m3_Hwi_doTaskRestore__I)
                  20012afe    00000002     --HOLE-- [fill = 0]
                  20012b00    00000006                  : BIOS.obj (.text:ti_sysbios_family_arm_m3_Hwi_restoreFxn__E)
                  20012b06    00000002     --HOLE-- [fill = 0]
                  20012b08    00000006                  : BIOS.obj (.text:ti_sysbios_gates_GateHwi_leave__E)
                  20012b0e    00000002     --HOLE-- [fill = 0]
                  20012b10    00000006                  : BIOS.obj (.text:ti_sysbios_heaps_HeapMem_isBlocking__E)
                  20012b16    00000002     --HOLE-- [fill = 0]
                  20012b18    00000006                  : BIOS.obj (.text:ti_sysbios_knl_Queue_Instance_init__E)
                  20012b1e    00000002     --HOLE-- [fill = 0]
                  20012b20    00000006                  : BIOS.obj (.text:ti_sysbios_knl_Swi_startup__E)
                  20012b26    00000002     --HOLE-- [fill = 0]
                  20012b28    00000006                  : BIOS.obj (.text:xdc_runtime_System_Module_startup__E)
                  20012b2e    00000002     --HOLE-- [fill = 0]
                  20012b30    00000004                  : BIOS.obj (.text:__aeabi_errno_addr)
                  20012b34    00000004     --HOLE-- [fill = 0]
                  20012b38    00000004                  : BIOS.obj (.text:ti_sysbios_family_arm_m3_Timer_getMaxTicks__E)
                  20012b3c    00000004     --HOLE-- [fill = 0]
                  20012b40    00000004                  : BIOS.obj (.text:ti_sysbios_gates_GateHwi_query__E)
                  20012b44    00000004     --HOLE-- [fill = 0]
                  20012b48    00000004                  : BIOS.obj (.text:ti_sysbios_gates_GateMutex_query__E)
                  20012b4c    00000004     --HOLE-- [fill = 0]
                  20012b50    00000004                  : BIOS.obj (.text:ti_sysbios_knl_Task_startup__E)
                  20012b54    00000004     --HOLE-- [fill = 0]
                  20012b58    00000002                  : BIOS.obj (.text:ti_sysbios_BIOS_linkedWithIncorrectBootLibrary__E)
                  20012b5a    00000006     --HOLE-- [fill = 0]
                  20012b60    00000002                  : BIOS.obj (.text:ti_sysbios_gates_GateHwi_Instance_init__E)
                  20012b62    00000006     --HOLE-- [fill = 0]
                  20012b68    00000002                  : BIOS.obj (.text:ti_sysbios_knl_Clock_logTick__E)
                  20012b6a    00000006     --HOLE-- [fill = 0]
                  20012b70    00000002                  : BIOS.obj (.text:xdc_runtime_SysCallback_defaultAbort)
                  20012b72    00000006     --HOLE-- [fill = 0]
                  20012b78    00000002                  : BIOS.obj (.text:xdc_runtime_SysCallback_defaultExit)
                  20012b7a    00000006     --HOLE-- [fill = 0]
                  20012b80    00000002                  : BIOS.obj (.text:xdc_runtime_System_abortSpin__E)
                  20012b82    00000006     --HOLE-- [fill = 0]
                  20012b88    00000002                  : BIOS.obj (.text:xdc_runtime_System_exitSpin__E)

.bss       0    200134a0    00000842     UNINITIALIZED
                  200134a0    0000030c     (.common:ti_sysbios_family_arm_m3_Hwi_dispatchTable)
                  200137ac    00000004     drivers_cc32xx.aem4 : GPIOCC32XX.oem4 (.bss)
                  200137b0    00000200     release_pem4.oem4 (.bss:taskStackSection)
                  200139b0    0000012c     (.common:PowerCC32XX_contextSave)
                  20013adc    00000120     rtsv7M4_T_le_eabi.lib : trgmsg.c.obj (.bss:_CIOBUF_)
                  20013bfc    000000a0     (.common:__TI_tmpnams)
                  20013c9c    00000020     drivers_cc32xx.aem4 : GPIOCC32XX.oem4 (.bss:gpioCallbackInfo)
                  20013cbc    00000014                         : GPIOCC32XX.oem4 (.bss:powerNotifyObj)
                  20013cd0    00000008     (.common:parmbuf)
                  20013cd8    00000004     (.common:ti_sysbios_knl_Task_Instance_State_0_hookEnv__A)
                  20013cdc    00000001     (.common:D4)
                  20013cdd    00000001     (.common:D5)
                  20013cde    00000001     (.common:D6)
                  20013cdf    00000001     (.common:D7)
                  20013ce0    00000001     (.common:E)
                  20013ce1    00000001     (.common:Rs)

.data      0    20012b8c    00000910     UNINITIALIZED
                  20012b8c    0000016c     drivers_cc32xx.aem4 : PowerCC32XX.oem4 (.data:PowerCC32XX_module)
                  20012cf8    000000f8     CC3220S_LAUNCHXL.obj (.data:parkInfo)
                  20012df0    000000f0     rtsv7M4_T_le_eabi.lib : defs.c.obj (.data:_ftable)
                  20012ee0    00000088     sysbios.aem4 : BIOS.obj (.data:$O1$$)
                  20012f68    00000080     release_pem4.oem4 (.data:ti_sysbios_knl_Swi_Module_State_0_readyQ__A)
                  20012fe8    00000080     release_pem4.oem4 (.data:ti_sysbios_knl_Task_Module_State_0_readyQ__A)
                  20013068    00000078     rtsv7M4_T_le_eabi.lib : host_device.c.obj (.data:_device)
                  200130e0    0000005c     release_pem4.oem4 (.data:ti_sysbios_knl_Task_Object__table__V)
                  2001313c    00000054     release_pem4.oem4 (.data:ti_sysbios_gates_GateMutex_Object__table__V)
                  20013190    00000050     rtsv7M4_T_le_eabi.lib : host_device.c.obj (.data:_stream)
                  200131e0    00000050     CC3220S_LAUNCHXL.obj (.data:gpioPinConfigs)
                  20013230    00000048     release_pem4.oem4 (.data:ti_sysbios_knl_Task_Module__state__V)
                  20013278    00000034     release_pem4.oem4 (.data:ti_sysbios_family_arm_m3_Hwi_Module__state__V)
                  200132ac    00000030     release_pem4.oem4 (.data:ti_sysbios_family_arm_m3_Timer_Object__table__V)
                  200132dc    00000030     release_pem4.oem4 (.data:ti_sysbios_knl_Swi_Object__table__V)
                  2001330c    0000002c     release_pem4.oem4 (.data:ti_sysbios_knl_Clock_Module__state__V)
                  20013338    00000024     release_pem4.oem4 (.data:ti_sysbios_BIOS_Module__state__V)
                  2001335c    00000020     release_pem4.oem4 (.data:xdc_runtime_Error_IgnoreBlock)
                  2001337c    0000001c     Lab4.obj (.data)
                  20013398    0000001c     release_pem4.oem4 (.data:ti_sysbios_knl_Swi_Module__state__V)
                  200133b4    00000018     release_pem4.oem4 (.data:ti_sysbios_family_arm_m3_Hwi_Object__table__V)
                  200133cc    00000018     release_pem4.oem4 (.data:ti_sysbios_heaps_HeapMem_Object__table__V)
                  200133e4    00000010     CC3220S_LAUNCHXL.obj (.data:gpioCallbackFunctions)
                  200133f4    00000010     rtsv7M4_T_le_eabi.lib : defs.c.obj (.data)
                  20013404    0000000c                           : exit.c.obj (.data:$O1$$)
                  20013410    0000000c     release_pem4.oem4 (.data:ti_sysbios_family_arm_m3_Timer_Module__state__V)
                  2001341c    00000009     drivers_cc32xx.aem4 : GPIOCC32XX.oem4 (.data)
                  20013425    00000001     --HOLE--
                  20013426    00000002     release_pem4.oem4 (.data:ti_sysbios_family_arm_m3_Hwi_Module_State_0_excActive__A)
                  20013428    00000008     rtsv7M4_T_le_eabi.lib : _lock.c.obj (.data:$O1$$)
                  20013430    00000008     release_pem4.oem4 (.data:ti_sysbios_family_arm_m3_Hwi_Module__root__V)
                  20013438    00000008     release_pem4.oem4 (.data:ti_sysbios_gates_GateHwi_Module__root__V)
                  20013440    00000008     release_pem4.oem4 (.data:ti_sysbios_gates_GateMutex_Module__root__V)
                  20013448    00000008     release_pem4.oem4 (.data:ti_sysbios_heaps_HeapMem_Module__root__V)
                  20013450    00000008     release_pem4.oem4 (.data:ti_sysbios_knl_Queue_Module__root__V)
                  20013458    00000008     release_pem4.oem4 (.data:ti_sysbios_knl_Semaphore_Module__root__V)
                  20013460    00000008     release_pem4.oem4 (.data:ti_sysbios_knl_Task_Module__root__V)
                  20013468    00000008     release_pem4.oem4 (.data:xdc_runtime_Startup_Module__state__V)
                  20013470    00000008     release_pem4.oem4 (.data:xdc_runtime_System_Module_State_0_atexitHandlers__A)
                  20013478    00000008     release_pem4.oem4 (.data:xdc_runtime_System_Module__state__V)
                  20013480    00000004     rtsv7M4_T_le_eabi.lib : stkdepth_vars.c.obj (.data)
                  20013484    00000004     release_pem4.oem4 (.data:ti_sysbios_family_arm_m3_Hwi_Module_State_0_excContext__A)
                  20013488    00000004     release_pem4.oem4 (.data:ti_sysbios_family_arm_m3_Hwi_Module_State_0_excStack__A)
                  2001348c    00000004     release_pem4.oem4 (.data:ti_sysbios_gates_GateHwi_Object__table__V)
                  20013490    00000004     release_pem4.oem4 (.data:ti_sysbios_knl_Task_Module_State_0_idleTask__A)
                  20013494    00000004     release_pem4.oem4 (.data:ti_sysbios_rts_ti_ReentSupport_Module__state__V)
                  20013498    00000004     release_pem4.oem4 (.data:xdc_runtime_Memory_Module__state__V)

.const     0    20013ce4    00000780     
                  20013ce4    00000101     rtsv7M4_T_le_eabi.lib : ctype.c.obj (.const:.string:_ctypes_)
                  20013de5    00000001     release_pem4.oem4 (.const:ti_sysbios_knl_Clock_tickMode__C)
                  20013de6    00000002     release_pem4.oem4 (.const:ti_sysbios_family_arm_m3_Hwi_Module__id__C)
                  20013de8    00000100     driverlib.a : pin.obj (.const:g_ulPinToPadMap)
                  20013ee8    000000a8                 : prcm.obj (.const:PRCM_PeriphRegsList)
                  20013f90    00000058     release_pem4.oem4 (.const:.string)
                  20013fe8    00000044     release_pem4.oem4 (.const:ti_sysbios_knl_Task_Object__PARAMS__C)
                  2001402c    00000040     CC3220S_LAUNCHXL.obj (.const:PowerCC32XX_config)
                  2001406c    00000030     release_pem4.oem4 (.const:ti_sysbios_family_arm_m3_Hwi_Object__PARAMS__C)
                  2001409c    00000028     release_pem4.oem4 (.const:ti_sysbios_heaps_HeapMem_Module__FXNS__C)
                  200140c4    00000024     release_pem4.oem4 (.const:ti_sysbios_gates_GateHwi_Module__FXNS__C)
                  200140e8    00000024     release_pem4.oem4 (.const:ti_sysbios_gates_GateMutex_Module__FXNS__C)
                  2001410c    00000024     release_pem4.oem4 (.const:ti_sysbios_heaps_HeapMem_Object__PARAMS__C)
                  20014130    00000024     release_pem4.oem4 (.const:ti_sysbios_knl_Semaphore_Object__PARAMS__C)
                  20014154    00000021     drivers_cc32xx.aem4 : GPIOCC32XX.oem4 (.const:.string:pinTable)
                  20014175    00000001     release_pem4.oem4 (.const:ti_sysbios_knl_Clock_tickSource__C)
                  20014176    00000002     release_pem4.oem4 (.const:ti_sysbios_family_arm_m3_Timer_Module__id__C)
                  20014178    00000020     release_pem4.oem4 (.const:ti_sysbios_family_arm_m3_Hwi_Object__DESC__C)
                  20014198    00000020     release_pem4.oem4 (.const:ti_sysbios_gates_GateHwi_Object__DESC__C)
                  200141b8    00000020     release_pem4.oem4 (.const:ti_sysbios_gates_GateMutex_Object__DESC__C)
                  200141d8    00000020     release_pem4.oem4 (.const:ti_sysbios_heaps_HeapMem_Object__DESC__C)
                  200141f8    00000020     release_pem4.oem4 (.const:ti_sysbios_knl_Queue_Object__DESC__C)
                  20014218    00000020     release_pem4.oem4 (.const:ti_sysbios_knl_Semaphore_Object__DESC__C)
                  20014238    00000020     release_pem4.oem4 (.const:ti_sysbios_knl_Task_Object__DESC__C)
                  20014258    00000020     release_pem4.oem4 (.const:xdc_runtime_Startup_sfxnTab__A)
                  20014278    00000018     release_pem4.oem4 (.const:ti_sysbios_gates_GateHwi_Object__PARAMS__C)
                  20014290    00000018     release_pem4.oem4 (.const:ti_sysbios_gates_GateMutex_Object__PARAMS__C)
                  200142a8    00000018     release_pem4.oem4 (.const:ti_sysbios_knl_Queue_Object__PARAMS__C)
                  200142c0    00000018     release_pem4.oem4 (.const:ti_sysbios_knl_Task_hooks__A)
                  200142d8    00000014     CC3220S_LAUNCHXL.obj (.const:GPIOCC32XX_config)
                  200142ec    00000014     drivers_cc32xx.aem4 : GPIOCC32XX.oem4 (.const:gpioBaseAddresses)
                  20014300    00000014                         : GPIOCC32XX.oem4 (.const:powerResources)
                  20014314    00000010     Lab4.obj (.const:.string:$P$T2$3)
                  20014324    00000010     release_pem4.oem4 (.const:xdc_runtime_Startup_sfxnRts__A)
                  20014334    0000000c     release_pem4.oem4 (.const:xdc_runtime_Startup_firstFxns__A)
                  20014340    00000008     drivers_cc32xx.aem4 : GPIOCC32XX.oem4 (.const:outPinTypes)
                  20014348    00000008     release_pem4.oem4 (.const:ti_sysbios_knl_Idle_funcList__A)
                  20014350    00000008     release_pem4.oem4 (.const:ti_sysbios_knl_Idle_funcList__C)
                  20014358    00000008     release_pem4.oem4 (.const:ti_sysbios_knl_Task_hooks__C)
                  20014360    00000008     release_pem4.oem4 (.const:xdc_runtime_Startup_firstFxns__C)
                  20014368    00000008     release_pem4.oem4 (.const:xdc_runtime_Startup_lastFxns__C)
                  20014370    00000006     drivers_cc32xx.aem4 : GPIOCC32XX.oem4 (.const:.string:interruptType)
                  20014376    00000006                         : GPIOCC32XX.oem4 (.const:inPinTypes)
                  2001437c    00000006                         : GPIOCC32XX.oem4 (.const:outPinStrengths)
                  20014382    00000004                         : GPIOCC32XX.oem4 (.const:.string:portInterruptIds)
                  20014386    00000002     release_pem4.oem4 (.const:ti_sysbios_heaps_HeapMem_Module__id__C)
                  20014388    00000004     release_pem4.oem4 (.const:ti_sysbios_family_arm_m3_Hwi_E_alreadyDefined__C)
                  2001438c    00000004     release_pem4.oem4 (.const:ti_sysbios_family_arm_m3_Hwi_NUM_INTERRUPTS__C)
                  20014390    00000004     release_pem4.oem4 (.const:ti_sysbios_family_arm_m3_Hwi_Object__count__C)
                  20014394    00000004     release_pem4.oem4 (.const:ti_sysbios_family_arm_m3_Hwi_ccr__C)
                  20014398    00000004     release_pem4.oem4 (.const:ti_sysbios_family_arm_m3_Hwi_excHandlerFunc__C)
                  2001439c    00000004     release_pem4.oem4 (.const:ti_sysbios_family_arm_m3_Hwi_nullIsrFunc__C)
                  200143a0    00000004     release_pem4.oem4 (.const:ti_sysbios_family_arm_m3_Hwi_priGroup__C)
                  200143a4    00000004     release_pem4.oem4 (.const:ti_sysbios_family_arm_m3_Hwi_swiDisable__C)
                  200143a8    00000004     release_pem4.oem4 (.const:ti_sysbios_family_arm_m3_Hwi_swiRestore__C)
                  200143ac    00000004     release_pem4.oem4 (.const:ti_sysbios_family_arm_m3_TaskSupport_stackAlignment__C)
                  200143b0    00000004     release_pem4.oem4 (.const:ti_sysbios_family_arm_m3_Timer_E_cannotSupport__C)
                  200143b4    00000004     release_pem4.oem4 (.const:ti_sysbios_family_arm_m3_Timer_startupNeeded__C)
                  200143b8    00000004     release_pem4.oem4 (.const:ti_sysbios_gates_GateMutex_Instance_State_sem__O)
                  200143bc    00000004     release_pem4.oem4 (.const:ti_sysbios_heaps_HeapMem_E_memory__C)
                  200143c0    00000004     release_pem4.oem4 (.const:ti_sysbios_heaps_HeapMem_Module__gateObj__C)
                  200143c4    00000004     release_pem4.oem4 (.const:ti_sysbios_heaps_HeapMem_Object__count__C)
                  200143c8    00000004     release_pem4.oem4 (.const:ti_sysbios_heaps_HeapMem_primaryHeapBaseAddr__C)
                  200143cc    00000004     release_pem4.oem4 (.const:ti_sysbios_heaps_HeapMem_primaryHeapEndAddr__C)
                  200143d0    00000004     release_pem4.oem4 (.const:ti_sysbios_heaps_HeapMem_reqAlign__C)
                  200143d4    00000004     release_pem4.oem4 (.const:ti_sysbios_knl_Clock_Module_State_clockQ__O)
                  200143d8    00000004     release_pem4.oem4 (.const:ti_sysbios_knl_Clock_tickPeriod__C)
                  200143dc    00000004     release_pem4.oem4 (.const:ti_sysbios_knl_Mailbox_Instance_State_freeQue__O)
                  200143e0    00000004     release_pem4.oem4 (.const:ti_sysbios_knl_Mailbox_Object__count__C)
                  200143e4    00000004     release_pem4.oem4 (.const:ti_sysbios_knl_Mailbox_maxTypeAlign__C)
                  200143e8    00000004     release_pem4.oem4 (.const:ti_sysbios_knl_Semaphore_Instance_State_pendQ__O)
                  200143ec    00000004     release_pem4.oem4 (.const:ti_sysbios_knl_Swi_Object__count__C)
                  200143f0    00000004     release_pem4.oem4 (.const:ti_sysbios_knl_Task_Module_State_inactiveQ__O)
                  200143f4    00000004     release_pem4.oem4 (.const:ti_sysbios_knl_Task_Object__count__C)
                  200143f8    00000004     release_pem4.oem4 (.const:ti_sysbios_knl_Task_Object__heap__C)
                  200143fc    00000004     release_pem4.oem4 (.const:ti_sysbios_knl_Task_allBlockedFunc__C)
                  20014400    00000004     release_pem4.oem4 (.const:ti_sysbios_knl_Task_defaultStackHeap__C)
                  20014404    00000004     release_pem4.oem4 (.const:ti_sysbios_knl_Task_defaultStackSize__C)
                  20014408    00000004     release_pem4.oem4 (.const:ti_sysbios_knl_Task_numConstructedTasks__C)
                  2001440c    00000004     release_pem4.oem4 (.const:xdc_runtime_Error_E_memory__C)
                  20014410    00000004     release_pem4.oem4 (.const:xdc_runtime_Error_policyFxn__C)
                  20014414    00000004     release_pem4.oem4 (.const:xdc_runtime_IGateProvider_Interface__BASE__C)
                  20014418    00000004     release_pem4.oem4 (.const:xdc_runtime_IHeap_Interface__BASE__C)
                  2001441c    00000004     release_pem4.oem4 (.const:xdc_runtime_IModule_Interface__BASE__C)
                  20014420    00000004     release_pem4.oem4 (.const:xdc_runtime_Memory_defaultHeapInstance__C)
                  20014424    00000004     release_pem4.oem4 (.const:xdc_runtime_Startup_execImpl__C)
                  20014428    00000004     release_pem4.oem4 (.const:xdc_runtime_Startup_maxPasses__C)
                  2001442c    00000004     release_pem4.oem4 (.const:xdc_runtime_Startup_sfxnRts__C)
                  20014430    00000004     release_pem4.oem4 (.const:xdc_runtime_Startup_sfxnTab__C)
                  20014434    00000004     release_pem4.oem4 (.const:xdc_runtime_SysCallback_abortFxn__C)
                  20014438    00000004     release_pem4.oem4 (.const:xdc_runtime_SysCallback_exitFxn__C)
                  2001443c    00000004     release_pem4.oem4 (.const:xdc_runtime_System_Module__gateObj__C)
                  20014440    00000004     release_pem4.oem4 (.const:xdc_runtime_System_abortFxn__C)
                  20014444    00000004     release_pem4.oem4 (.const:xdc_runtime_System_exitFxn__C)
                  20014448    00000004     release_pem4.oem4 (.const:xdc_runtime_System_maxAtexitHandlers__C)
                  2001444c    00000004     release_pem4.oem4 (.const:xdc_runtime_Text_charTab__C)
                  20014450    00000004     release_pem4.oem4 (.const:xdc_runtime_Text_nameEmpty__C)
                  20014454    00000004     release_pem4.oem4 (.const:xdc_runtime_Text_nameStatic__C)
                  20014458    00000004     release_pem4.oem4 (.const:xdc_runtime_Text_nameUnknown__C)
                  2001445c    00000002     release_pem4.oem4 (.const:xdc_runtime_Memory_Module__id__C)
                  2001445e    00000002     release_pem4.oem4 (.const:xdc_runtime_Text_charCnt__C)
                  20014460    00000002     release_pem4.oem4 (.const:xdc_runtime_Text_isLoaded__C)
                  20014462    00000001     release_pem4.oem4 (.const:xdc_runtime_Error_policy__C)
                  20014463    00000001     release_pem4.oem4 (.const:xdc_runtime_Text_charTab__A)

.cinit     0    20014468    000002f0     
                  20014468    000002c6     (.cinit..data.load) [load image, compression = lzss]
                  2001472e    00000002     --HOLE-- [fill = 0]
                  20014730    0000000c     (__TI_handler_table)
                  2001473c    00000004     --HOLE-- [fill = 0]
                  20014740    00000008     (.cinit..bss.load) [load image, compression = zero_init]
                  20014748    00000010     (__TI_cinit_table)

.init_array 
*          0    20004000    00000000     UNINITIALIZED

.priheap   0    20004040    00008000     UNINITIALIZED
                  20004040    00008000     --HOLE--

.bootVecs 
*          0    00000000    00000008     DSECT
                  00000000    00000008     boot.aem4 : boot.oem4 (.bootVecs)

.resetVecs 
*          0    20004000    0000003c     
                  20004000    0000003c     release_pem4.oem4 (.resetVecs)

xdc.meta   0    00000000    00000108     COPY SECTION
                  00000000    00000108     release_pem4.oem4 (xdc.meta)

xdc.noload 
*          0    00000000    00000000     COPY SECTION

MODULE SUMMARY

       Module                       code    ro data   rw data
       ------                       ----    -------   -------
    .\
       lcd.obj                      508     0         0      
       CC3220S_LAUNCHXL.obj         20      84        344    
       Lab4.obj                     392     16        34     
       main_tirtos.obj              100     0         0      
    +--+----------------------------+-------+---------+---------+
       Total:                       1020    100       378    
                                                             
    C:\Users\maria\micro2workspace\tirtos_builds_CC3220S_LAUNCHXL_release_ccs\Debug\configPkg\package\cfg\
       release_pem4.oem4            1420    1096      3034   
    +--+----------------------------+-------+---------+---------+
       Total:                       1420    1096      3034   
                                                             
    C:/ti/simplelink_cc32xx_sdk_3_20_00_06/kernel/tirtos/packages/ti/dpl/lib/dpl_cc32xx.aem4
       PowerCC32XX_tirtos.oem4      430     0         0      
       HwiP_tirtos.oem4             84      0         0      
       SemaphoreP_tirtos.oem4       78      0         0      
    +--+----------------------------+-------+---------+---------+
       Total:                       592     0         0      
                                                             
    C:/ti/simplelink_cc32xx_sdk_3_20_00_06/source/ti/devices/cc32xx/driverlib/ccs/Release/driverlib.a
       prcm.obj                     1604    168       0      
       pin.obj                      280     256       0      
       flash.obj                    72      0         0      
       utils.obj                    6       0         0      
    +--+----------------------------+-------+---------+---------+
       Total:                       1962    424       0      
                                                             
    C:/ti/simplelink_cc32xx_sdk_3_20_00_06/source/ti/drivers/lib/drivers_cc32xx.aem4
       PowerCC32XX.oem4             2020    0         664    
       GPIOCC32XX.oem4              1252    103       65     
       PowerCC32XX_asm.oem4         150     0         0      
       List.oem4                    38      0         0      
    +--+----------------------------+-------+---------+---------+
       Total:                       3460    103       729    
                                                             
    C:\Users\maria\micro2workspace\tirtos_builds_CC3220S_LAUNCHXL_release_ccs\src\sysbios\sysbios.aem4
       BIOS.obj                     8218    0         136    
       m3_Hwi_asm.obj               274     0         0      
       m3_Hwi_asm_switch.obj        102     0         0      
       m3_TaskSupport_asm.obj       36      0         0      
    +--+----------------------------+-------+---------+---------+
       Total:                       8630    0         136    
                                                             
    C:\ti\ccs910\ccs\tools\compiler\ti-cgt-arm_18.12.2.LTS\lib\rtsv7M4_T_le_eabi.lib
       _printfi.c.obj               4835    0         0      
       fd_add_t2.asm.obj            438     0         0      
       defs.c.obj                   0       0         416    
       trgmsg.c.obj                 108     0         288    
       fd_div_t2.asm.obj            310     0         0      
       fputs.c.obj                  276     0         0      
       fd_cmp_t2.asm.obj            268     0         0      
       ctype.c.obj                  0       257       0      
       fd_mul_t2.asm.obj            252     0         0      
       setvbuf.c.obj                220     0         0      
       s_scalbn.c.obj               208     0         0      
       host_device.c.obj            0       0         200    
       memcpy_t2.asm.obj            156     0         0      
       ull_div_t2.asm.obj           150     0         0      
       fputc.c.obj                  140     0         0      
       memset_t2.asm.obj            122     0         0      
       fclose.c.obj                 116     0         0      
       getdevice.c.obj              116     0         0      
       printf.c.obj                 112     0         0      
       copy_decompress_lzss.c.obj   104     0         0      
       hostlseek.c.obj              104     0         0      
       hostopen.c.obj               96      0         8      
       hostrename.c.obj             104     0         0      
       fseek.c.obj                  100     0         0      
       _io_perm.c.obj               98      0         0      
       close.c.obj                  92      0         0      
       s_frexp.c.obj                92      0         0      
       hostread.c.obj               88      0         0      
       hostwrite.c.obj              88      0         0      
       ltoa.c.obj                   84      0         0      
       atoi.c.obj                   76      0         0      
       cpy_tbl.c.obj                76      0         0      
       fflush.c.obj                 76      0         0      
       fd_toi_t2.asm.obj            72      0         0      
       hostclose.c.obj              68      0         0      
       hostunlink.c.obj             68      0         0      
       strncpy.c.obj                54      0         0      
       fopen.c.obj                  52      0         0      
       i_tofd_t2.asm.obj            46      0         0      
       unlink.c.obj                 44      0         0      
       lseek.c.obj                  40      0         0      
       write.c.obj                  40      0         0      
       _lock.c.obj                  26      0         8      
       memchr.c.obj                 32      0         0      
       memccpy.c.obj                28      0         0      
       args_main.c.obj              24      0         0      
       ll_mul_t2.asm.obj            24      0         0      
       strcmp.c.obj                 24      0         0      
       strchr.c.obj                 22      0         0      
       strcpy.c.obj                 20      0         0      
       strlen.c.obj                 20      0         0      
       wcslen.c.obj                 18      0         0      
       copy_decompress_none.c.obj   14      0         0      
       copy_zero_init.c.obj         12      0         0      
       exit.c.obj                   0       0         12     
       s_copysign.c.obj             12      0         0      
       stkdepth_vars.c.obj          0       0         4      
       div0.asm.obj                 2       0         0      
    +--+----------------------------+-------+---------+---------+
       Total:                       9867    257       936    
                                                             
    C:\ti\simplelink_cc32xx_sdk_3_20_00_06\kernel\tirtos\packages\ti\targets\arm\rtsarm\lib\auto_init.aem4
       auto_init.oem4               160     0         0      
    +--+----------------------------+-------+---------+---------+
       Total:                       160     0         0      
                                                             
    C:\ti\simplelink_cc32xx_sdk_3_20_00_06\kernel\tirtos\packages\ti\targets\arm\rtsarm\lib\boot.aem4
       boot.oem4                    68      0         0      
    +--+----------------------------+-------+---------+---------+
       Total:                       68      0         0      
                                                             
       Stack:                       0       0         1024   
       Linker Generated:            0       746       0      
    +--+----------------------------+-------+---------+---------+
       Grand Total:                 27179   2726      6237   


LINKER GENERATED COPY TABLES

__TI_cinit_table @ 20014748 records: 2, size/record: 8, table size: 16
	.data: load addr=20014468, load size=000002c6 bytes, run addr=20012b8c, run size=00000910 bytes, compression=lzss
	.bss: load addr=20014740, load size=00000008 bytes, run addr=200134a0, run size=00000842 bytes, compression=zero_init


LINKER GENERATED HANDLER TABLE

__TI_handler_table @ 20014730 records: 3, size/record: 4, table size: 12
	index: 0, handler: __TI_zero_init
	index: 1, handler: __TI_decompress_lzss
	index: 2, handler: __TI_decompress_none


GLOBAL SYMBOLS: SORTED ALPHABETICALLY BY Name 

address   name                                                            
-------   ----                                                            
20012ad9  Board_init                                                      
200119ff  C$$IO$$                                                         
20012997  CC3220S_LAUNCHXL_initGeneral                                    
20012a39  ClockP_getSystemTicks                                           
20013cdc  D4                                                              
20013cdd  D5                                                              
20013cde  D6                                                              
20013cdf  D7                                                              
20013ce0  E                                                               
200110dd  FlashDisable                                                    
200142d8  GPIOCC32XX_config                                               
20010dd9  GPIO_enableInt                                                  
2000fe4d  GPIO_hwiIntFxn                                                  
2000eb79  GPIO_init                                                       
20011961  GPIO_read                                                       
200106f1  GPIO_setCallback                                                
2000d125  GPIO_setConfig                                                  
20010985  GPIO_write                                                      
00008000  HEAPSIZE                                                        
200113b1  HOSTclose                                                       
2001016d  HOSTlseek                                                       
20010571  HOSTopen                                                        
200109dd  HOSTread                                                        
200101d5  HOSTrename                                                      
200113f5  HOSTunlink                                                      
20010a35  HOSTwrite                                                       
20012887  HwiP_Params_init                                                
20011665  HwiP_create                                                     
2000def5  HwiP_disable                                                    
20012b01  HwiP_restore                                                    
20012169  List_put                                                        
2000ca91  PRCMCC3200MCUInit                                               
200126f9  PRCMHIBRegRead                                                  
2001270f  PRCMHIBRegWrite                                                 
20011125  PRCMLPDSEnter                                                   
20011999  PRCMLPDSEnterKeepDebugIf                                        
20011439  PRCMLPDSRestoreInfoSet                                          
20012025  PRCMPeripheralClkDisable                                        
2001116d  PRCMPeripheralClkEnable                                         
20010a8d  PRCMPeripheralReset                                             
200105d1  PRCMSysResetCauseGet                                            
2000f6fd  PinConfigSet                                                    
20011ab1  PinModeGet                                                      
200116a5  PinModeSet                                                      
20012431  PinToPadGet                                                     
2001402c  PowerCC32XX_config                                              
2000ef39  PowerCC32XX_configureWakeup                                     
200139b0  PowerCC32XX_contextSave                                         
2001147d  PowerCC32XX_enterLPDS                                           
2001204d  PowerCC32XX_initPolicy                                          
20012b8c  PowerCC32XX_module                                              
20010e25  PowerCC32XX_parkPin                                             
20011c23  PowerCC32XX_restoreParkedPin                                    
20010c95  PowerCC32XX_resumeLPDS                                          
20010379  PowerCC32XX_setParkState                                        
2000d681  PowerCC32XX_sleepPolicy                                         
200129a5  Power_getConstraintMask                                         
20012751  Power_getDependencyCount                                        
20012591  Power_idleFunc                                                  
2000fa31  Power_init                                                      
20012075  Power_registerNotify                                            
20011769  Power_setConstraint                                             
2000fccd  Power_setDependency                                             
2000ddd9  Power_sleep                                                     
20013ce1  Rs                                                              
UNDEFED   SHT$$INIT_ARRAY$$Base                                           
UNDEFED   SHT$$INIT_ARRAY$$Limit                                          
20011ec5  SemaphoreP_createBinary                                         
200129b1  SemaphoreP_delete                                               
20012821  SemaphoreP_pend                                                 
2000eaa5  SemaphoreP_post                                                 
20012833  UtilsDelay                                                      
00000000  __ASM__                                                         
20013adc  __CIOBUF_                                                       
00000081  __ISA__                                                         
00000094  __PLAT__                                                        
20004000  __STACK_END                                                     
00000400  __STACK_SIZE                                                    
000000bb  __TARG__                                                        
20014748  __TI_CINIT_Base                                                 
20014758  __TI_CINIT_Limit                                                
20014730  __TI_Handler_Table_Base                                         
2001473c  __TI_Handler_Table_Limit                                        
2000f085  __TI_auto_init                                                  
20011ae5  __TI_cleanup                                                    
20013404  __TI_cleanup_ptr                                                
2000fec5  __TI_closefile                                                  
2001023d  __TI_decompress_lzss                                            
20012959  __TI_decompress_none                                            
20010e71  __TI_doflush                                                    
20013408  __TI_dtors_ptr                                                  
2001340c  __TI_enable_exit_profile_output                                 
200133f4  __TI_ft_end                                                     
ffffffff  __TI_pprof_out_hndl                                             
2000c041  __TI_printfi                                                    
ffffffff  __TI_prof_data_size                                             
ffffffff  __TI_prof_data_start                                            
20011b19  __TI_readmsg                                                    
20014468  __TI_static_base__                                              
20013bfc  __TI_tmpnams                                                    
200119d1  __TI_writemsg                                                   
2001050d  __TI_wrt_ok                                                     
200129e1  __TI_zero_init                                                  
000000e0  __TRDR__                                                        
2000f899  __aeabi_cdcmpeq                                                 
2000f899  __aeabi_cdcmple                                                 
2000f91f  __aeabi_cdrcmple                                                
200111b5  __aeabi_d2iz                                                    
2000d4d3  __aeabi_dadd                                                    
2000da51  __aeabi_ddiv                                                    
2000e44d  __aeabi_dmul                                                    
2000d4c9  __aeabi_dsub                                                    
20012b31  __aeabi_errno_addr                                              
20011e69  __aeabi_i2d                                                     
2000d67f  __aeabi_idiv0                                                   
2000d67f  __aeabi_ldiv0                                                   
200125c1  __aeabi_lmul                                                    
2000fdd1  __aeabi_memclr                                                  
2000fdd1  __aeabi_memclr4                                                 
2000fdd1  __aeabi_memclr8                                                 
2000f1c5  __aeabi_memcpy                                                  
2000f1c5  __aeabi_memcpy4                                                 
2000f1c5  __aeabi_memcpy8                                                 
2000fdd3  __aeabi_memset                                                  
2000fdd3  __aeabi_memset4                                                 
2000fdd3  __aeabi_memset8                                                 
20013400  __aeabi_stderr                                                  
200133f8  __aeabi_stdin                                                   
200133fc  __aeabi_stdout                                                  
2000f391  __aeabi_uldivmod                                                
ffffffff  __binit__                                                       
ffffffff  __c_args__                                                      
2000c040  __primary_heap_end__                                            
20004040  __primary_heap_start__                                          
20003c00  __stack                                                         
200125a9  _args_main                                                      
200114c1  _c_int00                                                        
[...]
20012863  wcslen                                                          
20012875  xdc_runtime_Startup_exec__I                                     
20012887  HwiP_Params_init                                                
20012899  ti_sysbios_BIOS_setThreadType__E                                
200128a9  ti_sysbios_BIOS_start__E                                        
200128b9  ti_sysbios_family_arm_m3_TaskSupport_glue                       
200128c9  ti_sysbios_gates_GateMutex_Instance_finalize__E                 
200128d9  ti_sysbios_knl_Mailbox_Object__get__S                           
200128e9  ti_sysbios_knl_Semaphore_Instance_finalize__E                   
200128f9  ti_sysbios_knl_Swi_disable__E                                   
20012909  ti_sysbios_knl_Task_Object__get__S                              
20012919  ti_sysbios_knl_Task_disable__E                                  
20012929  xdc_runtime_Memory_free__E                                      
20012939  xdc_runtime_SysCallback_abort__E                                
20012939  xdc_runtime_System_SupportProxy_abort__E                        
20012949  xdc_runtime_SysCallback_exit__E                                 
20012949  xdc_runtime_System_SupportProxy_exit__E                         
20012959  __TI_decompress_none                                            
20012969  pthread_attr_setdetachstate                                     
20012979  ti_sysbios_knl_Idle_loop__E                                     
20012989  ti_sysbios_knl_Queue_empty__E                                   
20012997  CC3220S_LAUNCHXL_initGeneral                                    
200129a5  Power_getConstraintMask                                         
200129b1  SemaphoreP_delete                                               
200129bd  _register_lock                                                  
200129c9  _register_unlock                                                
200129d5  copysign                                                        
200129d5  copysignl                                                       
200129e1  __TI_zero_init                                                  
200129ed  mainThread                                                      
200129f9  ti_sysbios_family_arm_m3_Hwi_Params__init__S                    
200129f9  ti_sysbios_hal_Hwi_HwiProxy_Params__init__S                     
20012a09  ti_sysbios_family_arm_m3_Hwi_disableFxn__E                      
20012a09  ti_sysbios_hal_Hwi_HwiProxy_disable__E                          
20012a19  ti_sysbios_family_arm_m3_TaskSupport_getStackAlignment__E       
20012a19  ti_sysbios_knl_Task_SupportProxy_getStackAlignment__E           
20012a29  ti_sysbios_gates_GateHwi_enter__E                               
20012a39  ClockP_getSystemTicks                                           
20012a39  ti_sysbios_knl_Clock_getTicks__E                                
20012a49  ti_sysbios_knl_Clock_setTicks__E                                
20012a59  ti_sysbios_knl_Clock_tickStart__E                               
20012a69  ti_sysbios_knl_Clock_tickStop__E                                
20012a75  ti_sysbios_knl_Queue_Object__get__S                             
20012a81  ti_sysbios_knl_Semaphore_Params__init__S                        
20012a8d  ti_sysbios_knl_Task_Params__init__S                             
20012a99  ti_sysbios_knl_Task_self__E                                     
20012aa9  ti_sysbios_rts_ti_ReentSupport_taskRegHook__I                   
20012ab9  xdc_runtime_Startup_rtsDone__E                                  
20012ac5  xdc_runtime_Memory_HeapProxy_alloc__E                           
20012acf  xdc_runtime_Memory_HeapProxy_free__E                            
20012ad9  Board_init                                                      
20012ae1  pthread_attr_setstacksize                                       
20012ae9  ti_sysbios_family_arm_m3_Hwi_doSwiRestore__I                    
20012af1  ti_sysbios_family_arm_m3_Hwi_startup__E                         
20012af1  ti_sysbios_hal_Hwi_HwiProxy_startup__E                          
20012af1  ti_sysbios_hal_Hwi_startup__E                                   
20012af9  ti_sysbios_family_arm_m3_Hwi_doTaskRestore__I                   
20012b01  HwiP_restore                                                    
20012b01  ti_sysbios_family_arm_m3_Hwi_restoreFxn__E                      
20012b01  ti_sysbios_hal_Hwi_HwiProxy_restore__E                          
20012b09  ti_sysbios_gates_GateHwi_leave__E                               
20012b11  ti_sysbios_heaps_HeapMem_isBlocking__E                          
20012b19  ti_sysbios_knl_Queue_Instance_init__E                           
20012b21  ti_sysbios_knl_Swi_startup__E                                   
20012b29  xdc_runtime_System_Module_startup__E                            
20012b31  __aeabi_errno_addr                                              
20012b39  ti_sysbios_family_arm_m3_Timer_getMaxTicks__E                   
20012b41  ti_sysbios_gates_GateHwi_query__E                               
20012b41  xdc_runtime_Main_Module_GateProxy_query__E                      
20012b41  xdc_runtime_System_Module_GateProxy_query__E                    
20012b49  ti_sysbios_BIOS_RtsGateProxy_query__E                           
20012b49  ti_sysbios_gates_GateMutex_query__E                             
20012b49  ti_sysbios_heaps_HeapMem_Module_GateProxy_query__E              
20012b51  ti_sysbios_knl_Task_startup__E                                  
20012b59  ti_sysbios_BIOS_linkedWithIncorrectBootLibrary__E               
20012b61  ti_sysbios_gates_GateHwi_Instance_init__E                       
20012b69  ti_sysbios_knl_Clock_logTick__E                                 
20012b71  xdc_runtime_SysCallback_defaultAbort                            
20012b79  xdc_runtime_SysCallback_defaultExit                             
20012b81  xdc_runtime_System_abortSpin__E                                 
20012b89  xdc_runtime_System_exitSpin__E                                  
20012b8c  PowerCC32XX_module                                              
20012cf8  parkInfo                                                        
20012df0  _ftable                                                         
20012f68  ti_sysbios_knl_Swi_Module_State_0_readyQ__A                     
20012fe8  ti_sysbios_knl_Task_Module_State_0_readyQ__A                    
20013068  _device                                                         
200130e0  ti_sysbios_knl_Task_Object__table__V                            
2001313c  ti_sysbios_gates_GateMutex_Object__table__V                     
20013190  _stream                                                         
200131e0  gpioPinConfigs                                                  
20013230  ti_sysbios_knl_Task_Module__state__V                            
20013278  ti_sysbios_family_arm_m3_Hwi_Module__state__V                   
200132ac  ti_sysbios_family_arm_m3_Timer_Object__table__V                 
200132dc  ti_sysbios_knl_Swi_Object__table__V                             
2001330c  ti_sysbios_knl_Clock_Module__state__V                           
20013338  ti_sysbios_BIOS_Module__state__V                                
2001335c  xdc_runtime_Error_IgnoreBlock                                   
2001337c  color                                                           
20013380  flag                                                            
20013381  olda                                                            
20013382  oldb                                                            
20013383  newa                                                            
20013384  newb                                                            
20013385  cursor                                                          
20013386  ppast_duty                                                      
20013387  past_duty                                                       
20013388  pres_duty                                                       
20013389  lookup_index                                                    
2001338c  pwm1                                                            
20013390  pwm2                                                            
20013394  pwm3                                                            
20013398  ti_sysbios_knl_Swi_Module__state__V                             
200133b4  ti_sysbios_family_arm_m3_Hwi_Object__table__V                   
200133cc  ti_sysbios_heaps_HeapMem_Object__table__V                       
200133e4  gpioCallbackFunctions                                           
200133f4  __TI_ft_end                                                     
200133f8  __aeabi_stdin                                                   
200133fc  __aeabi_stdout                                                  
20013400  __aeabi_stderr                                                  
20013404  __TI_cleanup_ptr                                                
20013408  __TI_dtors_ptr                                                  
2001340c  __TI_enable_exit_profile_output                                 
20013410  ti_sysbios_family_arm_m3_Timer_Module__state__V                 
20013426  ti_sysbios_family_arm_m3_Hwi_Module_State_0_excActive__A        
20013428  _lock                                                           
2001342c  _unlock                                                         
20013430  ti_sysbios_family_arm_m3_Hwi_Module__root__V                    
20013438  ti_sysbios_gates_GateHwi_Module__root__V                        
20013440  ti_sysbios_gates_GateMutex_Module__root__V                      
20013448  ti_sysbios_heaps_HeapMem_Module__root__V                        
20013450  ti_sysbios_knl_Queue_Module__root__V                            
20013458  ti_sysbios_knl_Semaphore_Module__root__V                        
20013460  ti_sysbios_knl_Task_Module__root__V                             
20013468  xdc_runtime_Startup_Module__state__V                            
20013470  xdc_runtime_System_Module_State_0_atexitHandlers__A             
20013478  xdc_runtime_System_Module__state__V                             
20013480  main_func_sp                                                    
20013484  ti_sysbios_family_arm_m3_Hwi_Module_State_0_excContext__A       
20013488  ti_sysbios_family_arm_m3_Hwi_Module_State_0_excStack__A         
2001348c  ti_sysbios_gates_GateHwi_Object__table__V                       
20013490  ti_sysbios_knl_Task_Module_State_0_idleTask__A                  
20013494  ti_sysbios_rts_ti_ReentSupport_Module__state__V                 
20013498  xdc_runtime_Memory_Module__state__V                             
200134a0  ti_sysbios_family_arm_m3_Hwi_dispatchTable                      
200137b0  ti_sysbios_knl_Task_Instance_State_0_stack__A                   
200139b0  PowerCC32XX_contextSave                                         
20013adc  __CIOBUF_                                                       
20013bfc  __TI_tmpnams                                                    
20013cd0  parmbuf                                                         
20013cd8  ti_sysbios_knl_Task_Instance_State_0_hookEnv__A                 
20013cdc  D4                                                              
20013cdd  D5                                                              
20013cde  D6                                                              
20013cdf  D7                                                              
20013ce0  E                                                               
20013ce1  Rs                                                              
20013ce4  _ctypes_                                                        
20013de5  ti_sysbios_knl_Clock_tickMode__C                                
20013de6  ti_sysbios_family_arm_m3_Hwi_Module__id__C                      
20013fe8  ti_sysbios_knl_Task_Object__PARAMS__C                           
2001402c  PowerCC32XX_config                                              
2001406c  ti_sysbios_family_arm_m3_Hwi_Object__PARAMS__C                  
2001409c  ti_sysbios_heaps_HeapMem_Module__FXNS__C                        
200140c4  ti_sysbios_gates_GateHwi_Module__FXNS__C                        
200140e8  ti_sysbios_gates_GateMutex_Module__FXNS__C                      
2001410c  ti_sysbios_heaps_HeapMem_Object__PARAMS__C                      
20014130  ti_sysbios_knl_Semaphore_Object__PARAMS__C                      
20014175  ti_sysbios_knl_Clock_tickSource__C                              
20014176  ti_sysbios_family_arm_m3_Timer_Module__id__C                    
20014178  ti_sysbios_family_arm_m3_Hwi_Object__DESC__C                    
20014198  ti_sysbios_gates_GateHwi_Object__DESC__C                        
200141b8  ti_sysbios_gates_GateMutex_Object__DESC__C                      
200141d8  ti_sysbios_heaps_HeapMem_Object__DESC__C                        
200141f8  ti_sysbios_knl_Queue_Object__DESC__C                            
20014218  ti_sysbios_knl_Semaphore_Object__DESC__C                        
20014238  ti_sysbios_knl_Task_Object__DESC__C                             
20014258  xdc_runtime_Startup_sfxnTab__A                                  
20014278  ti_sysbios_gates_GateHwi_Object__PARAMS__C                      
20014290  ti_sysbios_gates_GateMutex_Object__PARAMS__C                    
200142a8  ti_sysbios_knl_Queue_Object__PARAMS__C                          
200142c0  ti_sysbios_knl_Task_hooks__A                                    
200142d8  GPIOCC32XX_config                                               
20014324  xdc_runtime_Startup_sfxnRts__A                                  
20014334  xdc_runtime_Startup_firstFxns__A                                
20014340  outPinTypes                                                     
20014348  ti_sysbios_knl_Idle_funcList__A                                 
20014350  ti_sysbios_knl_Idle_funcList__C                                 
20014358  ti_sysbios_knl_Task_hooks__C                                    
20014360  xdc_runtime_Startup_firstFxns__C                                
20014368  xdc_runtime_Startup_lastFxns__C                                 
20014376  inPinTypes                                                      
2001437c  outPinStrengths                                                 
20014386  ti_sysbios_heaps_HeapMem_Module__id__C                          
20014388  ti_sysbios_family_arm_m3_Hwi_E_alreadyDefined__C                
2001438c  ti_sysbios_family_arm_m3_Hwi_NUM_INTERRUPTS__C                  
20014390  ti_sysbios_family_arm_m3_Hwi_Object__count__C                   
20014394  ti_sysbios_family_arm_m3_Hwi_ccr__C                             
20014398  ti_sysbios_family_arm_m3_Hwi_excHandlerFunc__C                  
2001439c  ti_sysbios_family_arm_m3_Hwi_nullIsrFunc__C                     
200143a0  ti_sysbios_family_arm_m3_Hwi_priGroup__C                        
200143a4  ti_sysbios_family_arm_m3_Hwi_swiDisable__C                      
200143a8  ti_sysbios_family_arm_m3_Hwi_swiRestore__C                      
200143ac  ti_sysbios_family_arm_m3_TaskSupport_stackAlignment__C          
200143b0  ti_sysbios_family_arm_m3_Timer_E_cannotSupport__C               
200143b4  ti_sysbios_family_arm_m3_Timer_startupNeeded__C                 
200143b8  ti_sysbios_gates_GateMutex_Instance_State_sem__O                
200143bc  ti_sysbios_heaps_HeapMem_E_memory__C                            
200143c0  ti_sysbios_heaps_HeapMem_Module__gateObj__C                     
200143c4  ti_sysbios_heaps_HeapMem_Object__count__C                       
200143c8  ti_sysbios_heaps_HeapMem_primaryHeapBaseAddr__C                 
200143cc  ti_sysbios_heaps_HeapMem_primaryHeapEndAddr__C                  
200143d0  ti_sysbios_heaps_HeapMem_reqAlign__C                            
200143d4  ti_sysbios_knl_Clock_Module_State_clockQ__O                     
200143d8  ti_sysbios_knl_Clock_tickPeriod__C                              
200143dc  ti_sysbios_knl_Mailbox_Instance_State_freeQue__O                
200143e0  ti_sysbios_knl_Mailbox_Object__count__C                         
200143e4  ti_sysbios_knl_Mailbox_maxTypeAlign__C                          
200143e8  ti_sysbios_knl_Semaphore_Instance_State_pendQ__O                
200143ec  ti_sysbios_knl_Swi_Object__count__C                             
200143f0  ti_sysbios_knl_Task_Module_State_inactiveQ__O                   
200143f4  ti_sysbios_knl_Task_Object__count__C                            
200143f8  ti_sysbios_knl_Task_Object__heap__C                             
200143fc  ti_sysbios_knl_Task_allBlockedFunc__C                           
20014400  ti_sysbios_knl_Task_defaultStackHeap__C                         
20014404  ti_sysbios_knl_Task_defaultStackSize__C                         
20014408  ti_sysbios_knl_Task_numConstructedTasks__C                      
2001440c  xdc_runtime_Error_E_memory__C                                   
20014410  xdc_runtime_Error_policyFxn__C                                  
20014414  xdc_runtime_IGateProvider_Interface__BASE__C                    
20014418  xdc_runtime_IHeap_Interface__BASE__C                            
2001441c  xdc_runtime_IModule_Interface__BASE__C                          
20014420  xdc_runtime_Memory_defaultHeapInstance__C                       
20014424  xdc_runtime_Startup_execImpl__C                                 
20014428  xdc_runtime_Startup_maxPasses__C                                
2001442c  xdc_runtime_Startup_sfxnRts__C                                  
20014430  xdc_runtime_Startup_sfxnTab__C                                  
20014434  xdc_runtime_SysCallback_abortFxn__C                             
20014438  xdc_runtime_SysCallback_exitFxn__C                              
2001443c  xdc_runtime_System_Module__gateObj__C                           
20014440  xdc_runtime_System_abortFxn__C                                  
20014444  xdc_runtime_System_exitFxn__C                                   
20014448  xdc_runtime_System_maxAtexitHandlers__C                         
2001444c  xdc_runtime_Text_charTab__C                                     
20014450  xdc_runtime_Text_nameEmpty__C                                   
20014454  xdc_runtime_Text_nameStatic__C                                  
20014458  xdc_runtime_Text_nameUnknown__C                                 
2001445c  xdc_runtime_Memory_Module__id__C                                
2001445e  xdc_runtime_Text_charCnt__C                                     
20014460  xdc_runtime_Text_isLoaded__C                                    
20014462  xdc_runtime_Error_policy__C                                     
20014463  xdc_runtime_Text_charTab__A                                     
20014468  __TI_static_base__                                              
20014730  __TI_Handler_Table_Base                                         
2001473c  __TI_Handler_Table_Limit                                        
20014748  __TI_CINIT_Base                                                 
20014758  __TI_CINIT_Limit                                                
e000e000  ti_sysbios_family_arm_m3_Hwi_nvic                               
ffffffff  __TI_pprof_out_hndl                                             
ffffffff  __TI_prof_data_size                                             
ffffffff  __TI_prof_data_start                                            
ffffffff  __binit__                                                       
ffffffff  __c_args__                                                      
ffffffff  binit                                                           
UNDEFED   SHT$$INIT_ARRAY$$Base                                           
UNDEFED   SHT$$INIT_ARRAY$$Limit                                          

[577 symbols]
