******************************************************************************
                  TI ARM Linker PC v18.12.2                    
******************************************************************************
>> Linked Fri Sep 27 15:34:30 2019

OUTPUT FILE NAME:   <empty_CC3220S_LAUNCHXL_tirtos_ccs.out>
ENTRY POINT SYMBOL: "_c_int00"  address: 2000f605


MEMORY CONFIGURATION

         name            origin    length      used     unused   attr    fill
----------------------  --------  ---------  --------  --------  ----  --------
  SRAM0                 20000000   00004000  0000070c  000038f4  RW X
  SRAM                  20004000   0003c000  0000e3fb  0002dc05  RW X


SEGMENT ALLOCATION MAP

run origin  load origin   length   init length attrs members
----------  ----------- ---------- ----------- ----- -------
20003c00    20003c00    00000400   00000000    rw-
  20003c00    20003c00    00000400   00000000    rw- .stack
20004000    20004000    00008040   0000003c    r--
  20004000    20004000    0000003c   0000003c    r-- .resetVecs
  20004040    20004040    00008000   00000000    r-- .priheap
2000c040    2000c040    00004be2   00004be2    r-x
  2000c040    2000c040    00004be2   00004be2    r-x .text
20010c24    20010c24    00000740   00000000    rw-
  20010c24    20010c24    00000740   00000000    rw- .data
20011368    20011368    0000071a   00000000    rw-
  20011368    20011368    0000071a   00000000    rw- .bss
20011a84    20011a84    000006eb   000006eb    r--
  20011a84    20011a84    000006eb   000006eb    r-- .const
20012170    20012170    00000298   00000298    r--
  20012170    20012170    00000298   00000298    r-- .cinit


SECTION ALLOCATION MAP

 output                                  attributes/
section   page    origin      length       input sections
--------  ----  ----------  ----------   ----------------
.vecs      0    20000000    0000030c     NOLOAD SECTION
                  20000000    0000030c     release_pem4.oem4 (.vecs)

.stack     0    20003c00    00000400     UNINITIALIZED
                  20003c00    00000400     --HOLE--

.text      0    2000c040    00004be2     
                  2000c040    0000042c     driverlib.a : prcm.obj (.text:PRCMCC3200MCUInit)
                  2000c46c    000001d8     drivers_cc32xx.aem4 : GPIOCC32XX.oem4 (.text:GPIO_setConfig)
                  2000c644    0000014c     dpl_cc32xx.aem4 : PowerCC32XX_tirtos.oem4 (.text:PowerCC32XX_sleepPolicy)
                  2000c790    00000148     drivers_cc32xx.aem4 : PowerCC32XX.oem4 (.text:parkPins)
                  2000c8d8    00000130     sysbios.aem4 : BIOS.obj (.text:ti_sysbios_knl_Semaphore_pend__E)
                  2000ca08    00000128     drivers_cc32xx.aem4 : TimerCC32XX.oem4 (.text:TimerCC32XX_open)
                  2000cb30    0000011c                         : PowerCC32XX.oem4 (.text:Power_sleep)
                  2000cc4c    00000004     dpl_cc32xx.aem4 : ClockP_tirtos.oem4 (.text:ClockP_getCpuFreq)
                  2000cc50    0000011c     sysbios.aem4 : BIOS.obj (.text:xdc_runtime_Startup_startMods__I)
                  2000cd6c    00000004     dpl_cc32xx.aem4 : HwiP_tirtos.oem4 (.text:HwiP_clearInterrupt)
                  2000cd70    00000110     sysbios.aem4 : BIOS.obj (.text:ti_sysbios_knl_Task_postInit__I)
                  2000ce80    00000104                  : BIOS.obj (.text:ti_sysbios_knl_Task_Instance_finalize__E)
                  2000cf84    00000004     dpl_cc32xx.aem4 : HwiP_tirtos.oem4 (.text:HwiP_disable)
                  2000cf88    000000fc     sysbios.aem4 : BIOS.obj (.text:ti_sysbios_knl_Task_Instance_init__E)
                  2000d084    00000004     dpl_cc32xx.aem4 : SemaphoreP_tirtos.oem4 (.text:SemaphoreP_post)
                  2000d088    000000f0     sysbios.aem4 : BIOS.obj (.text:pthread_create)
                  2000d178    000000d4     lcd.obj (.text:lcd_init_4bit)
                  2000d24c    000000d0     sysbios.aem4 : m3_Hwi_asm.obj (.text:ti_sysbios_family_arm_m3_Hwi_dispatch__I)
                  2000d31c    00000004     release_pem4.oem4 (.text:ti_sysbios_BIOS_RtsGateProxy_enter__E)
                  2000d320    000000d0     sysbios.aem4 : BIOS.obj (.text:ti_sysbios_heaps_HeapMem_alloc__E)
                  2000d3f0    000000c4     drivers_cc32xx.aem4 : GPIOCC32XX.oem4 (.text:GPIO_init)
                  2000d4b4    00000004     release_pem4.oem4 (.text:ti_sysbios_BIOS_RtsGateProxy_leave__E)
                  2000d4b8    000000c4     sysbios.aem4 : BIOS.obj (.text:ti_sysbios_knl_Task_sleep__E)
                  2000d57c    000000c0     drivers_cc32xx.aem4 : PowerCC32XX.oem4 (.text:restoreParkedPins)
                  2000d63c    00000004     release_pem4.oem4 (.text:ti_sysbios_family_arm_m3_Hwi_delete)
                  2000d640    000000bc     sysbios.aem4 : BIOS.obj (.text:xdc_runtime_Core_createObject__I)
                  2000d6fc    000000a8     drivers_cc32xx.aem4 : PowerCC32XX.oem4 (.text:PowerCC32XX_configureWakeup)
                  2000d7a4    00000004     release_pem4.oem4 (.text:ti_sysbios_family_arm_m3_TaskSupport_Module__startupDone__S)
                  2000d7a8    000000a4     sysbios.aem4 : BIOS.obj (.text:ti_sysbios_knl_Task_setPri__E)
                  2000d84c    000000a0     auto_init.aem4 : auto_init.oem4 (.text)
                  2000d8ec    00000004     release_pem4.oem4 (.text:ti_sysbios_heaps_HeapMem_Module_GateProxy_enter__E)
                  2000d8f0    0000009c     sysbios.aem4 : BIOS.obj (.text:_pthread_removeThreadKeys)
                  2000d98c    0000009c     rtsv7M4_T_le_eabi.lib : memcpy_t2.asm.obj (.text)
                  2000da28    00000098     drivers_cc32xx.aem4 : GPIOCC32XX.oem4 (.text:powerNotifyFxn)
                  2000dac0    00000098     sysbios.aem4 : BIOS.obj (.text:ti_sysbios_family_arm_m3_Hwi_Instance_init__E)
                  2000db58    00000096     rtsv7M4_T_le_eabi.lib : ull_div_t2.asm.obj (.text)
                  2000dbee    00000002     drivers_cc32xx.aem4 : TimerCC32XX.oem4 (.text:TimerCC32XX_init)
                  2000dbf0    00000094     sysbios.aem4 : BIOS.obj (.text:ti_sysbios_knl_Task_exit__E)
                  2000dc84    00000090     drivers_cc32xx.aem4 : PowerCC32XX.oem4 (.text:restoreNVICRegs)
                  2000dd14    00000004     release_pem4.oem4 (.text:ti_sysbios_heaps_HeapMem_Module_GateProxy_leave__E)
                  2000dd18    00000090     sysbios.aem4 : BIOS.obj (.text:ti_sysbios_knl_Task_Module_startup__E)
                  2000dda8    0000008c                  : BIOS.obj (.text:xdc_runtime_Memory_alloc__E)
                  2000de34    00000088     driverlib.a : pin.obj (.text:PinConfigSet)
                  2000debc    00000004     release_pem4.oem4 (.text:ti_sysbios_knl_Clock_TimerProxy_getMaxTicks__E)
                  2000dec0    00000088     sysbios.aem4 : BIOS.obj (.text:ti_sysbios_family_arm_m3_Hwi_initNVIC__E)
                  2000df48    00000088                  : BIOS.obj (.text:ti_sysbios_family_arm_m3_TaskSupport_start__E)
                  2000dfd0    00000086                  : BIOS.obj (.text:xdc_runtime_Core_constructObject__I)
                  2000e056    00000002     rtsv7M4_T_le_eabi.lib : _lock.c.obj (.text:_nop)
                  2000e058    00000084     drivers_cc32xx.aem4 : PowerCC32XX.oem4 (.text:Power_init)
                  2000e0dc    00000084     lcd.obj (.text:lcd_byte)
                  2000e160    00000084     drivers_cc32xx.aem4 : PowerCC32XX.oem4 (.text:saveNVICRegs)
                  2000e1e4    00000004     release_pem4.oem4 (.text:ti_sysbios_knl_Clock_TimerProxy_setPeriodMicroSecs__E)
                  2000e1e8    00000084     sysbios.aem4 : BIOS.obj (.text:ti_sysbios_family_arm_m3_Hwi_postInit__I)
                  2000e26c    00000004     release_pem4.oem4 (.text:ti_sysbios_knl_Clock_TimerProxy_start__E)
                  2000e270    00000084     sysbios.aem4 : BIOS.obj (.text:ti_sysbios_heaps_HeapMem_free__E)
                  2000e2f4    00000080     drivers_cc32xx.aem4 : PowerCC32XX.oem4 (.text:Power_setDependency)
                  2000e374    00000004     release_pem4.oem4 (.text:ti_sysbios_knl_Clock_TimerProxy_stop__E)
                  2000e378    00000080     sysbios.aem4 : BIOS.obj (.text:ti_sysbios_knl_Clock_workFunc__E)
                  2000e3f8    0000007a     rtsv7M4_T_le_eabi.lib : memset_t2.asm.obj (.text)
                  2000e472    00000002                           : div0.asm.obj (.text)
                  2000e474    00000078     drivers_cc32xx.aem4 : GPIOCC32XX.oem4 (.text:GPIO_hwiIntFxn)
                  2000e4ec    00000078                         : TimerCC32XX.oem4 (.text:TimerCC32XX_start)
                  2000e564    00000004     release_pem4.oem4 (.text:ti_sysbios_knl_Semaphore_delete)
                  2000e568    00000074     sysbios.aem4 : BIOS.obj (.text:xdc_runtime_Core_deleteObject__I)
                  2000e5dc    00000004     release_pem4.oem4 (.text:ti_sysbios_knl_Task_delete)
                  2000e5e0    00000070     sysbios.aem4 : BIOS.obj (.text:ti_sysbios_heaps_HeapMem_initPrimary__I)
                  2000e650    0000006c                  : BIOS.obj (.text:ti_sysbios_knl_Swi_restoreHwi__E)
                  2000e6bc    00000068     rtsv7M4_T_le_eabi.lib : copy_decompress_lzss.c.obj (.text:decompress:lzss:__TI_decompress_lzss)
                  2000e724    00000004     release_pem4.oem4 (.text:xdc_runtime_System_Module_GateProxy_enter__E)
                  2000e728    00000068     sysbios.aem4 : BIOS.obj (.text:pthread_exit)
                  2000e790    00000064     drivers_cc32xx.aem4 : PowerCC32XX.oem4 (.text:PowerCC32XX_setParkState)
                  2000e7f4    00000064     main_tirtos.obj (.text:main)
                  2000e858    00000064     sysbios.aem4 : BIOS.obj (.text:ti_sysbios_family_arm_m3_Hwi_dispatchC__I)
                  2000e8bc    00000060     driverlib.a : prcm.obj (.text:PRCMSysResetCauseGet)
                  2000e91c    00000004     release_pem4.oem4 (.text:xdc_runtime_System_Module_GateProxy_leave__E)
                  2000e920    00000060     sysbios.aem4 : BIOS.obj (.text:ti_sysbios_knl_Semaphore_post__E)
                  2000e980    00000060                  : BIOS.obj (.text:ti_sysbios_knl_Swi_run__I)
                  2000e9e0    0000005c     drivers_cc32xx.aem4 : GPIOCC32XX.oem4 (.text:GPIO_setCallback)
                  2000ea3c    00000002     release_pem4.oem4 (.text:ti_sysbios_BIOS_nullFunc__I)
                  2000ea3e    00000002     release_pem4.oem4 (.text:xdc_runtime_Startup_reset__I)
                  2000ea40    0000005c     sysbios.aem4 : BIOS.obj (.text:ti_sysbios_family_arm_m3_Timer_start__E)
                  2000ea9c    00000004     --HOLE-- [fill = 0]
                  2000eaa0    0000005c                  : BIOS.obj (.text:ti_sysbios_knl_Swi_schedule__I)
                  2000eafc    00000004     --HOLE-- [fill = 0]
                  2000eb00    0000005c                  : BIOS.obj (.text:ti_sysbios_knl_Task_startCore__E)
                  2000eb5c    00000004     --HOLE-- [fill = 0]
                  2000eb60    0000005c                  : BIOS.obj (.text:xdc_runtime_Startup_exec__E)
                  2000ebbc    00000058     drivers_cc32xx.aem4 : GPIOCC32XX.oem4 (.text:GPIO_write)
                  2000ec14    00000058     driverlib.a : prcm.obj (.text:PRCMPeripheralReset)
                  2000ec6c    00000058     drivers_cc32xx.aem4 : PowerCC32XX.oem4 (.text:Power_releaseDependency)
                  2000ecc4    00000056                         : TimerCC32XX.oem4 (.text:TimerCC32XX_stop)
                  2000ed1a    00000002     --HOLE-- [fill = 0]
                  2000ed1c    00000054     release_pem4.oem4 (.text:ti_sysbios_family_arm_m3_Hwi_create)
                  2000ed70    00000054     sysbios.aem4 : BIOS.obj (.text:ti_sysbios_family_arm_m3_Timer_setPeriod__E)
                  2000edc4    00000004     --HOLE-- [fill = 0]
                  2000edc8    00000054                  : BIOS.obj (.text:xdc_runtime_Core_assignLabel__I)
                  2000ee1c    00000052     drivers_cc32xx.aem4 : PowerCC32XX_asm.oem4 (.text:PowerCC32XX_resumeLPDS)
                  2000ee6e    00000052                         : TimerCC32XX.oem4 (.text:initHw)
                  2000eec0    00000050                         : TimerCC32XX.oem4 (.text:TimerCC32XX_allocateTimerResource)
                  2000ef10    00000050     sysbios.aem4 : BIOS.obj (.text:ti_sysbios_family_arm_m3_Hwi_Module_startup__E)
                  2000ef60    00000050     release_pem4.oem4 (.text:ti_sysbios_knl_Task_create)
                  2000efb0    0000004c     drivers_cc32xx.aem4 : GPIOCC32XX.oem4 (.text:GPIO_enableInt)
                  2000effc    0000004c                         : PowerCC32XX.oem4 (.text:PowerCC32XX_parkPin)
                  2000f048    0000004c     rtsv7M4_T_le_eabi.lib : cpy_tbl.c.obj (.text:copy_in)
                  2000f094    0000004c     drivers_cc32xx.aem4 : PowerCC32XX.oem4 (.text:restorePeriphClocks)
                  2000f0e0    0000004c     sysbios.aem4 : BIOS.obj (.text:ti_sysbios_heaps_HeapMem_getStats__E)
                  2000f12c    00000004     --HOLE-- [fill = 0]
                  2000f130    0000004c                  : BIOS.obj (.text:ti_sysbios_knl_Swi_runLoop__I)
                  2000f17c    00000004     --HOLE-- [fill = 0]
                  2000f180    0000004c                  : BIOS.obj (.text:ti_sysbios_knl_Task_allBlockedFunction__I)
                  2000f1cc    00000004     --HOLE-- [fill = 0]
                  2000f1d0    0000004c                  : BIOS.obj (.text:ti_sysbios_knl_Task_schedule__I)
                  2000f21c    00000048     driverlib.a : flash.obj (.text:FlashDisable)
                  2000f264    00000048                 : prcm.obj (.text:PRCMLPDSEnter)
                  2000f2ac    00000048                 : prcm.obj (.text:PRCMPeripheralClkEnable)
                  2000f2f4    00000048     drivers_cc32xx.aem4 : PowerCC32XX.oem4 (.text:Power_releaseConstraint)
                  2000f33c    00000004     --HOLE-- [fill = 0]
                  2000f340    00000048     sysbios.aem4 : BIOS.obj (.text:ti_sysbios_family_arm_m3_Hwi_disableInterrupt__E)
                  2000f388    00000048                  : BIOS.obj (.text:ti_sysbios_family_arm_m3_Hwi_enableInterrupt__E)
                  2000f3d0    00000048                  : m3_Hwi_asm_switch.obj (.text:ti_sysbios_family_arm_m3_Hwi_initStacks__E)
                  2000f418    00000048                  : BIOS.obj (.text:ti_sysbios_family_arm_m3_Timer_initDevice__I)
                  2000f460    00000048                  : BIOS.obj (.text:ti_sysbios_knl_Mailbox_Module_startup__E)
                  2000f4a8    00000048                  : BIOS.obj (.text:xdc_runtime_Core_assignParams__I)
                  2000f4f0    00000046     drivers_cc32xx.aem4 : TimerCC32XX.oem4 (.text:getPrescaler)
                  2000f536    00000002     --HOLE-- [fill = 0]
                  2000f538    00000044     driverlib.a : prcm.obj (.text:PRCMLPDSRestoreInfoSet)
                  2000f57c    00000044     drivers_cc32xx.aem4 : PowerCC32XX_asm.oem4 (.text:PowerCC32XX_enterLPDS)
                  2000f5c0    00000044                         : Timer.oem4 (.text:Timer_init)
                  2000f604    00000044     boot.aem4 : boot.oem4 (.text)
                  2000f648    00000044     sysbios.aem4 : BIOS.obj (.text:ti_sysbios_family_arm_m3_Hwi_getStackInfo__E)
                  2000f68c    00000004     --HOLE-- [fill = 0]
                  2000f690    00000044                  : BIOS.obj (.text:ti_sysbios_knl_Mailbox_postInit__I)
                  2000f6d4    00000004     --HOLE-- [fill = 0]
                  2000f6d8    00000044                  : BIOS.obj (.text:ti_sysbios_knl_Swi_post__E)
                  2000f71c    00000004     --HOLE-- [fill = 0]
                  2000f720    00000044                  : BIOS.obj (.text:xdc_runtime_System_atexit__E)
                  2000f764    00000040     dpl_cc32xx.aem4 : HwiP_tirtos.oem4 (.text:HwiP_create)
                  2000f7a4    00000040     driverlib.a : pin.obj (.text:PinModeSet)
                  2000f7e4    00000004     --HOLE-- [fill = 0]
                  2000f7e8    00000040     sysbios.aem4 : BIOS.obj (.text:ti_sysbios_heaps_HeapMem_Instance_init__E)
                  2000f828    0000003c     drivers_cc32xx.aem4 : PowerCC32XX.oem4 (.text:Power_setConstraint)
                  2000f864    0000003c     dpl_cc32xx.aem4 : SemaphoreP_tirtos.oem4 (.text:SemaphoreP_create)
                  2000f8a0    0000003c     sysbios.aem4 : BIOS.obj (.text:ti_sysbios_family_arm_m3_Hwi_Instance_finalize__E)
                  2000f8dc    00000004     --HOLE-- [fill = 0]
                  2000f8e0    0000003c                  : BIOS.obj (.text:ti_sysbios_family_arm_m3_Timer_setPeriodMicroSecs__E)
                  2000f91c    00000004     --HOLE-- [fill = 0]
                  2000f920    0000003c                  : BIOS.obj (.text:ti_sysbios_knl_Clock_walkQueuePeriodic__E)
                  2000f95c    00000004     --HOLE-- [fill = 0]
                  2000f960    0000003c                  : BIOS.obj (.text:ti_sysbios_knl_Swi_restore__E)
                  2000f99c    00000004     --HOLE-- [fill = 0]
                  2000f9a0    0000003c                  : BIOS.obj (.text:usleep)
                  2000f9dc    00000004     --HOLE-- [fill = 0]
                  2000f9e0    0000003c                  : BIOS.obj (.text:xdc_runtime_System_processAtExit__E)
                  2000fa1c    0000003a     drivers_cc32xx.aem4 : TimerCC32XX.oem4 (.text:TimerCC32XX_close)
                  2000fa56    0000003a     dpl_cc32xx.aem4 : PowerCC32XX_tirtos.oem4 (.text:getCountsRTC)
                  2000fa90    00000038     driverlib.a : prcm.obj (.text:PRCMLPDSEnterKeepDebugIf)
                  2000fac8    00000038     drivers_cc32xx.aem4 : PowerCC32XX.oem4 (.text:notify)
                  2000fb00    00000038     sysbios.aem4 : BIOS.obj (.text:ti_sysbios_knl_Task_processVitalTaskFlag__I)
                  2000fb38    00000036     drivers_cc32xx.aem4 : TimerCC32XX.oem4 (.text:TimerCC32XX_hwiIntFunction)
                  2000fb6e    00000036     driverlib.a : timer.obj (.text:TimerControlStall)
                  2000fba4    00000036     Lab3.obj (.text:mainThread)
                  2000fbda    00000002     --HOLE-- [fill = 0]
                  2000fbdc    00000034     driverlib.a : pin.obj (.text:PinModeGet)
                  2000fc10    00000034     drivers_cc32xx.aem4 : TimerCC32XX.oem4 (.text:TimerCC32XX_freeTimerResource)
                  2000fc44    00000004     --HOLE-- [fill = 0]
                  2000fc48    00000034     sysbios.aem4 : BIOS.obj (.text:_pthread_delete$41)
                  2000fc7c    00000034     drivers_cc32xx.aem4 : TimerCC32XX.oem4 (.text:getPowerMgrId)
                  2000fcb0    00000034     sysbios.aem4 : BIOS.obj (.text:ti_sysbios_family_arm_m3_Timer_periodicStub__I)
                  2000fce4    00000034     release_pem4.oem4 (.text:ti_sysbios_knl_Semaphore_create)
                  2000fd18    00000032     sysbios.aem4 : BIOS.obj (.text:ti_sysbios_hal_Hwi_initStack)
                  2000fd4a    00000030     drivers_cc32xx.aem4 : PowerCC32XX.oem4 (.text:PowerCC32XX_restoreParkedPin)
                  2000fd7a    00000002     --HOLE-- [fill = 0]
                  2000fd7c    00000030     release_pem4.oem4 (.text:ti_sysbios_BIOS_atExitFunc__I)
                  2000fdac    00000030     release_pem4.oem4 (.text:ti_sysbios_BIOS_startFunc__I)
                  2000fddc    00000030     release_pem4.oem4 (.text:ti_sysbios_gates_GateHwi_Object__create__S)
                  2000fe0c    00000030     release_pem4.oem4 (.text:ti_sysbios_gates_GateMutex_Object__create__S)
                  2000fe3c    00000004     --HOLE-- [fill = 0]
                  2000fe40    00000030     sysbios.aem4 : BIOS.obj (.text:ti_sysbios_gates_GateMutex_enter__E)
                  2000fe70    00000030     release_pem4.oem4 (.text:ti_sysbios_heaps_HeapMem_Object__create__S)
                  2000fea0    00000030     release_pem4.oem4 (.text:ti_sysbios_knl_Semaphore_construct)
                  2000fed0    00000030     sysbios.aem4 : BIOS.obj (.text:ti_sysbios_knl_Semaphore_pendTimeout__I)
                  2000ff00    00000030                  : BIOS.obj (.text:ti_sysbios_knl_Task_restore__E)
                  2000ff30    00000030                  : BIOS.obj (.text:ti_sysbios_knl_Task_unblockI__E)
                  2000ff60    0000002c     dpl_cc32xx.aem4 : SemaphoreP_tirtos.oem4 (.text:SemaphoreP_createBinary)
                  2000ff8c    00000004     --HOLE-- [fill = 0]
                  2000ff90    0000002c     sysbios.aem4 : BIOS.obj (.text:_pthread_cleanupFxn)
                  2000ffbc    0000002c     lcd.obj (.text:lcd_command)
                  2000ffe8    0000002c     release_pem4.oem4 (.text:ti_sysbios_knl_Clock_doTick__I)
                  20010014    0000002c     release_pem4.oem4 (.text:ti_sysbios_knl_Queue_construct)
                  20010040    0000002a     driverlib.a : timer.obj (.text:TimerLoadSet)
                  2001006a    0000002a                 : timer.obj (.text:TimerPrescaleSet)
                  20010094    00000028                 : prcm.obj (.text:PRCMPeripheralClkDisable)
                  200100bc    00000028     dpl_cc32xx.aem4 : PowerCC32XX_tirtos.oem4 (.text:PowerCC32XX_initPolicy)
                  200100e4    00000028     drivers_cc32xx.aem4 : PowerCC32XX.oem4 (.text:Power_registerNotify)
                  2001010c    00000028     sysbios.aem4 : m3_Hwi_asm.obj (.text:ti_sysbios_family_arm_m3_Hwi_excHandlerAsm__I)
                  20010134    00000004     --HOLE-- [fill = 0]
                  20010138    00000028                  : BIOS.obj (.text:ti_sysbios_knl_Clock_addI__E)
                  20010160    00000028                  : BIOS.obj (.text:ti_sysbios_knl_Swi_Module_startup__E)
                  20010188    00000026     drivers_cc32xx.aem4 : List.oem4 (.text:List_put)
                  200101ae    00000026                         : List.oem4 (.text:List_remove)
                  200101d4    00000004     --HOLE-- [fill = 0]
                  200101d8    00000024     sysbios.aem4 : BIOS.obj (.text:pthread_attr_init)
                  200101fc    00000024     release_pem4.oem4 (.text:ti_sysbios_BIOS_registerRTSLock__I)
                  20010220    00000024     release_pem4.oem4 (.text:ti_sysbios_BIOS_removeRTSLock__I)
                  20010244    00000004     --HOLE-- [fill = 0]
                  20010248    00000024     sysbios.aem4 : BIOS.obj (.text:ti_sysbios_family_arm_m3_Timer_postInit__I)
                  2001026c    00000004     --HOLE-- [fill = 0]
                  20010270    00000024                  : BIOS.obj (.text:ti_sysbios_family_arm_m3_Timer_startup__E)
                  20010294    00000024     release_pem4.oem4 (.text:ti_sysbios_gates_GateMutex_Object__delete__S)
                  200102b8    00000024     sysbios.aem4 : BIOS.obj (.text:ti_sysbios_knl_Clock_Module_startup__E)
                  200102dc    00000004     --HOLE-- [fill = 0]
                  200102e0    00000024                  : BIOS.obj (.text:ti_sysbios_knl_Semaphore_Instance_init__E)
                  20010304    00000024     release_pem4.oem4 (.text:ti_sysbios_knl_Semaphore_Object__delete__S)
                  20010328    00000024     sysbios.aem4 : BIOS.obj (.text:ti_sysbios_knl_Task_restoreHwi__E)
                  2001034c    00000004     --HOLE-- [fill = 0]
                  20010350    00000024                  : BIOS.obj (.text:xdc_runtime_Error_policyMin__E)
                  20010374    00000020     drivers_cc32xx.aem4 : PowerCC32XX.oem4 (.text:Power_unregisterNotify)
                  20010394    00000020     release_pem4.oem4 (.text:ti_sysbios_BIOS_rtsLock__I)
                  200103b4    00000020     release_pem4.oem4 (.text:ti_sysbios_family_arm_m3_Hwi_Object__delete__S)
                  200103d4    00000004     --HOLE-- [fill = 0]
                  200103d8    00000020     sysbios.aem4 : BIOS.obj (.text:ti_sysbios_family_arm_m3_Hwi_clearInterrupt__E)
                  200103f8    00000020     release_pem4.oem4 (.text:ti_sysbios_gates_GateHwi_Object__delete__S)
                  20010418    00000020     release_pem4.oem4 (.text:ti_sysbios_heaps_HeapMem_Object__delete__S)
                  20010438    00000020     sysbios.aem4 : BIOS.obj (.text:ti_sysbios_knl_Idle_run__E)
                  20010458    00000020     release_pem4.oem4 (.text:ti_sysbios_knl_Semaphore_destruct)
                  20010478    00000020     release_pem4.oem4 (.text:ti_sysbios_knl_Task_Object__delete__S)
                  20010498    0000001e     driverlib.a : timer.obj (.text:TimerDisable)
                  200104b6    0000001e                 : timer.obj (.text:TimerEnable)
                  200104d4    0000001e     sysbios.aem4 : m3_Hwi_asm_switch.obj (.text:ti_sysbios_family_xxx_Hwi_switchAndRunFunc)
                  200104f2    00000002     --HOLE-- [fill = 0]
                  200104f4    0000001c     driverlib.a : pin.obj (.text:PinToPadGet)
                  20010510    0000001c     sysbios.aem4 : BIOS.obj (.text:ti_sysbios_family_arm_m3_Hwi_excHandler__I)
                  2001052c    00000004     --HOLE-- [fill = 0]
                  20010530    0000001c                  : BIOS.obj (.text:ti_sysbios_family_arm_m3_Timer_Module_startup__E)
                  2001054c    00000004     --HOLE-- [fill = 0]
                  20010550    0000001c                  : BIOS.obj (.text:ti_sysbios_family_arm_m3_Timer_stop__E)
                  2001056c    00000004     --HOLE-- [fill = 0]
                  20010570    0000001c                  : BIOS.obj (.text:ti_sysbios_gates_GateMutex_Instance_init__E)
                  2001058c    0000001c     release_pem4.oem4 (.text:ti_sysbios_knl_Queue_destruct)
                  200105a8    0000001c     sysbios.aem4 : BIOS.obj (.text:ti_sysbios_knl_Queue_put__E)
                  200105c4    00000004     --HOLE-- [fill = 0]
                  200105c8    0000001c                  : BIOS.obj (.text:ti_sysbios_knl_Task_enter__I)
                  200105e4    00000004     --HOLE-- [fill = 0]
                  200105e8    0000001c                  : BIOS.obj (.text:ti_sysbios_rts_ti_ReentSupport_getReent__F)
                  20010604    0000001a                  : m3_Hwi_asm.obj (.text:ti_sysbios_family_arm_m3_Hwi_pendSV__I)
                  2001061e    00000002     --HOLE-- [fill = 0]
                  20010620    00000018     drivers_cc32xx.aem4 : PowerCC32XX.oem4 (.text:Power_idleFunc)
                  20010638    00000018                         : TimerCC32XX.oem4 (.text:TimerCC32XX_getCount)
                  20010650    00000018     driverlib.a : timer.obj (.text:TimerIntDisable)
                  20010668    00000018                 : timer.obj (.text:TimerIntEnable)
                  20010680    00000018     rtsv7M4_T_le_eabi.lib : args_main.c.obj (.text:_args_main)
                  20010698    00000018                           : ll_mul_t2.asm.obj (.text)
                  200106b0    00000018     release_pem4.oem4 (.text:ti_sysbios_BIOS_rtsUnlock__I)
                  200106c8    00000018     release_pem4.oem4 (.text:ti_sysbios_family_arm_m3_Hwi_Module__startupDone__F)
                  200106e0    00000018     release_pem4.oem4 (.text:ti_sysbios_family_arm_m3_Timer_Module__startupDone__F)
                  200106f8    00000018     release_pem4.oem4 (.text:ti_sysbios_gates_GateHwi_Handle__label__S)
                  20010710    00000018     release_pem4.oem4 (.text:ti_sysbios_gates_GateMutex_Handle__label__S)
                  20010728    00000018     sysbios.aem4 : BIOS.obj (.text:ti_sysbios_gates_GateMutex_leave__E)
                  20010740    00000018     release_pem4.oem4 (.text:ti_sysbios_heaps_HeapMem_Handle__label__S)
                  20010758    00000018     sysbios.aem4 : BIOS.obj (.text:ti_sysbios_knl_Task_sleepTimeout__I)
                  20010770    00000018     release_pem4.oem4 (.text:ti_sysbios_rts_ti_ReentSupport_getTlsAddr__I)
                  20010788    00000018     sysbios.aem4 : BIOS.obj (.text:xdc_runtime_Error_init__E)
                  200107a0    00000018                  : BIOS.obj (.text:xdc_runtime_System_exit__E)
                  200107b8    00000016     driverlib.a : prcm.obj (.text:PRCMHIBRegRead)
                  200107ce    00000016                 : prcm.obj (.text:PRCMHIBRegWrite)
                  200107e4    00000016     release_pem4.oem4 (.text:ti_sysbios_BIOS_exitFunc__I)
                  200107fa    00000002     --HOLE-- [fill = 0]
                  200107fc    00000014     drivers_cc32xx.aem4 : PowerCC32XX.oem4 (.text:Power_getDependencyCount)
                  20010810    00000014     sysbios.aem4 : BIOS.obj (.text:pthread_attr_setschedparam)
                  20010824    00000014     release_pem4.oem4 (.text:ti_sysbios_family_arm_m3_Hwi_Object__get__S)
                  20010838    00000014     sysbios.aem4 : BIOS.obj (.text:ti_sysbios_family_arm_m3_Hwi_switchFromBootStack__E)
                  2001084c    00000014                  : m3_TaskSupport_asm.obj (.text:ti_sysbios_family_arm_m3_TaskSupport_swap__E)
                  20010860    00000014     release_pem4.oem4 (.text:ti_sysbios_heaps_HeapMem_Object__get__S)
                  20010874    00000004     --HOLE-- [fill = 0]
                  20010878    00000014     sysbios.aem4 : BIOS.obj (.text:ti_sysbios_knl_Clock_tickReconfig__E)
                  2001088c    00000014     release_pem4.oem4 (.text:ti_sysbios_knl_Swi_Object__get__S)
                  200108a0    00000012     dpl_cc32xx.aem4 : SemaphoreP_tirtos.oem4 (.text:SemaphoreP_pend)
                  200108b2    00000012     driverlib.a : timer.obj (.text:TimerIntClear)
                  200108c4    00000004     --HOLE-- [fill = 0]
                  200108c8    00000012     sysbios.aem4 : BIOS.obj (.text:_pthread_runStub$41)
                  200108da    00000006     drivers_cc32xx.aem4 : TimerCC32XX.oem4 (.text:TimerCC32XX_control)
                  200108e0    00000012     sysbios.aem4 : BIOS.obj (.text:ti_sysbios_hal_Hwi_Module_startup__E)
                  200108f2    00000012     release_pem4.oem4 (.text:xdc_runtime_Startup_exec__I)
                  20010904    00000010     dpl_cc32xx.aem4 : HwiP_tirtos.oem4 (.text:HwiP_Params_init)
                  20010914    00000004     --HOLE-- [fill = 0]
                  20010918    00000010     sysbios.aem4 : BIOS.obj (.text:ti_sysbios_BIOS_getCpuFreq__E)
                  20010928    00000010                  : BIOS.obj (.text:ti_sysbios_BIOS_setThreadType__E)
                  20010938    00000010                  : BIOS.obj (.text:ti_sysbios_BIOS_start__E)
                  20010948    00000010                  : m3_TaskSupport_asm.obj (.text:ti_sysbios_family_arm_m3_TaskSupport_glue)
                  20010958    00000010                  : BIOS.obj (.text:ti_sysbios_gates_GateMutex_Instance_finalize__E)
                  20010968    00000010     release_pem4.oem4 (.text:ti_sysbios_knl_Mailbox_Object__get__S)
                  20010978    00000010     sysbios.aem4 : BIOS.obj (.text:ti_sysbios_knl_Semaphore_Instance_finalize__E)
                  20010988    00000010                  : BIOS.obj (.text:ti_sysbios_knl_Swi_disable__E)
                  20010998    00000010     release_pem4.oem4 (.text:ti_sysbios_knl_Task_Object__get__S)
                  200109a8    00000010     sysbios.aem4 : BIOS.obj (.text:ti_sysbios_knl_Task_disable__E)
                  200109b8    00000010                  : BIOS.obj (.text:xdc_runtime_Memory_free__E)
                  200109c8    00000010                  : BIOS.obj (.text:xdc_runtime_SysCallback_abort__E)
                  200109d8    00000010                  : BIOS.obj (.text:xdc_runtime_SysCallback_exit__E)
                  200109e8    0000000e     rtsv7M4_T_le_eabi.lib : copy_decompress_none.c.obj (.text:decompress:none:__TI_decompress_none)
                  200109f6    00000002     --HOLE-- [fill = 0]
                  200109f8    0000000e     sysbios.aem4 : BIOS.obj (.text:pthread_attr_setdetachstate)
                  20010a06    00000002     --HOLE-- [fill = 0]
                  20010a08    0000000e                  : BIOS.obj (.text:ti_sysbios_knl_Idle_loop__E)
                  20010a16    00000002     --HOLE-- [fill = 0]
                  20010a18    0000000e                  : BIOS.obj (.text:ti_sysbios_knl_Queue_empty__E)
                  20010a26    0000000c     CC3220S_LAUNCHXL.obj (.text:CC3220S_LAUNCHXL_initGeneral)
                  20010a32    0000000c     dpl_cc32xx.aem4 : HwiP_tirtos.oem4 (.text:HwiP_delete)
                  20010a3e    00000002     --HOLE-- [fill = 0]
                  20010a40    0000000c     drivers_cc32xx.aem4 : PowerCC32XX.oem4 (.text:Power_getConstraintMask)
                  20010a4c    0000000c     dpl_cc32xx.aem4 : SemaphoreP_tirtos.oem4 (.text:SemaphoreP_delete)
                  20010a58    0000000c     rtsv7M4_T_le_eabi.lib : _lock.c.obj (.text:_register_lock)
                  20010a64    0000000c                           : _lock.c.obj (.text:_register_unlock)
                  20010a70    0000000c                           : copy_zero_init.c.obj (.text:decompress:ZI:__TI_zero_init)
                  20010a7c    0000000c     drivers_cc32xx.aem4 : TimerCC32XX.oem4 (.text:postNotifyFxn)
                  20010a88    0000000c     release_pem4.oem4 (.text:ti_sysbios_family_arm_m3_Hwi_Params__init__S)
                  20010a94    00000004     --HOLE-- [fill = 0]
                  20010a98    0000000c     sysbios.aem4 : BIOS.obj (.text:ti_sysbios_family_arm_m3_Hwi_disableFxn__E)
                  20010aa4    00000004     --HOLE-- [fill = 0]
                  20010aa8    0000000c                  : BIOS.obj (.text:ti_sysbios_family_arm_m3_TaskSupport_getStackAlignment__E)
                  20010ab4    00000004     --HOLE-- [fill = 0]
                  20010ab8    0000000c                  : BIOS.obj (.text:ti_sysbios_gates_GateHwi_enter__E)
                  20010ac4    00000004     --HOLE-- [fill = 0]
                  20010ac8    0000000c                  : BIOS.obj (.text:ti_sysbios_knl_Clock_getTicks__E)
                  20010ad4    00000004     --HOLE-- [fill = 0]
                  20010ad8    0000000c                  : BIOS.obj (.text:ti_sysbios_knl_Clock_setTicks__E)
                  20010ae4    00000004     --HOLE-- [fill = 0]
                  20010ae8    0000000c                  : BIOS.obj (.text:ti_sysbios_knl_Clock_tickStart__E)
                  20010af4    00000004     --HOLE-- [fill = 0]
                  20010af8    0000000c                  : BIOS.obj (.text:ti_sysbios_knl_Clock_tickStop__E)
                  20010b04    0000000c     release_pem4.oem4 (.text:ti_sysbios_knl_Queue_Object__get__S)
                  20010b10    0000000c     release_pem4.oem4 (.text:ti_sysbios_knl_Semaphore_Params__init__S)
                  20010b1c    0000000c     release_pem4.oem4 (.text:ti_sysbios_knl_Task_Params__init__S)
                  20010b28    0000000c     sysbios.aem4 : BIOS.obj (.text:ti_sysbios_knl_Task_self__E)
                  20010b34    00000004     --HOLE-- [fill = 0]
                  20010b38    0000000c                  : BIOS.obj (.text:ti_sysbios_rts_ti_ReentSupport_taskRegHook__I)
                  20010b44    00000004     --HOLE-- [fill = 0]
                  20010b48    0000000c                  : BIOS.obj (.text:xdc_runtime_Startup_rtsDone__E)
                  20010b54    0000000a     release_pem4.oem4 (.text:xdc_runtime_IHeap_alloc)
                  20010b5e    0000000a     release_pem4.oem4 (.text:xdc_runtime_IHeap_free)
                  20010b68    00000008     CC3220S_LAUNCHXL.obj (.text:Board_init)
                  20010b70    00000008     dpl_cc32xx.aem4 : SemaphoreP_tirtos.oem4 (.text:SemaphoreP_Params_init)
                  20010b78    00000008     sysbios.aem4 : BIOS.obj (.text:pthread_attr_setstacksize)
                  20010b80    00000008                  : BIOS.obj (.text:ti_sysbios_family_arm_m3_Hwi_doSwiRestore__I)
                  20010b88    00000008                  : BIOS.obj (.text:ti_sysbios_family_arm_m3_Hwi_startup__E)
                  20010b90    00000006     driverlib.a : utils.obj (.text:UtilsDelay)
                  20010b96    00000002     --HOLE-- [fill = 0]
                  20010b98    00000006     sysbios.aem4 : BIOS.obj (.text:ti_sysbios_family_arm_m3_Hwi_doTaskRestore__I)
                  20010b9e    00000002     --HOLE-- [fill = 0]
                  20010ba0    00000006                  : BIOS.obj (.text:ti_sysbios_family_arm_m3_Hwi_restoreFxn__E)
                  20010ba6    00000002     --HOLE-- [fill = 0]
                  20010ba8    00000006                  : BIOS.obj (.text:ti_sysbios_gates_GateHwi_leave__E)
                  20010bae    00000002     --HOLE-- [fill = 0]
                  20010bb0    00000006                  : BIOS.obj (.text:ti_sysbios_heaps_HeapMem_isBlocking__E)
                  20010bb6    00000002     --HOLE-- [fill = 0]
                  20010bb8    00000006                  : BIOS.obj (.text:ti_sysbios_knl_Queue_Instance_init__E)
                  20010bbe    00000002     --HOLE-- [fill = 0]
                  20010bc0    00000006                  : BIOS.obj (.text:ti_sysbios_knl_Swi_startup__E)
                  20010bc6    00000002     --HOLE-- [fill = 0]
                  20010bc8    00000006                  : BIOS.obj (.text:xdc_runtime_System_Module_startup__E)
                  20010bce    00000002     --HOLE-- [fill = 0]
                  20010bd0    00000004                  : BIOS.obj (.text:ti_sysbios_family_arm_m3_Timer_getMaxTicks__E)
                  20010bd4    00000004     --HOLE-- [fill = 0]
                  20010bd8    00000004                  : BIOS.obj (.text:ti_sysbios_gates_GateHwi_query__E)
                  20010bdc    00000004     --HOLE-- [fill = 0]
                  20010be0    00000004                  : BIOS.obj (.text:ti_sysbios_gates_GateMutex_query__E)
                  20010be4    00000004     --HOLE-- [fill = 0]
                  20010be8    00000004                  : BIOS.obj (.text:ti_sysbios_knl_Task_startup__E)
                  20010bec    00000004     --HOLE-- [fill = 0]
                  20010bf0    00000002                  : BIOS.obj (.text:ti_sysbios_BIOS_linkedWithIncorrectBootLibrary__E)
                  20010bf2    00000006     --HOLE-- [fill = 0]
                  20010bf8    00000002                  : BIOS.obj (.text:ti_sysbios_gates_GateHwi_Instance_init__E)
                  20010bfa    00000006     --HOLE-- [fill = 0]
                  20010c00    00000002                  : BIOS.obj (.text:ti_sysbios_knl_Clock_logTick__E)
                  20010c02    00000006     --HOLE-- [fill = 0]
                  20010c08    00000002                  : BIOS.obj (.text:xdc_runtime_SysCallback_defaultAbort)
                  20010c0a    00000006     --HOLE-- [fill = 0]
                  20010c10    00000002                  : BIOS.obj (.text:xdc_runtime_SysCallback_defaultExit)
                  20010c12    00000006     --HOLE-- [fill = 0]
                  20010c18    00000002                  : BIOS.obj (.text:xdc_runtime_System_abortSpin__E)
                  20010c1a    00000006     --HOLE-- [fill = 0]
                  20010c20    00000002                  : BIOS.obj (.text:xdc_runtime_System_exitSpin__E)

.bss       0    20011368    0000071a     UNINITIALIZED
                  20011368    0000030c     (.common:ti_sysbios_family_arm_m3_Hwi_dispatchTable)
                  20011674    00000004     drivers_cc32xx.aem4 : GPIOCC32XX.oem4 (.bss)
                  20011678    00000200     release_pem4.oem4 (.bss:taskStackSection)
                  20011878    0000012c     (.common:PowerCC32XX_contextSave)
                  200119a4    0000009c     (.common:timerCC3220SObjects)
                  20011a40    00000020     drivers_cc32xx.aem4 : GPIOCC32XX.oem4 (.bss:gpioCallbackInfo)
                  20011a60    00000014                         : GPIOCC32XX.oem4 (.bss:powerNotifyObj)
                  20011a74    00000004                         : TimerCC32XX.oem4 (.bss:timerState)
                  20011a78    00000004     (.common:ti_sysbios_knl_Task_Instance_State_0_hookEnv__A)
                  20011a7c    00000001     (.common:D4)
                  20011a7d    00000001     (.common:D5)
                  20011a7e    00000001     (.common:D6)
                  20011a7f    00000001     (.common:D7)
                  20011a80    00000001     (.common:E)
                  20011a81    00000001     (.common:Rs)

.data      0    20010c24    00000740     UNINITIALIZED
                  20010c24    0000016c     drivers_cc32xx.aem4 : PowerCC32XX.oem4 (.data:PowerCC32XX_module)
                  20010d90    000000f8     CC3220S_LAUNCHXL.obj (.data:parkInfo)
                  20010e88    00000088     sysbios.aem4 : BIOS.obj (.data:$O1$$)
                  20010f10    00000080     release_pem4.oem4 (.data:ti_sysbios_knl_Swi_Module_State_0_readyQ__A)
                  20010f90    00000080     release_pem4.oem4 (.data:ti_sysbios_knl_Task_Module_State_0_readyQ__A)
                  20011010    00000070     CC3220S_LAUNCHXL.obj (.data:gpioPinConfigs)
                  20011080    0000005c     release_pem4.oem4 (.data:ti_sysbios_knl_Task_Object__table__V)
                  200110dc    00000054     release_pem4.oem4 (.data:ti_sysbios_gates_GateMutex_Object__table__V)
                  20011130    00000048     release_pem4.oem4 (.data:ti_sysbios_knl_Task_Module__state__V)
                  20011178    00000034     release_pem4.oem4 (.data:ti_sysbios_family_arm_m3_Hwi_Module__state__V)
                  200111ac    00000030     release_pem4.oem4 (.data:ti_sysbios_family_arm_m3_Timer_Object__table__V)
                  200111dc    00000030     release_pem4.oem4 (.data:ti_sysbios_knl_Swi_Object__table__V)
                  2001120c    0000002c     release_pem4.oem4 (.data:ti_sysbios_knl_Clock_Module__state__V)
                  20011238    00000024     release_pem4.oem4 (.data:ti_sysbios_BIOS_Module__state__V)
                  2001125c    00000020     release_pem4.oem4 (.data:xdc_runtime_Error_IgnoreBlock)
                  2001127c    0000001c     release_pem4.oem4 (.data:ti_sysbios_knl_Swi_Module__state__V)
                  20011298    00000018     release_pem4.oem4 (.data:ti_sysbios_family_arm_m3_Hwi_Object__table__V)
                  200112b0    00000018     release_pem4.oem4 (.data:ti_sysbios_heaps_HeapMem_Object__table__V)
                  200112c8    00000010     CC3220S_LAUNCHXL.obj (.data:gpioCallbackFunctions)
                  200112d8    0000000c     release_pem4.oem4 (.data:ti_sysbios_family_arm_m3_Timer_Module__state__V)
                  200112e4    00000009     drivers_cc32xx.aem4 : GPIOCC32XX.oem4 (.data)
                  200112ed    00000001                         : Timer.oem4 (.data)
                  200112ee    00000002     release_pem4.oem4 (.data:ti_sysbios_family_arm_m3_Hwi_Module_State_0_excActive__A)
                  200112f0    00000008     rtsv7M4_T_le_eabi.lib : _lock.c.obj (.data:$O1$$)
                  200112f8    00000008     release_pem4.oem4 (.data:ti_sysbios_family_arm_m3_Hwi_Module__root__V)
                  20011300    00000008     release_pem4.oem4 (.data:ti_sysbios_gates_GateHwi_Module__root__V)
                  20011308    00000008     release_pem4.oem4 (.data:ti_sysbios_gates_GateMutex_Module__root__V)
                  20011310    00000008     release_pem4.oem4 (.data:ti_sysbios_heaps_HeapMem_Module__root__V)
                  20011318    00000008     release_pem4.oem4 (.data:ti_sysbios_knl_Queue_Module__root__V)
                  20011320    00000008     release_pem4.oem4 (.data:ti_sysbios_knl_Semaphore_Module__root__V)
                  20011328    00000008     release_pem4.oem4 (.data:ti_sysbios_knl_Task_Module__root__V)
                  20011330    00000008     release_pem4.oem4 (.data:xdc_runtime_Startup_Module__state__V)
                  20011338    00000008     release_pem4.oem4 (.data:xdc_runtime_System_Module_State_0_atexitHandlers__A)
                  20011340    00000008     release_pem4.oem4 (.data:xdc_runtime_System_Module__state__V)
                  20011348    00000004     rtsv7M4_T_le_eabi.lib : stkdepth_vars.c.obj (.data)
                  2001134c    00000004     release_pem4.oem4 (.data:ti_sysbios_family_arm_m3_Hwi_Module_State_0_excContext__A)
                  20011350    00000004     release_pem4.oem4 (.data:ti_sysbios_family_arm_m3_Hwi_Module_State_0_excStack__A)
                  20011354    00000004     release_pem4.oem4 (.data:ti_sysbios_gates_GateHwi_Object__table__V)
                  20011358    00000004     release_pem4.oem4 (.data:ti_sysbios_knl_Task_Module_State_0_idleTask__A)
                  2001135c    00000004     release_pem4.oem4 (.data:ti_sysbios_rts_ti_ReentSupport_Module__state__V)
                  20011360    00000004     release_pem4.oem4 (.data:xdc_runtime_Memory_Module__state__V)

.const     0    20011a84    000006eb     
                  20011a84    00000100     driverlib.a : pin.obj (.const:g_ulPinToPadMap)
                  20011b84    000000a8                 : prcm.obj (.const:PRCM_PeriphRegsList)
                  20011c2c    00000058     release_pem4.oem4 (.const:.string)
                  20011c84    00000044     release_pem4.oem4 (.const:ti_sysbios_knl_Task_Object__PARAMS__C)
                  20011cc8    00000040     CC3220S_LAUNCHXL.obj (.const:PowerCC32XX_config)
                  20011d08    00000030     release_pem4.oem4 (.const:ti_sysbios_family_arm_m3_Hwi_Object__PARAMS__C)
                  20011d38    00000030     CC3220S_LAUNCHXL.obj (.const:timerCC3220SHWAttrs)
                  20011d68    00000028     release_pem4.oem4 (.const:ti_sysbios_heaps_HeapMem_Module__FXNS__C)
                  20011d90    00000024     CC3220S_LAUNCHXL.obj (.const:Timer_config)
                  20011db4    00000024     release_pem4.oem4 (.const:ti_sysbios_gates_GateHwi_Module__FXNS__C)
                  20011dd8    00000024     release_pem4.oem4 (.const:ti_sysbios_gates_GateMutex_Module__FXNS__C)
                  20011dfc    00000024     release_pem4.oem4 (.const:ti_sysbios_heaps_HeapMem_Object__PARAMS__C)
                  20011e20    00000024     release_pem4.oem4 (.const:ti_sysbios_knl_Semaphore_Object__PARAMS__C)
                  20011e44    00000021     drivers_cc32xx.aem4 : GPIOCC32XX.oem4 (.const:.string:pinTable)
                  20011e65    00000001     release_pem4.oem4 (.const:ti_sysbios_knl_Clock_tickMode__C)
                  20011e66    00000002     release_pem4.oem4 (.const:ti_sysbios_family_arm_m3_Hwi_Module__id__C)
                  20011e68    00000020     release_pem4.oem4 (.const:ti_sysbios_family_arm_m3_Hwi_Object__DESC__C)
                  20011e88    00000020     release_pem4.oem4 (.const:ti_sysbios_gates_GateHwi_Object__DESC__C)
                  20011ea8    00000020     release_pem4.oem4 (.const:ti_sysbios_gates_GateMutex_Object__DESC__C)
                  20011ec8    00000020     release_pem4.oem4 (.const:ti_sysbios_heaps_HeapMem_Object__DESC__C)
                  20011ee8    00000020     release_pem4.oem4 (.const:ti_sysbios_knl_Queue_Object__DESC__C)
                  20011f08    00000020     release_pem4.oem4 (.const:ti_sysbios_knl_Semaphore_Object__DESC__C)
                  20011f28    00000020     release_pem4.oem4 (.const:ti_sysbios_knl_Task_Object__DESC__C)
                  20011f48    00000020     release_pem4.oem4 (.const:xdc_runtime_Startup_sfxnTab__A)
                  20011f68    0000001c     drivers_cc32xx.aem4 : TimerCC32XX.oem4 (.const:TimerCC32XX_fxnTable)
                  20011f84    00000018     release_pem4.oem4 (.const:ti_sysbios_gates_GateHwi_Object__PARAMS__C)
                  20011f9c    00000018     release_pem4.oem4 (.const:ti_sysbios_gates_GateMutex_Object__PARAMS__C)
                  20011fb4    00000018     release_pem4.oem4 (.const:ti_sysbios_knl_Queue_Object__PARAMS__C)
                  20011fcc    00000018     release_pem4.oem4 (.const:ti_sysbios_knl_Task_hooks__A)
                  20011fe4    00000014     CC3220S_LAUNCHXL.obj (.const:GPIOCC32XX_config)
                  20011ff8    00000014     drivers_cc32xx.aem4 : GPIOCC32XX.oem4 (.const:gpioBaseAddresses)
                  2001200c    00000014                         : GPIOCC32XX.oem4 (.const:powerResources)
                  20012020    00000010     release_pem4.oem4 (.const:xdc_runtime_Startup_sfxnRts__A)
                  20012030    0000000c     CC3220S_LAUNCHXL.obj (.const)
                  2001203c    0000000c     release_pem4.oem4 (.const:xdc_runtime_Startup_firstFxns__A)
                  20012048    00000008     drivers_cc32xx.aem4 : GPIOCC32XX.oem4 (.const:outPinTypes)
                  20012050    00000008     release_pem4.oem4 (.const:ti_sysbios_knl_Idle_funcList__A)
                  20012058    00000008     release_pem4.oem4 (.const:ti_sysbios_knl_Idle_funcList__C)
                  20012060    00000008     release_pem4.oem4 (.const:ti_sysbios_knl_Task_hooks__C)
                  20012068    00000008     release_pem4.oem4 (.const:xdc_runtime_Startup_firstFxns__C)
                  20012070    00000008     release_pem4.oem4 (.const:xdc_runtime_Startup_lastFxns__C)
                  20012078    00000006     drivers_cc32xx.aem4 : GPIOCC32XX.oem4 (.const:.string:interruptType)
                  2001207e    00000006                         : GPIOCC32XX.oem4 (.const:inPinTypes)
                  20012084    00000006                         : GPIOCC32XX.oem4 (.const:outPinStrengths)
                  2001208a    00000004                         : GPIOCC32XX.oem4 (.const:.string:portInterruptIds)
                  2001208e    00000002     release_pem4.oem4 (.const:ti_sysbios_family_arm_m3_Timer_Module__id__C)
                  20012090    00000004     release_pem4.oem4 (.const:ti_sysbios_family_arm_m3_Hwi_E_alreadyDefined__C)
                  20012094    00000004     release_pem4.oem4 (.const:ti_sysbios_family_arm_m3_Hwi_NUM_INTERRUPTS__C)
                  20012098    00000004     release_pem4.oem4 (.const:ti_sysbios_family_arm_m3_Hwi_Object__count__C)
                  2001209c    00000004     release_pem4.oem4 (.const:ti_sysbios_family_arm_m3_Hwi_ccr__C)
                  200120a0    00000004     release_pem4.oem4 (.const:ti_sysbios_family_arm_m3_Hwi_excHandlerFunc__C)
                  200120a4    00000004     release_pem4.oem4 (.const:ti_sysbios_family_arm_m3_Hwi_nullIsrFunc__C)
                  200120a8    00000004     release_pem4.oem4 (.const:ti_sysbios_family_arm_m3_Hwi_priGroup__C)
                  200120ac    00000004     release_pem4.oem4 (.const:ti_sysbios_family_arm_m3_Hwi_swiDisable__C)
                  200120b0    00000004     release_pem4.oem4 (.const:ti_sysbios_family_arm_m3_Hwi_swiRestore__C)
                  200120b4    00000004     release_pem4.oem4 (.const:ti_sysbios_family_arm_m3_TaskSupport_stackAlignment__C)
                  200120b8    00000004     release_pem4.oem4 (.const:ti_sysbios_family_arm_m3_Timer_E_cannotSupport__C)
                  200120bc    00000004     release_pem4.oem4 (.const:ti_sysbios_family_arm_m3_Timer_startupNeeded__C)
                  200120c0    00000004     release_pem4.oem4 (.const:ti_sysbios_gates_GateMutex_Instance_State_sem__O)
                  200120c4    00000004     release_pem4.oem4 (.const:ti_sysbios_heaps_HeapMem_E_memory__C)
                  200120c8    00000004     release_pem4.oem4 (.const:ti_sysbios_heaps_HeapMem_Module__gateObj__C)
                  200120cc    00000004     release_pem4.oem4 (.const:ti_sysbios_heaps_HeapMem_Object__count__C)
                  200120d0    00000004     release_pem4.oem4 (.const:ti_sysbios_heaps_HeapMem_primaryHeapBaseAddr__C)
                  200120d4    00000004     release_pem4.oem4 (.const:ti_sysbios_heaps_HeapMem_primaryHeapEndAddr__C)
                  200120d8    00000004     release_pem4.oem4 (.const:ti_sysbios_heaps_HeapMem_reqAlign__C)
                  200120dc    00000004     release_pem4.oem4 (.const:ti_sysbios_knl_Clock_Module_State_clockQ__O)
                  200120e0    00000004     release_pem4.oem4 (.const:ti_sysbios_knl_Clock_tickPeriod__C)
                  200120e4    00000004     release_pem4.oem4 (.const:ti_sysbios_knl_Mailbox_Instance_State_freeQue__O)
                  200120e8    00000004     release_pem4.oem4 (.const:ti_sysbios_knl_Mailbox_Object__count__C)
                  200120ec    00000004     release_pem4.oem4 (.const:ti_sysbios_knl_Mailbox_maxTypeAlign__C)
                  200120f0    00000004     release_pem4.oem4 (.const:ti_sysbios_knl_Semaphore_Instance_State_pendQ__O)
                  200120f4    00000004     release_pem4.oem4 (.const:ti_sysbios_knl_Swi_Object__count__C)
                  200120f8    00000004     release_pem4.oem4 (.const:ti_sysbios_knl_Task_Module_State_inactiveQ__O)
                  200120fc    00000004     release_pem4.oem4 (.const:ti_sysbios_knl_Task_Object__count__C)
                  20012100    00000004     release_pem4.oem4 (.const:ti_sysbios_knl_Task_Object__heap__C)
                  20012104    00000004     release_pem4.oem4 (.const:ti_sysbios_knl_Task_allBlockedFunc__C)
                  20012108    00000004     release_pem4.oem4 (.const:ti_sysbios_knl_Task_defaultStackHeap__C)
                  2001210c    00000004     release_pem4.oem4 (.const:ti_sysbios_knl_Task_defaultStackSize__C)
                  20012110    00000004     release_pem4.oem4 (.const:ti_sysbios_knl_Task_numConstructedTasks__C)
                  20012114    00000004     release_pem4.oem4 (.const:xdc_runtime_Error_E_memory__C)
                  20012118    00000004     release_pem4.oem4 (.const:xdc_runtime_Error_policyFxn__C)
                  2001211c    00000004     release_pem4.oem4 (.const:xdc_runtime_IGateProvider_Interface__BASE__C)
                  20012120    00000004     release_pem4.oem4 (.const:xdc_runtime_IHeap_Interface__BASE__C)
                  20012124    00000004     release_pem4.oem4 (.const:xdc_runtime_IModule_Interface__BASE__C)
                  20012128    00000004     release_pem4.oem4 (.const:xdc_runtime_Memory_defaultHeapInstance__C)
                  2001212c    00000004     release_pem4.oem4 (.const:xdc_runtime_Startup_execImpl__C)
                  20012130    00000004     release_pem4.oem4 (.const:xdc_runtime_Startup_maxPasses__C)
                  20012134    00000004     release_pem4.oem4 (.const:xdc_runtime_Startup_sfxnRts__C)
                  20012138    00000004     release_pem4.oem4 (.const:xdc_runtime_Startup_sfxnTab__C)
                  2001213c    00000004     release_pem4.oem4 (.const:xdc_runtime_SysCallback_abortFxn__C)
                  20012140    00000004     release_pem4.oem4 (.const:xdc_runtime_SysCallback_exitFxn__C)
                  20012144    00000004     release_pem4.oem4 (.const:xdc_runtime_System_Module__gateObj__C)
                  20012148    00000004     release_pem4.oem4 (.const:xdc_runtime_System_abortFxn__C)
                  2001214c    00000004     release_pem4.oem4 (.const:xdc_runtime_System_exitFxn__C)
                  20012150    00000004     release_pem4.oem4 (.const:xdc_runtime_System_maxAtexitHandlers__C)
                  20012154    00000004     release_pem4.oem4 (.const:xdc_runtime_Text_charTab__C)
                  20012158    00000004     release_pem4.oem4 (.const:xdc_runtime_Text_nameEmpty__C)
                  2001215c    00000004     release_pem4.oem4 (.const:xdc_runtime_Text_nameStatic__C)
                  20012160    00000004     release_pem4.oem4 (.const:xdc_runtime_Text_nameUnknown__C)
                  20012164    00000002     release_pem4.oem4 (.const:ti_sysbios_heaps_HeapMem_Module__id__C)
                  20012166    00000002     release_pem4.oem4 (.const:xdc_runtime_Memory_Module__id__C)
                  20012168    00000002     release_pem4.oem4 (.const:xdc_runtime_Text_charCnt__C)
                  2001216a    00000002     release_pem4.oem4 (.const:xdc_runtime_Text_isLoaded__C)
                  2001216c    00000001     release_pem4.oem4 (.const:ti_sysbios_knl_Clock_tickSource__C)
                  2001216d    00000001     release_pem4.oem4 (.const:xdc_runtime_Error_policy__C)
                  2001216e    00000001     release_pem4.oem4 (.const:xdc_runtime_Text_charTab__A)

.cinit     0    20012170    00000298     
                  20012170    00000274     (.cinit..data.load) [load image, compression = lzss]
                  200123e4    0000000c     (__TI_handler_table)
                  200123f0    00000008     (.cinit..bss.load) [load image, compression = zero_init]
                  200123f8    00000010     (__TI_cinit_table)

.init_array 
*          0    20004000    00000000     UNINITIALIZED

.priheap   0    20004040    00008000     UNINITIALIZED
                  20004040    00008000     --HOLE--

.bootVecs 
*          0    00000000    00000008     DSECT
                  00000000    00000008     boot.aem4 : boot.oem4 (.bootVecs)

.resetVecs 
*          0    20004000    0000003c     
                  20004000    0000003c     release_pem4.oem4 (.resetVecs)

xdc.meta   0    00000000    00000108     COPY SECTION
                  00000000    00000108     release_pem4.oem4 (xdc.meta)

xdc.noload 
*          0    00000000    00000000     COPY SECTION

MODULE SUMMARY

       Module                       code    ro data   rw data
       ------                       ----    -------   -------
    .\
       CC3220S_LAUNCHXL.obj         20      180       532    
       lcd.obj                      388     0         0      
       main_tirtos.obj              100     0         0      
       Lab3.obj                     54      0         6      
    +--+----------------------------+-------+---------+---------+
       Total:                       562     180       538    
                                                             
    C:\Users\maria\micro2workspace\tirtos_builds_CC3220S_LAUNCHXL_release_ccs\Debug\configPkg\package\cfg\
       release_pem4.oem4            1384    1096      3034   
    +--+----------------------------+-------+---------+---------+
       Total:                       1384    1096      3034   
                                                             
    C:/ti/simplelink_cc32xx_sdk_3_20_00_06/kernel/tirtos/packages/ti/dpl/lib/dpl_cc32xx.aem4
       PowerCC32XX_tirtos.oem4      430     0         0      
       SemaphoreP_tirtos.oem4       146     0         0      
       HwiP_tirtos.oem4             100     0         0      
       ClockP_tirtos.oem4           4       0         0      
    +--+----------------------------+-------+---------+---------+
       Total:                       680     0         0      
                                                             
    C:/ti/simplelink_cc32xx_sdk_3_20_00_06/source/ti/devices/cc32xx/driverlib/ccs/Release/driverlib.a
       prcm.obj                     1604    168       0      
       pin.obj                      280     256       0      
       timer.obj                    264     0         0      
       flash.obj                    72      0         0      
       utils.obj                    6       0         0      
    +--+----------------------------+-------+---------+---------+
       Total:                       2226    424       0      
                                                             
    C:/ti/simplelink_cc32xx_sdk_3_20_00_06/source/ti/drivers/lib/drivers_cc32xx.aem4
       PowerCC32XX.oem4             2212    0         664    
       GPIOCC32XX.oem4              1196    103       65     
       TimerCC32XX.oem4             994     28        4      
       PowerCC32XX_asm.oem4         150     0         0      
       List.oem4                    76      0         0      
       Timer.oem4                   68      0         1      
    +--+----------------------------+-------+---------+---------+
       Total:                       4696    131       734    
                                                             
    C:\Users\maria\micro2workspace\tirtos_builds_CC3220S_LAUNCHXL_release_ccs\src\sysbios\sysbios.aem4
       BIOS.obj                     8262    0         136    
       m3_Hwi_asm.obj               274     0         0      
       m3_Hwi_asm_switch.obj        102     0         0      
       m3_TaskSupport_asm.obj       36      0         0      
    +--+----------------------------+-------+---------+---------+
       Total:                       8674    0         136    
                                                             
    C:\ti\ccs910\ccs\tools\compiler\ti-cgt-arm_18.12.2.LTS\lib\rtsv7M4_T_le_eabi.lib
       memcpy_t2.asm.obj            156     0         0      
       ull_div_t2.asm.obj           150     0         0      
       memset_t2.asm.obj            122     0         0      
       copy_decompress_lzss.c.obj   104     0         0      
       cpy_tbl.c.obj                76      0         0      
       _lock.c.obj                  26      0         8      
       args_main.c.obj              24      0         0      
       ll_mul_t2.asm.obj            24      0         0      
       copy_decompress_none.c.obj   14      0         0      
       copy_zero_init.c.obj         12      0         0      
       stkdepth_vars.c.obj          0       0         4      
       div0.asm.obj                 2       0         0      
    +--+----------------------------+-------+---------+---------+
       Total:                       710     0         12     
                                                             
    C:\ti\simplelink_cc32xx_sdk_3_20_00_06\kernel\tirtos\packages\ti\targets\arm\rtsarm\lib\auto_init.aem4
       auto_init.oem4               160     0         0      
    +--+----------------------------+-------+---------+---------+
       Total:                       160     0         0      
                                                             
    C:\ti\simplelink_cc32xx_sdk_3_20_00_06\kernel\tirtos\packages\ti\targets\arm\rtsarm\lib\boot.aem4
       boot.oem4                    68      0         0      
    +--+----------------------------+-------+---------+---------+
       Total:                       68      0         0      
                                                             
       Stack:                       0       0         1024   
       Linker Generated:            0       664       0      
    +--+----------------------------+-------+---------+---------+
       Grand Total:                 19160   2495      5478   


LINKER GENERATED COPY TABLES

__TI_cinit_table @ 200123f8 records: 2, size/record: 8, table size: 16
	.data: load addr=20012170, load size=00000274 bytes, run addr=20010c24, run size=00000740 bytes, compression=lzss
	.bss: load addr=200123f0, load size=00000008 bytes, run addr=20011368, run size=0000071a bytes, compression=zero_init


LINKER GENERATED HANDLER TABLE

__TI_handler_table @ 200123e4 records: 3, size/record: 4, table size: 12
	index: 0, handler: __TI_zero_init
	index: 1, handler: __TI_decompress_lzss
	index: 2, handler: __TI_decompress_none


GLOBAL SYMBOLS: SORTED ALPHABETICALLY BY Name 

address   name                                                            
-------   ----                                                            
20012030  ADC_count                                                       
20010b69  Board_init                                                      
20010a27  CC3220S_LAUNCHXL_initGeneral                                    
20012031  Capture_count                                                   
2000cc4d  ClockP_getCpuFreq                                               
20010ac9  ClockP_getSystemTicks                                           
20012032  CryptoCC32XX_count                                              
20011a7c  D4                                                              
20011a7d  D5                                                              
20011a7e  D6                                                              
20011a7f  D7                                                              
20011a80  E                                                               
2000f21d  FlashDisable                                                    
20011fe4  GPIOCC32XX_config                                               
2000efb1  GPIO_enableInt                                                  
2000e475  GPIO_hwiIntFxn                                                  
2000d3f1  GPIO_init                                                       
2000e9e1  GPIO_setCallback                                                
2000c46d  GPIO_setConfig                                                  
2000ebbd  GPIO_write                                                      
00008000  HEAPSIZE                                                        
20010905  HwiP_Params_init                                                
2000cd6d  HwiP_clearInterrupt                                             
2000f765  HwiP_create                                                     
20010a33  HwiP_delete                                                     
2000cf85  HwiP_disable                                                    
20010ba1  HwiP_restore                                                    
20012033  I2C_count                                                       
20012034  I2S_count                                                       
20010189  List_put                                                        
200101af  List_remove                                                     
2000c041  PRCMCC3200MCUInit                                               
200107b9  PRCMHIBRegRead                                                  
200107cf  PRCMHIBRegWrite                                                 
2000f265  PRCMLPDSEnter                                                   
2000fa91  PRCMLPDSEnterKeepDebugIf                                        
2000f539  PRCMLPDSRestoreInfoSet                                          
20010095  PRCMPeripheralClkDisable                                        
2000f2ad  PRCMPeripheralClkEnable                                         
2000ec15  PRCMPeripheralReset                                             
2000e8bd  PRCMSysResetCauseGet                                            
20012035  PWM_count                                                       
2000de35  PinConfigSet                                                    
2000fbdd  PinModeGet                                                      
2000f7a5  PinModeSet                                                      
200104f5  PinToPadGet                                                     
20011cc8  PowerCC32XX_config                                              
2000d6fd  PowerCC32XX_configureWakeup                                     
20011878  PowerCC32XX_contextSave                                         
2000f57d  PowerCC32XX_enterLPDS                                           
200100bd  PowerCC32XX_initPolicy                                          
20010c24  PowerCC32XX_module                                              
2000effd  PowerCC32XX_parkPin                                             
2000fd4b  PowerCC32XX_restoreParkedPin                                    
2000ee1d  PowerCC32XX_resumeLPDS                                          
2000e791  PowerCC32XX_setParkState                                        
2000c645  PowerCC32XX_sleepPolicy                                         
20010a41  Power_getConstraintMask                                         
200107fd  Power_getDependencyCount                                        
20010621  Power_idleFunc                                                  
2000e059  Power_init                                                      
200100e5  Power_registerNotify                                            
2000f2f5  Power_releaseConstraint                                         
2000ec6d  Power_releaseDependency                                         
2000f829  Power_setConstraint                                             
2000e2f5  Power_setDependency                                             
2000cb31  Power_sleep                                                     
20010375  Power_unregisterNotify                                          
20011a81  Rs                                                              
20012036  SDFatFS_count                                                   
20012037  SD_count                                                        
UNDEFED   SHT$$INIT_ARRAY$$Base                                           
UNDEFED   SHT$$INIT_ARRAY$$Limit                                          
20012038  SPI_count                                                       
20010b71  SemaphoreP_Params_init                                          
2000f865  SemaphoreP_create                                               
2000ff61  SemaphoreP_createBinary                                         
20010a4d  SemaphoreP_delete                                               
200108a1  SemaphoreP_pend                                                 
2000d085  SemaphoreP_post                                                 
2000eec1  TimerCC32XX_allocateTimerResource                               
2000fa1d  TimerCC32XX_close                                               
200108db  TimerCC32XX_control                                             
2000fc11  TimerCC32XX_freeTimerResource                                   
20011f68  TimerCC32XX_fxnTable                                            
20010639  TimerCC32XX_getCount                                            
2000dbef  TimerCC32XX_init                                                
2000ca09  TimerCC32XX_open                                                
2000e4ed  TimerCC32XX_start                                               
2000ecc5  TimerCC32XX_stop                                                
2000fb6f  TimerControlStall                                               
20010499  TimerDisable                                                    
200104b7  TimerEnable                                                     
200108b3  TimerIntClear                                                   
20010651  TimerIntDisable                                                 
20010669  TimerIntEnable                                                  
20010041  TimerLoadSet                                                    
2001006b  TimerPrescaleSet                                                
20011d90  Timer_config                                                    
20012039  Timer_count                                                     
2000f5c1  Timer_init                                                      
2001203a  UART_count                                                      
20010b91  UtilsDelay                                                      
2001203b  Watchdog_count                                                  
00000000  __ASM__                                                         
00000081  __ISA__                                                         
00000094  __PLAT__                                                        
20004000  __STACK_END                                                     
00000400  __STACK_SIZE                                                    
000000bb  __TARG__                                                        
200123f8  __TI_CINIT_Base                                                 
20012408  __TI_CINIT_Limit                                                
200123e4  __TI_Handler_Table_Base                                         
200123f0  __TI_Handler_Table_Limit                                        
2000d84d  __TI_auto_init                                                  
2000e6bd  __TI_decompress_lzss                                            
200109e9  __TI_decompress_none                                            
ffffffff  __TI_pprof_out_hndl                                             
ffffffff  __TI_prof_data_size                                             
ffffffff  __TI_prof_data_start                                            
20012170  __TI_static_base__                                              
20010a71  __TI_zero_init                                                  
000000e0  __TRDR__                                                        
2000e473  __aeabi_idiv0                                                   
2000e473  __aeabi_ldiv0                                                   
20010699  __aeabi_lmul                                                    
2000e3f9  __aeabi_memclr                                                  
2000e3f9  __aeabi_memclr4                                                 
2000e3f9  __aeabi_memclr8                                                 
2000d98d  __aeabi_memcpy                                                  
2000d98d  __aeabi_memcpy4                                                 
2000d98d  __aeabi_memcpy8                                                 
2000e3fb  __aeabi_memset                                                  
2000e3fb  __aeabi_memset4                                                 
2000e3fb  __aeabi_memset8                                                 
2000db59  __aeabi_uldivmod                                                
ffffffff  __binit__                                                       
ffffffff  __c_args__                                                      
2000c040  __primary_heap_end__                                            
20004040  __primary_heap_start__                                          
20003c00  __stack                                                         
20010681  _args_main                                                      
2000f605  _c_int00                                                        
200112f0  _lock                                                           
2000e057  _nop                                                            
2000ff91  _pthread_cleanupFxn                                             
2000d8f1  _pthread_removeThreadKeys                                       
20010a59  _register_lock                                                  
20010a65  _register_unlock                                                
200112f4  _unlock                                                         
ffffffff  binit                                                           
2000f049  copy_in                                                         
200112c8  gpioCallbackFunctions                                           
20011010  gpioPinConfigs                                                  
2001207e  inPinTypes                                                      
2000e0dd  lcd_byte                                                        
2000ffbd  lcd_command                                                     
2000d179  lcd_init_4bit                                                   
2000e7f5  main                                                            
2000fba5  mainThread                                                      
20011348  main_func_sp                                                    
2000d98d  memcpy                                                          
2000e401  memset                                                          
20012084  outPinStrengths                                                 
20012048  outPinTypes                                                     
20010d90  parkInfo                                                        
200101d9  pthread_attr_init                                               
200109f9  pthread_attr_setdetachstate                                     
20010811  pthread_attr_setschedparam                                      
20010b79  pthread_attr_setstacksize                                       
2000d089  pthread_create                                                  
2000e729  pthread_exit                                                    
20011238  ti_sysbios_BIOS_Module__state__V                                
20010711  ti_sysbios_BIOS_RtsGateProxy_Handle__label__S                   
2000d31d  ti_sysbios_BIOS_RtsGateProxy_enter__E                           
2000d4b5  ti_sysbios_BIOS_RtsGateProxy_leave__E                           
20010be1  ti_sysbios_BIOS_RtsGateProxy_query__E                           
2000fd7d  ti_sysbios_BIOS_atExitFunc__I                                   
200107e5  ti_sysbios_BIOS_exitFunc__I                                     
20010919  ti_sysbios_BIOS_getCpuFreq__E                                   
20010bf1  ti_sysbios_BIOS_linkedWithIncorrectBootLibrary__E               
2000ea3d  ti_sysbios_BIOS_nullFunc__I                                     
200101fd  ti_sysbios_BIOS_registerRTSLock__I                              
20010221  ti_sysbios_BIOS_removeRTSLock__I                                
20010395  ti_sysbios_BIOS_rtsLock__I                                      
200106b1  ti_sysbios_BIOS_rtsUnlock__I                                    
20010929  ti_sysbios_BIOS_setThreadType__E                                
2000fdad  ti_sysbios_BIOS_startFunc__I                                    
20010939  ti_sysbios_BIOS_start__E                                        
20012090  ti_sysbios_family_arm_m3_Hwi_E_alreadyDefined__C                
2000f8a1  ti_sysbios_family_arm_m3_Hwi_Instance_finalize__E               
2000dac1  ti_sysbios_family_arm_m3_Hwi_Instance_init__E                   
200112ee  ti_sysbios_family_arm_m3_Hwi_Module_State_0_excActive__A        
2001134c  ti_sysbios_family_arm_m3_Hwi_Module_State_0_excContext__A       
20011350  ti_sysbios_family_arm_m3_Hwi_Module_State_0_excStack__A         
20011e66  ti_sysbios_family_arm_m3_Hwi_Module__id__C                      
200112f8  ti_sysbios_family_arm_m3_Hwi_Module__root__V                    
200106c9  ti_sysbios_family_arm_m3_Hwi_Module__startupDone__F             
200106c9  ti_sysbios_family_arm_m3_Hwi_Module__startupDone__S             
20011178  ti_sysbios_family_arm_m3_Hwi_Module__state__V                   
2000ef11  ti_sysbios_family_arm_m3_Hwi_Module_startup__E                  
20012094  ti_sysbios_family_arm_m3_Hwi_NUM_INTERRUPTS__C                  
20011e68  ti_sysbios_family_arm_m3_Hwi_Object__DESC__C                    
20011d08  ti_sysbios_family_arm_m3_Hwi_Object__PARAMS__C                  
20012098  ti_sysbios_family_arm_m3_Hwi_Object__count__C                   
200103b5  ti_sysbios_family_arm_m3_Hwi_Object__delete__S                  
20010825  ti_sysbios_family_arm_m3_Hwi_Object__get__S                     
20011298  ti_sysbios_family_arm_m3_Hwi_Object__table__V                   
20010a89  ti_sysbios_family_arm_m3_Hwi_Params__init__S                    
2001209c  ti_sysbios_family_arm_m3_Hwi_ccr__C                             
200103d9  ti_sysbios_family_arm_m3_Hwi_clearInterrupt__E                  
2000ed1d  ti_sysbios_family_arm_m3_Hwi_create                             
2000d63d  ti_sysbios_family_arm_m3_Hwi_delete                             
20010a99  ti_sysbios_family_arm_m3_Hwi_disableFxn__E                      
2000f341  ti_sysbios_family_arm_m3_Hwi_disableInterrupt__E                
2000e859  ti_sysbios_family_arm_m3_Hwi_dispatchC__I                       
20011368  ti_sysbios_family_arm_m3_Hwi_dispatchTable                      
[...]
20010839  ti_sysbios_family_arm_m3_Hwi_switchFromBootStack__E             
20010839  ti_sysbios_hal_Hwi_HwiProxy_switchFromBootStack__E              
20010839  ti_sysbios_hal_Hwi_switchFromBootStack__E                       
2001084d  ti_sysbios_family_arm_m3_TaskSupport_swap__E                    
2001084d  ti_sysbios_knl_Task_SupportProxy_swap__E                        
20010859  ti_sysbios_knl_Task_swapReturn                                  
20010861  ti_sysbios_heaps_HeapMem_Object__get__S                         
20010879  ti_sysbios_knl_Clock_tickReconfig__E                            
2001088d  ti_sysbios_knl_Swi_Object__get__S                               
200108a1  SemaphoreP_pend                                                 
200108b3  TimerIntClear                                                   
200108db  TimerCC32XX_control                                             
200108e1  ti_sysbios_hal_Hwi_Module_startup__E                            
200108f3  xdc_runtime_Startup_exec__I                                     
20010905  HwiP_Params_init                                                
20010919  ti_sysbios_BIOS_getCpuFreq__E                                   
20010929  ti_sysbios_BIOS_setThreadType__E                                
20010939  ti_sysbios_BIOS_start__E                                        
20010949  ti_sysbios_family_arm_m3_TaskSupport_glue                       
20010959  ti_sysbios_gates_GateMutex_Instance_finalize__E                 
20010969  ti_sysbios_knl_Mailbox_Object__get__S                           
20010979  ti_sysbios_knl_Semaphore_Instance_finalize__E                   
20010989  ti_sysbios_knl_Swi_disable__E                                   
20010999  ti_sysbios_knl_Task_Object__get__S                              
200109a9  ti_sysbios_knl_Task_disable__E                                  
200109b9  xdc_runtime_Memory_free__E                                      
200109c9  xdc_runtime_SysCallback_abort__E                                
200109c9  xdc_runtime_System_SupportProxy_abort__E                        
200109d9  xdc_runtime_SysCallback_exit__E                                 
200109d9  xdc_runtime_System_SupportProxy_exit__E                         
200109e9  __TI_decompress_none                                            
200109f9  pthread_attr_setdetachstate                                     
20010a09  ti_sysbios_knl_Idle_loop__E                                     
20010a19  ti_sysbios_knl_Queue_empty__E                                   
20010a27  CC3220S_LAUNCHXL_initGeneral                                    
20010a33  HwiP_delete                                                     
20010a41  Power_getConstraintMask                                         
20010a4d  SemaphoreP_delete                                               
20010a59  _register_lock                                                  
20010a65  _register_unlock                                                
20010a71  __TI_zero_init                                                  
20010a89  ti_sysbios_family_arm_m3_Hwi_Params__init__S                    
20010a89  ti_sysbios_hal_Hwi_HwiProxy_Params__init__S                     
20010a99  ti_sysbios_family_arm_m3_Hwi_disableFxn__E                      
20010a99  ti_sysbios_hal_Hwi_HwiProxy_disable__E                          
20010aa9  ti_sysbios_family_arm_m3_TaskSupport_getStackAlignment__E       
20010aa9  ti_sysbios_knl_Task_SupportProxy_getStackAlignment__E           
20010ab9  ti_sysbios_gates_GateHwi_enter__E                               
20010ac9  ClockP_getSystemTicks                                           
20010ac9  ti_sysbios_knl_Clock_getTicks__E                                
20010ad9  ti_sysbios_knl_Clock_setTicks__E                                
20010ae9  ti_sysbios_knl_Clock_tickStart__E                               
20010af9  ti_sysbios_knl_Clock_tickStop__E                                
20010b05  ti_sysbios_knl_Queue_Object__get__S                             
20010b11  ti_sysbios_knl_Semaphore_Params__init__S                        
20010b1d  ti_sysbios_knl_Task_Params__init__S                             
20010b29  ti_sysbios_knl_Task_self__E                                     
20010b39  ti_sysbios_rts_ti_ReentSupport_taskRegHook__I                   
20010b49  xdc_runtime_Startup_rtsDone__E                                  
20010b55  xdc_runtime_Memory_HeapProxy_alloc__E                           
20010b5f  xdc_runtime_Memory_HeapProxy_free__E                            
20010b69  Board_init                                                      
20010b71  SemaphoreP_Params_init                                          
20010b79  pthread_attr_setstacksize                                       
20010b81  ti_sysbios_family_arm_m3_Hwi_doSwiRestore__I                    
20010b89  ti_sysbios_family_arm_m3_Hwi_startup__E                         
20010b89  ti_sysbios_hal_Hwi_HwiProxy_startup__E                          
20010b89  ti_sysbios_hal_Hwi_startup__E                                   
20010b91  UtilsDelay                                                      
20010b99  ti_sysbios_family_arm_m3_Hwi_doTaskRestore__I                   
20010ba1  HwiP_restore                                                    
20010ba1  ti_sysbios_family_arm_m3_Hwi_restoreFxn__E                      
20010ba1  ti_sysbios_hal_Hwi_HwiProxy_restore__E                          
20010ba9  ti_sysbios_gates_GateHwi_leave__E                               
20010bb1  ti_sysbios_heaps_HeapMem_isBlocking__E                          
20010bb9  ti_sysbios_knl_Queue_Instance_init__E                           
20010bc1  ti_sysbios_knl_Swi_startup__E                                   
20010bc9  xdc_runtime_System_Module_startup__E                            
20010bd1  ti_sysbios_family_arm_m3_Timer_getMaxTicks__E                   
20010bd9  ti_sysbios_gates_GateHwi_query__E                               
20010bd9  xdc_runtime_Main_Module_GateProxy_query__E                      
20010bd9  xdc_runtime_System_Module_GateProxy_query__E                    
20010be1  ti_sysbios_BIOS_RtsGateProxy_query__E                           
20010be1  ti_sysbios_gates_GateMutex_query__E                             
20010be1  ti_sysbios_heaps_HeapMem_Module_GateProxy_query__E              
20010be9  ti_sysbios_knl_Task_startup__E                                  
20010bf1  ti_sysbios_BIOS_linkedWithIncorrectBootLibrary__E               
20010bf9  ti_sysbios_gates_GateHwi_Instance_init__E                       
20010c01  ti_sysbios_knl_Clock_logTick__E                                 
20010c09  xdc_runtime_SysCallback_defaultAbort                            
20010c11  xdc_runtime_SysCallback_defaultExit                             
20010c19  xdc_runtime_System_abortSpin__E                                 
20010c21  xdc_runtime_System_exitSpin__E                                  
20010c24  PowerCC32XX_module                                              
20010d90  parkInfo                                                        
20010f10  ti_sysbios_knl_Swi_Module_State_0_readyQ__A                     
20010f90  ti_sysbios_knl_Task_Module_State_0_readyQ__A                    
20011010  gpioPinConfigs                                                  
20011080  ti_sysbios_knl_Task_Object__table__V                            
200110dc  ti_sysbios_gates_GateMutex_Object__table__V                     
20011130  ti_sysbios_knl_Task_Module__state__V                            
20011178  ti_sysbios_family_arm_m3_Hwi_Module__state__V                   
200111ac  ti_sysbios_family_arm_m3_Timer_Object__table__V                 
200111dc  ti_sysbios_knl_Swi_Object__table__V                             
2001120c  ti_sysbios_knl_Clock_Module__state__V                           
20011238  ti_sysbios_BIOS_Module__state__V                                
2001125c  xdc_runtime_Error_IgnoreBlock                                   
2001127c  ti_sysbios_knl_Swi_Module__state__V                             
20011298  ti_sysbios_family_arm_m3_Hwi_Object__table__V                   
200112b0  ti_sysbios_heaps_HeapMem_Object__table__V                       
200112c8  gpioCallbackFunctions                                           
200112d8  ti_sysbios_family_arm_m3_Timer_Module__state__V                 
200112ee  ti_sysbios_family_arm_m3_Hwi_Module_State_0_excActive__A        
200112f0  _lock                                                           
200112f4  _unlock                                                         
200112f8  ti_sysbios_family_arm_m3_Hwi_Module__root__V                    
20011300  ti_sysbios_gates_GateHwi_Module__root__V                        
20011308  ti_sysbios_gates_GateMutex_Module__root__V                      
20011310  ti_sysbios_heaps_HeapMem_Module__root__V                        
20011318  ti_sysbios_knl_Queue_Module__root__V                            
20011320  ti_sysbios_knl_Semaphore_Module__root__V                        
20011328  ti_sysbios_knl_Task_Module__root__V                             
20011330  xdc_runtime_Startup_Module__state__V                            
20011338  xdc_runtime_System_Module_State_0_atexitHandlers__A             
20011340  xdc_runtime_System_Module__state__V                             
20011348  main_func_sp                                                    
2001134c  ti_sysbios_family_arm_m3_Hwi_Module_State_0_excContext__A       
20011350  ti_sysbios_family_arm_m3_Hwi_Module_State_0_excStack__A         
20011354  ti_sysbios_gates_GateHwi_Object__table__V                       
20011358  ti_sysbios_knl_Task_Module_State_0_idleTask__A                  
2001135c  ti_sysbios_rts_ti_ReentSupport_Module__state__V                 
20011360  xdc_runtime_Memory_Module__state__V                             
20011368  ti_sysbios_family_arm_m3_Hwi_dispatchTable                      
20011678  ti_sysbios_knl_Task_Instance_State_0_stack__A                   
20011878  PowerCC32XX_contextSave                                         
200119a4  timerCC3220SObjects                                             
20011a78  ti_sysbios_knl_Task_Instance_State_0_hookEnv__A                 
20011a7c  D4                                                              
20011a7d  D5                                                              
20011a7e  D6                                                              
20011a7f  D7                                                              
20011a80  E                                                               
20011a81  Rs                                                              
20011c84  ti_sysbios_knl_Task_Object__PARAMS__C                           
20011cc8  PowerCC32XX_config                                              
20011d08  ti_sysbios_family_arm_m3_Hwi_Object__PARAMS__C                  
20011d38  timerCC3220SHWAttrs                                             
20011d68  ti_sysbios_heaps_HeapMem_Module__FXNS__C                        
20011d90  Timer_config                                                    
20011db4  ti_sysbios_gates_GateHwi_Module__FXNS__C                        
20011dd8  ti_sysbios_gates_GateMutex_Module__FXNS__C                      
20011dfc  ti_sysbios_heaps_HeapMem_Object__PARAMS__C                      
20011e20  ti_sysbios_knl_Semaphore_Object__PARAMS__C                      
20011e65  ti_sysbios_knl_Clock_tickMode__C                                
20011e66  ti_sysbios_family_arm_m3_Hwi_Module__id__C                      
20011e68  ti_sysbios_family_arm_m3_Hwi_Object__DESC__C                    
20011e88  ti_sysbios_gates_GateHwi_Object__DESC__C                        
20011ea8  ti_sysbios_gates_GateMutex_Object__DESC__C                      
20011ec8  ti_sysbios_heaps_HeapMem_Object__DESC__C                        
20011ee8  ti_sysbios_knl_Queue_Object__DESC__C                            
20011f08  ti_sysbios_knl_Semaphore_Object__DESC__C                        
20011f28  ti_sysbios_knl_Task_Object__DESC__C                             
20011f48  xdc_runtime_Startup_sfxnTab__A                                  
20011f68  TimerCC32XX_fxnTable                                            
20011f84  ti_sysbios_gates_GateHwi_Object__PARAMS__C                      
20011f9c  ti_sysbios_gates_GateMutex_Object__PARAMS__C                    
20011fb4  ti_sysbios_knl_Queue_Object__PARAMS__C                          
20011fcc  ti_sysbios_knl_Task_hooks__A                                    
20011fe4  GPIOCC32XX_config                                               
20012020  xdc_runtime_Startup_sfxnRts__A                                  
20012030  ADC_count                                                       
20012031  Capture_count                                                   
20012032  CryptoCC32XX_count                                              
20012033  I2C_count                                                       
20012034  I2S_count                                                       
20012035  PWM_count                                                       
20012036  SDFatFS_count                                                   
20012037  SD_count                                                        
20012038  SPI_count                                                       
20012039  Timer_count                                                     
2001203a  UART_count                                                      
2001203b  Watchdog_count                                                  
2001203c  xdc_runtime_Startup_firstFxns__A                                
20012048  outPinTypes                                                     
20012050  ti_sysbios_knl_Idle_funcList__A                                 
20012058  ti_sysbios_knl_Idle_funcList__C                                 
20012060  ti_sysbios_knl_Task_hooks__C                                    
20012068  xdc_runtime_Startup_firstFxns__C                                
20012070  xdc_runtime_Startup_lastFxns__C                                 
2001207e  inPinTypes                                                      
20012084  outPinStrengths                                                 
2001208e  ti_sysbios_family_arm_m3_Timer_Module__id__C                    
20012090  ti_sysbios_family_arm_m3_Hwi_E_alreadyDefined__C                
20012094  ti_sysbios_family_arm_m3_Hwi_NUM_INTERRUPTS__C                  
20012098  ti_sysbios_family_arm_m3_Hwi_Object__count__C                   
2001209c  ti_sysbios_family_arm_m3_Hwi_ccr__C                             
200120a0  ti_sysbios_family_arm_m3_Hwi_excHandlerFunc__C                  
200120a4  ti_sysbios_family_arm_m3_Hwi_nullIsrFunc__C                     
200120a8  ti_sysbios_family_arm_m3_Hwi_priGroup__C                        
200120ac  ti_sysbios_family_arm_m3_Hwi_swiDisable__C                      
200120b0  ti_sysbios_family_arm_m3_Hwi_swiRestore__C                      
200120b4  ti_sysbios_family_arm_m3_TaskSupport_stackAlignment__C          
200120b8  ti_sysbios_family_arm_m3_Timer_E_cannotSupport__C               
200120bc  ti_sysbios_family_arm_m3_Timer_startupNeeded__C                 
200120c0  ti_sysbios_gates_GateMutex_Instance_State_sem__O                
200120c4  ti_sysbios_heaps_HeapMem_E_memory__C                            
200120c8  ti_sysbios_heaps_HeapMem_Module__gateObj__C                     
200120cc  ti_sysbios_heaps_HeapMem_Object__count__C                       
200120d0  ti_sysbios_heaps_HeapMem_primaryHeapBaseAddr__C                 
200120d4  ti_sysbios_heaps_HeapMem_primaryHeapEndAddr__C                  
200120d8  ti_sysbios_heaps_HeapMem_reqAlign__C                            
200120dc  ti_sysbios_knl_Clock_Module_State_clockQ__O                     
200120e0  ti_sysbios_knl_Clock_tickPeriod__C                              
200120e4  ti_sysbios_knl_Mailbox_Instance_State_freeQue__O                
200120e8  ti_sysbios_knl_Mailbox_Object__count__C                         
200120ec  ti_sysbios_knl_Mailbox_maxTypeAlign__C                          
200120f0  ti_sysbios_knl_Semaphore_Instance_State_pendQ__O                
200120f4  ti_sysbios_knl_Swi_Object__count__C                             
200120f8  ti_sysbios_knl_Task_Module_State_inactiveQ__O                   
200120fc  ti_sysbios_knl_Task_Object__count__C                            
20012100  ti_sysbios_knl_Task_Object__heap__C                             
20012104  ti_sysbios_knl_Task_allBlockedFunc__C                           
20012108  ti_sysbios_knl_Task_defaultStackHeap__C                         
2001210c  ti_sysbios_knl_Task_defaultStackSize__C                         
20012110  ti_sysbios_knl_Task_numConstructedTasks__C                      
20012114  xdc_runtime_Error_E_memory__C                                   
20012118  xdc_runtime_Error_policyFxn__C                                  
2001211c  xdc_runtime_IGateProvider_Interface__BASE__C                    
20012120  xdc_runtime_IHeap_Interface__BASE__C                            
20012124  xdc_runtime_IModule_Interface__BASE__C                          
20012128  xdc_runtime_Memory_defaultHeapInstance__C                       
2001212c  xdc_runtime_Startup_execImpl__C                                 
20012130  xdc_runtime_Startup_maxPasses__C                                
20012134  xdc_runtime_Startup_sfxnRts__C                                  
20012138  xdc_runtime_Startup_sfxnTab__C                                  
2001213c  xdc_runtime_SysCallback_abortFxn__C                             
20012140  xdc_runtime_SysCallback_exitFxn__C                              
20012144  xdc_runtime_System_Module__gateObj__C                           
20012148  xdc_runtime_System_abortFxn__C                                  
2001214c  xdc_runtime_System_exitFxn__C                                   
20012150  xdc_runtime_System_maxAtexitHandlers__C                         
20012154  xdc_runtime_Text_charTab__C                                     
20012158  xdc_runtime_Text_nameEmpty__C                                   
2001215c  xdc_runtime_Text_nameStatic__C                                  
20012160  xdc_runtime_Text_nameUnknown__C                                 
20012164  ti_sysbios_heaps_HeapMem_Module__id__C                          
20012166  xdc_runtime_Memory_Module__id__C                                
20012168  xdc_runtime_Text_charCnt__C                                     
2001216a  xdc_runtime_Text_isLoaded__C                                    
2001216c  ti_sysbios_knl_Clock_tickSource__C                              
2001216d  xdc_runtime_Error_policy__C                                     
2001216e  xdc_runtime_Text_charTab__A                                     
20012170  __TI_static_base__                                              
200123e4  __TI_Handler_Table_Base                                         
200123f0  __TI_Handler_Table_Limit                                        
200123f8  __TI_CINIT_Base                                                 
20012408  __TI_CINIT_Limit                                                
e000e000  ti_sysbios_family_arm_m3_Hwi_nvic                               
ffffffff  __TI_pprof_out_hndl                                             
ffffffff  __TI_prof_data_size                                             
ffffffff  __TI_prof_data_start                                            
ffffffff  __binit__                                                       
ffffffff  __c_args__                                                      
ffffffff  binit                                                           
UNDEFED   SHT$$INIT_ARRAY$$Base                                           
UNDEFED   SHT$$INIT_ARRAY$$Limit                                          

[535 symbols]
