******************************************************************************
                  TI ARM Linker PC v18.12.2                    
******************************************************************************
>> Linked Sat Sep  7 16:42:22 2019

OUTPUT FILE NAME:   <empty_CC3220S_LAUNCHXL_tirtos_ccs.out>
ENTRY POINT SYMBOL: "_c_int00"  address: 2000f231


MEMORY CONFIGURATION

         name            origin    length      used     unused   attr    fill
----------------------  --------  ---------  --------  --------  ----  --------
  SRAM0                 20000000   00004000  0000070c  000038f4  RW X
  SRAM                  20004000   0003c000  0000dc40  0002e3c0  RW X


SEGMENT ALLOCATION MAP

run origin  load origin   length   init length attrs members
----------  ----------- ---------- ----------- ----- -------
20003c00    20003c00    00000400   00000000    rw-
  20003c00    20003c00    00000400   00000000    rw- .stack
20004000    20004000    00008040   0000003c    r--
  20004000    20004000    0000003c   0000003c    r-- .resetVecs
  20004040    20004040    00008000   00000000    r-- .priheap
2000c040    2000c040    00004562   00004562    r-x
  2000c040    2000c040    00004562   00004562    r-x .text
200105a4    200105a4    00000724   00000000    rw-
  200105a4    200105a4    00000724   00000000    rw- .data
20010cc8    20010cc8    0000067a   0000067a    r--
  20010cc8    20010cc8    0000067a   0000067a    r-- .const
20011348    20011348    00000674   00000000    rw-
  20011348    20011348    00000674   00000000    rw- .bss
200119c0    200119c0    00000290   00000290    r--
  200119c0    200119c0    00000290   00000290    r-- .cinit


SECTION ALLOCATION MAP

 output                                  attributes/
section   page    origin      length       input sections
--------  ----  ----------  ----------   ----------------
.vecs      0    20000000    0000030c     NOLOAD SECTION
                  20000000    0000030c     release_pem4.oem4 (.vecs)

.stack     0    20003c00    00000400     UNINITIALIZED
                  20003c00    00000400     --HOLE--

.text      0    2000c040    00004562     
                  2000c040    0000042c     driverlib.a : prcm.obj (.text:PRCMCC3200MCUInit)
                  2000c46c    000001d8     drivers_cc32xx.aem4 : GPIOCC32XX.oem4 (.text:GPIO_setConfig)
                  2000c644    0000014c     dpl_cc32xx.aem4 : PowerCC32XX_tirtos.oem4 (.text:PowerCC32XX_sleepPolicy)
                  2000c790    00000148     drivers_cc32xx.aem4 : PowerCC32XX.oem4 (.text:parkPins)
                  2000c8d8    00000130     sysbios.aem4 : BIOS.obj (.text:ti_sysbios_knl_Semaphore_pend__E)
                  2000ca08    0000011c     drivers_cc32xx.aem4 : PowerCC32XX.oem4 (.text:Power_sleep)
                  2000cb24    00000004     dpl_cc32xx.aem4 : HwiP_tirtos.oem4 (.text:HwiP_disable)
                  2000cb28    0000011c     sysbios.aem4 : BIOS.obj (.text:xdc_runtime_Startup_startMods__I)
                  2000cc44    00000004     dpl_cc32xx.aem4 : SemaphoreP_tirtos.oem4 (.text:SemaphoreP_post)
                  2000cc48    00000110     sysbios.aem4 : BIOS.obj (.text:ti_sysbios_knl_Task_postInit__I)
                  2000cd58    00000104                  : BIOS.obj (.text:ti_sysbios_knl_Task_Instance_finalize__E)
                  2000ce5c    00000004     release_pem4.oem4 (.text:ti_sysbios_BIOS_RtsGateProxy_enter__E)
                  2000ce60    000000fc     sysbios.aem4 : BIOS.obj (.text:ti_sysbios_knl_Task_Instance_init__E)
                  2000cf5c    00000004     release_pem4.oem4 (.text:ti_sysbios_BIOS_RtsGateProxy_leave__E)
                  2000cf60    000000f0     sysbios.aem4 : BIOS.obj (.text:pthread_create)
                  2000d050    000000d0                  : m3_Hwi_asm.obj (.text:ti_sysbios_family_arm_m3_Hwi_dispatch__I)
                  2000d120    000000d0                  : BIOS.obj (.text:ti_sysbios_heaps_HeapMem_alloc__E)
                  2000d1f0    000000c4     drivers_cc32xx.aem4 : GPIOCC32XX.oem4 (.text:GPIO_init)
                  2000d2b4    00000004     release_pem4.oem4 (.text:ti_sysbios_family_arm_m3_TaskSupport_Module__startupDone__S)
                  2000d2b8    000000c4     sysbios.aem4 : BIOS.obj (.text:ti_sysbios_knl_Task_sleep__E)
                  2000d37c    000000c0     drivers_cc32xx.aem4 : PowerCC32XX.oem4 (.text:restoreParkedPins)
                  2000d43c    00000004     release_pem4.oem4 (.text:ti_sysbios_heaps_HeapMem_Module_GateProxy_enter__E)
                  2000d440    000000bc     sysbios.aem4 : BIOS.obj (.text:xdc_runtime_Core_createObject__I)
                  2000d4fc    000000a8     drivers_cc32xx.aem4 : PowerCC32XX.oem4 (.text:PowerCC32XX_configureWakeup)
                  2000d5a4    00000004     release_pem4.oem4 (.text:ti_sysbios_heaps_HeapMem_Module_GateProxy_leave__E)
                  2000d5a8    000000a4     sysbios.aem4 : BIOS.obj (.text:ti_sysbios_knl_Task_setPri__E)
                  2000d64c    000000a0     auto_init.aem4 : auto_init.oem4 (.text)
                  2000d6ec    00000004     release_pem4.oem4 (.text:ti_sysbios_knl_Clock_TimerProxy_getMaxTicks__E)
                  2000d6f0    0000009c     sysbios.aem4 : BIOS.obj (.text:_pthread_removeThreadKeys)
                  2000d78c    0000009c     rtsv7M4_T_le_eabi.lib : memcpy_t2.asm.obj (.text)
                  2000d828    00000098     drivers_cc32xx.aem4 : GPIOCC32XX.oem4 (.text:powerNotifyFxn)
                  2000d8c0    00000098     sysbios.aem4 : BIOS.obj (.text:ti_sysbios_family_arm_m3_Hwi_Instance_init__E)
                  2000d958    00000096     rtsv7M4_T_le_eabi.lib : ull_div_t2.asm.obj (.text)
                  2000d9ee    00000002                           : _lock.c.obj (.text:_nop)
                  2000d9f0    00000094     sysbios.aem4 : BIOS.obj (.text:ti_sysbios_knl_Task_exit__E)
                  2000da84    00000090     drivers_cc32xx.aem4 : PowerCC32XX.oem4 (.text:restoreNVICRegs)
                  2000db14    00000004     release_pem4.oem4 (.text:ti_sysbios_knl_Clock_TimerProxy_setPeriodMicroSecs__E)
                  2000db18    00000090     sysbios.aem4 : BIOS.obj (.text:ti_sysbios_knl_Task_Module_startup__E)
                  2000dba8    0000008c                  : BIOS.obj (.text:xdc_runtime_Memory_alloc__E)
                  2000dc34    00000088     driverlib.a : pin.obj (.text:PinConfigSet)
                  2000dcbc    00000004     release_pem4.oem4 (.text:ti_sysbios_knl_Clock_TimerProxy_start__E)
                  2000dcc0    00000088     sysbios.aem4 : BIOS.obj (.text:ti_sysbios_family_arm_m3_Hwi_initNVIC__E)
                  2000dd48    00000088                  : BIOS.obj (.text:ti_sysbios_family_arm_m3_TaskSupport_start__E)
                  2000ddd0    00000086                  : BIOS.obj (.text:xdc_runtime_Core_constructObject__I)
                  2000de56    00000002     rtsv7M4_T_le_eabi.lib : div0.asm.obj (.text)
                  2000de58    00000084     drivers_cc32xx.aem4 : PowerCC32XX.oem4 (.text:Power_init)
                  2000dedc    00000084     empty.obj (.text:mainThread)
                  2000df60    00000084     drivers_cc32xx.aem4 : PowerCC32XX.oem4 (.text:saveNVICRegs)
                  2000dfe4    00000004     release_pem4.oem4 (.text:ti_sysbios_knl_Clock_TimerProxy_stop__E)
                  2000dfe8    00000084     sysbios.aem4 : BIOS.obj (.text:ti_sysbios_family_arm_m3_Hwi_postInit__I)
                  2000e06c    00000004     release_pem4.oem4 (.text:ti_sysbios_knl_Semaphore_delete)
                  2000e070    00000084     sysbios.aem4 : BIOS.obj (.text:ti_sysbios_heaps_HeapMem_free__E)
                  2000e0f4    00000080     drivers_cc32xx.aem4 : PowerCC32XX.oem4 (.text:Power_setDependency)
                  2000e174    00000004     release_pem4.oem4 (.text:ti_sysbios_knl_Task_delete)
                  2000e178    00000080     sysbios.aem4 : BIOS.obj (.text:ti_sysbios_knl_Clock_workFunc__E)
                  2000e1f8    0000007a     rtsv7M4_T_le_eabi.lib : memset_t2.asm.obj (.text)
                  2000e272    00000002     release_pem4.oem4 (.text:ti_sysbios_BIOS_nullFunc__I)
                  2000e274    00000078     drivers_cc32xx.aem4 : GPIOCC32XX.oem4 (.text:GPIO_hwiIntFxn)
                  2000e2ec    00000078     empty.obj (.text:lcd_byte)
                  2000e364    00000004     release_pem4.oem4 (.text:xdc_runtime_System_Module_GateProxy_enter__E)
                  2000e368    00000074     sysbios.aem4 : BIOS.obj (.text:xdc_runtime_Core_deleteObject__I)
                  2000e3dc    00000004     release_pem4.oem4 (.text:xdc_runtime_System_Module_GateProxy_leave__E)
                  2000e3e0    00000070     sysbios.aem4 : BIOS.obj (.text:ti_sysbios_heaps_HeapMem_initPrimary__I)
                  2000e450    0000006c                  : BIOS.obj (.text:ti_sysbios_knl_Swi_restoreHwi__E)
                  2000e4bc    00000068     rtsv7M4_T_le_eabi.lib : copy_decompress_lzss.c.obj (.text:decompress:lzss:__TI_decompress_lzss)
                  2000e524    00000002     release_pem4.oem4 (.text:xdc_runtime_Startup_reset__I)
                  2000e526    00000002     --HOLE-- [fill = 0]
                  2000e528    00000068     sysbios.aem4 : BIOS.obj (.text:pthread_exit)
                  2000e590    00000064     drivers_cc32xx.aem4 : PowerCC32XX.oem4 (.text:PowerCC32XX_setParkState)
                  2000e5f4    00000004     --HOLE-- [fill = 0]
                  2000e5f8    00000064     sysbios.aem4 : BIOS.obj (.text:ti_sysbios_family_arm_m3_Hwi_dispatchC__I)
                  2000e65c    00000060     driverlib.a : prcm.obj (.text:PRCMSysResetCauseGet)
                  2000e6bc    00000060     main_tirtos.obj (.text:main)
                  2000e71c    00000004     --HOLE-- [fill = 0]
                  2000e720    00000060     sysbios.aem4 : BIOS.obj (.text:ti_sysbios_knl_Semaphore_post__E)
                  2000e780    00000060                  : BIOS.obj (.text:ti_sysbios_knl_Swi_run__I)
                  2000e7e0    0000005c     drivers_cc32xx.aem4 : GPIOCC32XX.oem4 (.text:GPIO_setCallback)
                  2000e83c    00000004     --HOLE-- [fill = 0]
                  2000e840    0000005c     sysbios.aem4 : BIOS.obj (.text:ti_sysbios_family_arm_m3_Timer_start__E)
                  2000e89c    00000004     --HOLE-- [fill = 0]
                  2000e8a0    0000005c                  : BIOS.obj (.text:ti_sysbios_knl_Swi_schedule__I)
                  2000e8fc    00000004     --HOLE-- [fill = 0]
                  2000e900    0000005c                  : BIOS.obj (.text:ti_sysbios_knl_Task_startCore__E)
                  2000e95c    00000004     --HOLE-- [fill = 0]
                  2000e960    0000005c                  : BIOS.obj (.text:xdc_runtime_Startup_exec__E)
                  2000e9bc    00000058     drivers_cc32xx.aem4 : GPIOCC32XX.oem4 (.text:GPIO_write)
                  2000ea14    00000058     driverlib.a : prcm.obj (.text:PRCMPeripheralReset)
                  2000ea6c    00000054     release_pem4.oem4 (.text:ti_sysbios_family_arm_m3_Hwi_create)
                  2000eac0    00000054     sysbios.aem4 : BIOS.obj (.text:ti_sysbios_family_arm_m3_Timer_setPeriod__E)
                  2000eb14    00000004     --HOLE-- [fill = 0]
                  2000eb18    00000054                  : BIOS.obj (.text:xdc_runtime_Core_assignLabel__I)
                  2000eb6c    00000052     drivers_cc32xx.aem4 : PowerCC32XX_asm.oem4 (.text:PowerCC32XX_resumeLPDS)
                  2000ebbe    00000052     empty.obj (.text:lcd_init_8d)
                  2000ec10    00000050     sysbios.aem4 : BIOS.obj (.text:ti_sysbios_family_arm_m3_Hwi_Module_startup__E)
                  2000ec60    00000050     release_pem4.oem4 (.text:ti_sysbios_knl_Task_create)
                  2000ecb0    0000004c     drivers_cc32xx.aem4 : GPIOCC32XX.oem4 (.text:GPIO_enableInt)
                  2000ecfc    0000004c                         : PowerCC32XX.oem4 (.text:PowerCC32XX_parkPin)
                  2000ed48    0000004c     rtsv7M4_T_le_eabi.lib : cpy_tbl.c.obj (.text:copy_in)
                  2000ed94    0000004c     drivers_cc32xx.aem4 : PowerCC32XX.oem4 (.text:restorePeriphClocks)
                  2000ede0    0000004c     sysbios.aem4 : BIOS.obj (.text:ti_sysbios_heaps_HeapMem_getStats__E)
                  2000ee2c    00000004     --HOLE-- [fill = 0]
                  2000ee30    0000004c                  : BIOS.obj (.text:ti_sysbios_knl_Swi_runLoop__I)
                  2000ee7c    00000004     --HOLE-- [fill = 0]
                  2000ee80    0000004c                  : BIOS.obj (.text:ti_sysbios_knl_Task_allBlockedFunction__I)
                  2000eecc    00000004     --HOLE-- [fill = 0]
                  2000eed0    0000004c                  : BIOS.obj (.text:ti_sysbios_knl_Task_schedule__I)
                  2000ef1c    00000048     driverlib.a : flash.obj (.text:FlashDisable)
                  2000ef64    00000048                 : prcm.obj (.text:PRCMLPDSEnter)
                  2000efac    00000048                 : prcm.obj (.text:PRCMPeripheralClkEnable)
                  2000eff4    00000004     --HOLE-- [fill = 0]
                  2000eff8    00000048     sysbios.aem4 : BIOS.obj (.text:ti_sysbios_family_arm_m3_Hwi_disableInterrupt__E)
                  2000f040    00000048                  : BIOS.obj (.text:ti_sysbios_family_arm_m3_Hwi_enableInterrupt__E)
                  2000f088    00000048                  : m3_Hwi_asm_switch.obj (.text:ti_sysbios_family_arm_m3_Hwi_initStacks__E)
                  2000f0d0    00000048                  : BIOS.obj (.text:ti_sysbios_family_arm_m3_Timer_initDevice__I)
                  2000f118    00000048                  : BIOS.obj (.text:ti_sysbios_knl_Mailbox_Module_startup__E)
                  2000f160    00000048                  : BIOS.obj (.text:xdc_runtime_Core_assignParams__I)
                  2000f1a8    00000044     driverlib.a : prcm.obj (.text:PRCMLPDSRestoreInfoSet)
                  2000f1ec    00000044     drivers_cc32xx.aem4 : PowerCC32XX_asm.oem4 (.text:PowerCC32XX_enterLPDS)
                  2000f230    00000044     boot.aem4 : boot.oem4 (.text)
                  2000f274    00000004     --HOLE-- [fill = 0]
                  2000f278    00000044     sysbios.aem4 : BIOS.obj (.text:ti_sysbios_family_arm_m3_Hwi_getStackInfo__E)
                  2000f2bc    00000004     --HOLE-- [fill = 0]
                  2000f2c0    00000044                  : BIOS.obj (.text:ti_sysbios_knl_Mailbox_postInit__I)
                  2000f304    00000004     --HOLE-- [fill = 0]
                  2000f308    00000044                  : BIOS.obj (.text:ti_sysbios_knl_Swi_post__E)
                  2000f34c    00000004     --HOLE-- [fill = 0]
                  2000f350    00000044                  : BIOS.obj (.text:xdc_runtime_System_atexit__E)
                  2000f394    00000040     dpl_cc32xx.aem4 : HwiP_tirtos.oem4 (.text:HwiP_create)
                  2000f3d4    00000040     driverlib.a : pin.obj (.text:PinModeSet)
                  2000f414    00000004     --HOLE-- [fill = 0]
                  2000f418    00000040     sysbios.aem4 : BIOS.obj (.text:ti_sysbios_heaps_HeapMem_Instance_init__E)
                  2000f458    0000003c     drivers_cc32xx.aem4 : PowerCC32XX.oem4 (.text:Power_setConstraint)
                  2000f494    00000004     --HOLE-- [fill = 0]
                  2000f498    0000003c     sysbios.aem4 : BIOS.obj (.text:sleep)
                  2000f4d4    00000004     --HOLE-- [fill = 0]
                  2000f4d8    0000003c                  : BIOS.obj (.text:ti_sysbios_family_arm_m3_Hwi_Instance_finalize__E)
                  2000f514    00000004     --HOLE-- [fill = 0]
                  2000f518    0000003c                  : BIOS.obj (.text:ti_sysbios_family_arm_m3_Timer_setPeriodMicroSecs__E)
                  2000f554    00000004     --HOLE-- [fill = 0]
                  2000f558    0000003c                  : BIOS.obj (.text:ti_sysbios_knl_Clock_walkQueuePeriodic__E)
                  2000f594    00000004     --HOLE-- [fill = 0]
                  2000f598    0000003c                  : BIOS.obj (.text:ti_sysbios_knl_Swi_restore__E)
                  2000f5d4    00000004     --HOLE-- [fill = 0]
                  2000f5d8    0000003c                  : BIOS.obj (.text:usleep)
                  2000f614    00000004     --HOLE-- [fill = 0]
                  2000f618    0000003c                  : BIOS.obj (.text:xdc_runtime_System_processAtExit__E)
                  2000f654    0000003a     dpl_cc32xx.aem4 : PowerCC32XX_tirtos.oem4 (.text:getCountsRTC)
                  2000f68e    00000002     --HOLE-- [fill = 0]
                  2000f690    00000038     driverlib.a : prcm.obj (.text:PRCMLPDSEnterKeepDebugIf)
                  2000f6c8    00000038     drivers_cc32xx.aem4 : PowerCC32XX.oem4 (.text:notify)
                  2000f700    00000038     sysbios.aem4 : BIOS.obj (.text:ti_sysbios_knl_Task_processVitalTaskFlag__I)
                  2000f738    00000034     driverlib.a : pin.obj (.text:PinModeGet)
                  2000f76c    00000004     --HOLE-- [fill = 0]
                  2000f770    00000034     sysbios.aem4 : BIOS.obj (.text:_pthread_delete$41)
                  2000f7a4    00000004     --HOLE-- [fill = 0]
                  2000f7a8    00000034                  : BIOS.obj (.text:ti_sysbios_family_arm_m3_Timer_periodicStub__I)
                  2000f7dc    00000034     release_pem4.oem4 (.text:ti_sysbios_knl_Semaphore_create)
                  2000f810    00000032     sysbios.aem4 : BIOS.obj (.text:ti_sysbios_hal_Hwi_initStack)
                  2000f842    00000030     drivers_cc32xx.aem4 : PowerCC32XX.oem4 (.text:PowerCC32XX_restoreParkedPin)
                  2000f872    00000002     --HOLE-- [fill = 0]
                  2000f874    00000030     release_pem4.oem4 (.text:ti_sysbios_BIOS_atExitFunc__I)
                  2000f8a4    00000030     release_pem4.oem4 (.text:ti_sysbios_BIOS_startFunc__I)
                  2000f8d4    00000030     release_pem4.oem4 (.text:ti_sysbios_gates_GateHwi_Object__create__S)
                  2000f904    00000030     release_pem4.oem4 (.text:ti_sysbios_gates_GateMutex_Object__create__S)
                  2000f934    00000004     --HOLE-- [fill = 0]
                  2000f938    00000030     sysbios.aem4 : BIOS.obj (.text:ti_sysbios_gates_GateMutex_enter__E)
                  2000f968    00000030     release_pem4.oem4 (.text:ti_sysbios_heaps_HeapMem_Object__create__S)
                  2000f998    00000030     release_pem4.oem4 (.text:ti_sysbios_knl_Semaphore_construct)
                  2000f9c8    00000030     sysbios.aem4 : BIOS.obj (.text:ti_sysbios_knl_Semaphore_pendTimeout__I)
                  2000f9f8    00000030                  : BIOS.obj (.text:ti_sysbios_knl_Task_restore__E)
                  2000fa28    00000030                  : BIOS.obj (.text:ti_sysbios_knl_Task_unblockI__E)
                  2000fa58    0000002c     dpl_cc32xx.aem4 : SemaphoreP_tirtos.oem4 (.text:SemaphoreP_createBinary)
                  2000fa84    00000004     --HOLE-- [fill = 0]
                  2000fa88    0000002c     sysbios.aem4 : BIOS.obj (.text:_pthread_cleanupFxn)
                  2000fab4    0000002c     release_pem4.oem4 (.text:ti_sysbios_knl_Clock_doTick__I)
                  2000fae0    0000002c     release_pem4.oem4 (.text:ti_sysbios_knl_Queue_construct)
                  2000fb0c    00000028     driverlib.a : prcm.obj (.text:PRCMPeripheralClkDisable)
                  2000fb34    00000028     dpl_cc32xx.aem4 : PowerCC32XX_tirtos.oem4 (.text:PowerCC32XX_initPolicy)
                  2000fb5c    00000028     drivers_cc32xx.aem4 : PowerCC32XX.oem4 (.text:Power_registerNotify)
                  2000fb84    00000028     empty.obj (.text:lcd_string)
                  2000fbac    00000028     sysbios.aem4 : m3_Hwi_asm.obj (.text:ti_sysbios_family_arm_m3_Hwi_excHandlerAsm__I)
                  2000fbd4    00000004     --HOLE-- [fill = 0]
                  2000fbd8    00000028                  : BIOS.obj (.text:ti_sysbios_knl_Clock_addI__E)
                  2000fc00    00000028                  : BIOS.obj (.text:ti_sysbios_knl_Swi_Module_startup__E)
                  2000fc28    00000026     drivers_cc32xx.aem4 : List.oem4 (.text:List_put)
                  2000fc4e    00000002     --HOLE-- [fill = 0]
                  2000fc50    00000024     sysbios.aem4 : BIOS.obj (.text:pthread_attr_init)
                  2000fc74    00000024     release_pem4.oem4 (.text:ti_sysbios_BIOS_registerRTSLock__I)
                  2000fc98    00000024     release_pem4.oem4 (.text:ti_sysbios_BIOS_removeRTSLock__I)
                  2000fcbc    00000004     --HOLE-- [fill = 0]
                  2000fcc0    00000024     sysbios.aem4 : BIOS.obj (.text:ti_sysbios_family_arm_m3_Timer_postInit__I)
                  2000fce4    00000004     --HOLE-- [fill = 0]
                  2000fce8    00000024                  : BIOS.obj (.text:ti_sysbios_family_arm_m3_Timer_startup__E)
                  2000fd0c    00000024     release_pem4.oem4 (.text:ti_sysbios_gates_GateMutex_Object__delete__S)
                  2000fd30    00000024     sysbios.aem4 : BIOS.obj (.text:ti_sysbios_knl_Clock_Module_startup__E)
                  2000fd54    00000004     --HOLE-- [fill = 0]
                  2000fd58    00000024                  : BIOS.obj (.text:ti_sysbios_knl_Semaphore_Instance_init__E)
                  2000fd7c    00000024     release_pem4.oem4 (.text:ti_sysbios_knl_Semaphore_Object__delete__S)
                  2000fda0    00000024     sysbios.aem4 : BIOS.obj (.text:ti_sysbios_knl_Task_restoreHwi__E)
                  2000fdc4    00000004     --HOLE-- [fill = 0]
                  2000fdc8    00000024                  : BIOS.obj (.text:xdc_runtime_Error_policyMin__E)
                  2000fdec    00000020     release_pem4.oem4 (.text:ti_sysbios_BIOS_rtsLock__I)
                  2000fe0c    00000020     release_pem4.oem4 (.text:ti_sysbios_gates_GateHwi_Object__delete__S)
                  2000fe2c    00000020     release_pem4.oem4 (.text:ti_sysbios_heaps_HeapMem_Object__delete__S)
                  2000fe4c    00000004     --HOLE-- [fill = 0]
                  2000fe50    00000020     sysbios.aem4 : BIOS.obj (.text:ti_sysbios_knl_Idle_run__E)
                  2000fe70    00000020     release_pem4.oem4 (.text:ti_sysbios_knl_Semaphore_destruct)
                  2000fe90    00000020     release_pem4.oem4 (.text:ti_sysbios_knl_Task_Object__delete__S)
                  2000feb0    0000001e     sysbios.aem4 : m3_Hwi_asm_switch.obj (.text:ti_sysbios_family_xxx_Hwi_switchAndRunFunc)
                  2000fece    00000002     --HOLE-- [fill = 0]
                  2000fed0    0000001c     driverlib.a : pin.obj (.text:PinToPadGet)
                  2000feec    0000001c     empty.obj (.text:lcd_character)
                  2000ff08    0000001c     empty.obj (.text:lcd_command)
                  2000ff24    00000004     --HOLE-- [fill = 0]
                  2000ff28    0000001c     sysbios.aem4 : BIOS.obj (.text:ti_sysbios_family_arm_m3_Hwi_excHandler__I)
                  2000ff44    00000004     --HOLE-- [fill = 0]
                  2000ff48    0000001c                  : BIOS.obj (.text:ti_sysbios_family_arm_m3_Timer_Module_startup__E)
                  2000ff64    00000004     --HOLE-- [fill = 0]
                  2000ff68    0000001c                  : BIOS.obj (.text:ti_sysbios_family_arm_m3_Timer_stop__E)
                  2000ff84    00000004     --HOLE-- [fill = 0]
                  2000ff88    0000001c                  : BIOS.obj (.text:ti_sysbios_gates_GateMutex_Instance_init__E)
                  2000ffa4    0000001c     release_pem4.oem4 (.text:ti_sysbios_knl_Queue_destruct)
                  2000ffc0    0000001c     sysbios.aem4 : BIOS.obj (.text:ti_sysbios_knl_Queue_put__E)
                  2000ffdc    00000004     --HOLE-- [fill = 0]
                  2000ffe0    0000001c                  : BIOS.obj (.text:ti_sysbios_knl_Task_enter__I)
                  2000fffc    00000004     --HOLE-- [fill = 0]
                  20010000    0000001c                  : BIOS.obj (.text:ti_sysbios_rts_ti_ReentSupport_getReent__F)
                  2001001c    0000001a                  : m3_Hwi_asm.obj (.text:ti_sysbios_family_arm_m3_Hwi_pendSV__I)
                  20010036    00000002     --HOLE-- [fill = 0]
                  20010038    00000018     drivers_cc32xx.aem4 : PowerCC32XX.oem4 (.text:Power_idleFunc)
                  20010050    00000018     rtsv7M4_T_le_eabi.lib : args_main.c.obj (.text:_args_main)
                  20010068    00000018                           : ll_mul_t2.asm.obj (.text)
                  20010080    00000018     release_pem4.oem4 (.text:ti_sysbios_BIOS_rtsUnlock__I)
                  20010098    00000018     release_pem4.oem4 (.text:ti_sysbios_family_arm_m3_Hwi_Module__startupDone__F)
                  200100b0    00000018     release_pem4.oem4 (.text:ti_sysbios_family_arm_m3_Timer_Module__startupDone__F)
                  200100c8    00000018     release_pem4.oem4 (.text:ti_sysbios_gates_GateHwi_Handle__label__S)
                  200100e0    00000018     release_pem4.oem4 (.text:ti_sysbios_gates_GateMutex_Handle__label__S)
                  200100f8    00000018     sysbios.aem4 : BIOS.obj (.text:ti_sysbios_gates_GateMutex_leave__E)
                  20010110    00000018     release_pem4.oem4 (.text:ti_sysbios_heaps_HeapMem_Handle__label__S)
                  20010128    00000018     sysbios.aem4 : BIOS.obj (.text:ti_sysbios_knl_Task_sleepTimeout__I)
                  20010140    00000018     release_pem4.oem4 (.text:ti_sysbios_rts_ti_ReentSupport_getTlsAddr__I)
                  20010158    00000018     sysbios.aem4 : BIOS.obj (.text:xdc_runtime_Error_init__E)
                  20010170    00000018                  : BIOS.obj (.text:xdc_runtime_System_exit__E)
                  20010188    00000016     driverlib.a : prcm.obj (.text:PRCMHIBRegRead)
                  2001019e    00000016                 : prcm.obj (.text:PRCMHIBRegWrite)
                  200101b4    00000016     release_pem4.oem4 (.text:ti_sysbios_BIOS_exitFunc__I)
                  200101ca    00000002     --HOLE-- [fill = 0]
                  200101cc    00000014     drivers_cc32xx.aem4 : PowerCC32XX.oem4 (.text:Power_getDependencyCount)
                  200101e0    00000014     sysbios.aem4 : BIOS.obj (.text:pthread_attr_setschedparam)
                  200101f4    00000014     release_pem4.oem4 (.text:ti_sysbios_family_arm_m3_Hwi_Object__get__S)
                  20010208    00000014     sysbios.aem4 : BIOS.obj (.text:ti_sysbios_family_arm_m3_Hwi_switchFromBootStack__E)
                  2001021c    00000014                  : m3_TaskSupport_asm.obj (.text:ti_sysbios_family_arm_m3_TaskSupport_swap__E)
                  20010230    00000014     release_pem4.oem4 (.text:ti_sysbios_heaps_HeapMem_Object__get__S)
                  20010244    00000004     --HOLE-- [fill = 0]
                  20010248    00000014     sysbios.aem4 : BIOS.obj (.text:ti_sysbios_knl_Clock_tickReconfig__E)
                  2001025c    00000014     release_pem4.oem4 (.text:ti_sysbios_knl_Swi_Object__get__S)
                  20010270    00000012     dpl_cc32xx.aem4 : SemaphoreP_tirtos.oem4 (.text:SemaphoreP_pend)
                  20010282    00000006     driverlib.a : utils.obj (.text:UtilsDelay)
                  20010288    00000012     sysbios.aem4 : BIOS.obj (.text:_pthread_runStub$41)
                  2001029a    00000006     --HOLE-- [fill = 0]
                  200102a0    00000012                  : BIOS.obj (.text:ti_sysbios_hal_Hwi_Module_startup__E)
                  200102b2    00000012     release_pem4.oem4 (.text:xdc_runtime_Startup_exec__I)
                  200102c4    00000010     dpl_cc32xx.aem4 : HwiP_tirtos.oem4 (.text:HwiP_Params_init)
                  200102d4    00000004     --HOLE-- [fill = 0]
                  200102d8    00000010     sysbios.aem4 : BIOS.obj (.text:ti_sysbios_BIOS_setThreadType__E)
                  200102e8    00000010                  : BIOS.obj (.text:ti_sysbios_BIOS_start__E)
                  200102f8    00000010                  : m3_TaskSupport_asm.obj (.text:ti_sysbios_family_arm_m3_TaskSupport_glue)
                  20010308    00000010                  : BIOS.obj (.text:ti_sysbios_gates_GateMutex_Instance_finalize__E)
                  20010318    00000010     release_pem4.oem4 (.text:ti_sysbios_knl_Mailbox_Object__get__S)
                  20010328    00000010     sysbios.aem4 : BIOS.obj (.text:ti_sysbios_knl_Semaphore_Instance_finalize__E)
                  20010338    00000010                  : BIOS.obj (.text:ti_sysbios_knl_Swi_disable__E)
                  20010348    00000010     release_pem4.oem4 (.text:ti_sysbios_knl_Task_Object__get__S)
                  20010358    00000010     sysbios.aem4 : BIOS.obj (.text:ti_sysbios_knl_Task_disable__E)
                  20010368    00000010                  : BIOS.obj (.text:xdc_runtime_Memory_free__E)
                  20010378    00000010                  : BIOS.obj (.text:xdc_runtime_SysCallback_abort__E)
                  20010388    00000010                  : BIOS.obj (.text:xdc_runtime_SysCallback_exit__E)
                  20010398    0000000e     rtsv7M4_T_le_eabi.lib : copy_decompress_none.c.obj (.text:decompress:none:__TI_decompress_none)
                  200103a6    00000002     --HOLE-- [fill = 0]
                  200103a8    0000000e     sysbios.aem4 : BIOS.obj (.text:pthread_attr_setdetachstate)
                  200103b6    00000002     --HOLE-- [fill = 0]
                  200103b8    0000000e                  : BIOS.obj (.text:ti_sysbios_knl_Idle_loop__E)
                  200103c6    00000002     --HOLE-- [fill = 0]
                  200103c8    0000000e                  : BIOS.obj (.text:ti_sysbios_knl_Queue_empty__E)
                  200103d6    0000000c     CC3220S_LAUNCHXL.obj (.text:CC3220S_LAUNCHXL_initGeneral)
                  200103e2    00000002     --HOLE-- [fill = 0]
                  200103e4    0000000c     drivers_cc32xx.aem4 : PowerCC32XX.oem4 (.text:Power_getConstraintMask)
                  200103f0    0000000c     dpl_cc32xx.aem4 : SemaphoreP_tirtos.oem4 (.text:SemaphoreP_delete)
                  200103fc    0000000c     rtsv7M4_T_le_eabi.lib : _lock.c.obj (.text:_register_lock)
                  20010408    0000000c                           : _lock.c.obj (.text:_register_unlock)
                  20010414    0000000c                           : copy_zero_init.c.obj (.text:decompress:ZI:__TI_zero_init)
                  20010420    0000000c     release_pem4.oem4 (.text:ti_sysbios_family_arm_m3_Hwi_Params__init__S)
                  2001042c    00000004     --HOLE-- [fill = 0]
                  20010430    0000000c     sysbios.aem4 : BIOS.obj (.text:ti_sysbios_family_arm_m3_Hwi_disableFxn__E)
                  2001043c    00000004     --HOLE-- [fill = 0]
                  20010440    0000000c                  : BIOS.obj (.text:ti_sysbios_family_arm_m3_TaskSupport_getStackAlignment__E)
                  2001044c    00000004     --HOLE-- [fill = 0]
                  20010450    0000000c                  : BIOS.obj (.text:ti_sysbios_gates_GateHwi_enter__E)
                  2001045c    00000004     --HOLE-- [fill = 0]
                  20010460    0000000c                  : BIOS.obj (.text:ti_sysbios_knl_Clock_getTicks__E)
                  2001046c    00000004     --HOLE-- [fill = 0]
                  20010470    0000000c                  : BIOS.obj (.text:ti_sysbios_knl_Clock_setTicks__E)
                  2001047c    00000004     --HOLE-- [fill = 0]
                  20010480    0000000c                  : BIOS.obj (.text:ti_sysbios_knl_Clock_tickStart__E)
                  2001048c    00000004     --HOLE-- [fill = 0]
                  20010490    0000000c                  : BIOS.obj (.text:ti_sysbios_knl_Clock_tickStop__E)
                  2001049c    0000000c     release_pem4.oem4 (.text:ti_sysbios_knl_Queue_Object__get__S)
                  200104a8    0000000c     release_pem4.oem4 (.text:ti_sysbios_knl_Semaphore_Params__init__S)
                  200104b4    0000000c     release_pem4.oem4 (.text:ti_sysbios_knl_Task_Params__init__S)
                  200104c0    0000000c     sysbios.aem4 : BIOS.obj (.text:ti_sysbios_knl_Task_self__E)
                  200104cc    00000004     --HOLE-- [fill = 0]
                  200104d0    0000000c                  : BIOS.obj (.text:ti_sysbios_rts_ti_ReentSupport_taskRegHook__I)
                  200104dc    00000004     --HOLE-- [fill = 0]
                  200104e0    0000000c                  : BIOS.obj (.text:xdc_runtime_Startup_rtsDone__E)
                  200104ec    0000000a     release_pem4.oem4 (.text:xdc_runtime_IHeap_alloc)
                  200104f6    0000000a     release_pem4.oem4 (.text:xdc_runtime_IHeap_free)
                  20010500    00000008     sysbios.aem4 : BIOS.obj (.text:pthread_attr_setstacksize)
                  20010508    00000008                  : BIOS.obj (.text:ti_sysbios_family_arm_m3_Hwi_doSwiRestore__I)
                  20010510    00000008                  : BIOS.obj (.text:ti_sysbios_family_arm_m3_Hwi_startup__E)
                  20010518    00000006                  : BIOS.obj (.text:ti_sysbios_family_arm_m3_Hwi_doTaskRestore__I)
                  2001051e    00000002     --HOLE-- [fill = 0]
                  20010520    00000006                  : BIOS.obj (.text:ti_sysbios_family_arm_m3_Hwi_restoreFxn__E)
                  20010526    00000002     --HOLE-- [fill = 0]
                  20010528    00000006                  : BIOS.obj (.text:ti_sysbios_gates_GateHwi_leave__E)
                  2001052e    00000002     --HOLE-- [fill = 0]
                  20010530    00000006                  : BIOS.obj (.text:ti_sysbios_heaps_HeapMem_isBlocking__E)
                  20010536    00000002     --HOLE-- [fill = 0]
                  20010538    00000006                  : BIOS.obj (.text:ti_sysbios_knl_Queue_Instance_init__E)
                  2001053e    00000002     --HOLE-- [fill = 0]
                  20010540    00000006                  : BIOS.obj (.text:ti_sysbios_knl_Swi_startup__E)
                  20010546    00000002     --HOLE-- [fill = 0]
                  20010548    00000006                  : BIOS.obj (.text:xdc_runtime_System_Module_startup__E)
                  2001054e    00000002     --HOLE-- [fill = 0]
                  20010550    00000004                  : BIOS.obj (.text:ti_sysbios_family_arm_m3_Timer_getMaxTicks__E)
                  20010554    00000004     --HOLE-- [fill = 0]
                  20010558    00000004                  : BIOS.obj (.text:ti_sysbios_gates_GateHwi_query__E)
                  2001055c    00000004     --HOLE-- [fill = 0]
                  20010560    00000004                  : BIOS.obj (.text:ti_sysbios_gates_GateMutex_query__E)
                  20010564    00000004     --HOLE-- [fill = 0]
                  20010568    00000004                  : BIOS.obj (.text:ti_sysbios_knl_Task_startup__E)
                  2001056c    00000004     --HOLE-- [fill = 0]
                  20010570    00000002                  : BIOS.obj (.text:ti_sysbios_BIOS_linkedWithIncorrectBootLibrary__E)
                  20010572    00000006     --HOLE-- [fill = 0]
                  20010578    00000002                  : BIOS.obj (.text:ti_sysbios_gates_GateHwi_Instance_init__E)
                  2001057a    00000006     --HOLE-- [fill = 0]
                  20010580    00000002                  : BIOS.obj (.text:ti_sysbios_knl_Clock_logTick__E)
                  20010582    00000006     --HOLE-- [fill = 0]
                  20010588    00000002                  : BIOS.obj (.text:xdc_runtime_SysCallback_defaultAbort)
                  2001058a    00000006     --HOLE-- [fill = 0]
                  20010590    00000002                  : BIOS.obj (.text:xdc_runtime_SysCallback_defaultExit)
                  20010592    00000006     --HOLE-- [fill = 0]
                  20010598    00000002                  : BIOS.obj (.text:xdc_runtime_System_abortSpin__E)
                  2001059a    00000006     --HOLE-- [fill = 0]
                  200105a0    00000002                  : BIOS.obj (.text:xdc_runtime_System_exitSpin__E)

.bss       0    20011348    00000674     UNINITIALIZED
                  20011348    0000030c     (.common:ti_sysbios_family_arm_m3_Hwi_dispatchTable)
                  20011654    00000004     drivers_cc32xx.aem4 : GPIOCC32XX.oem4 (.bss)
                  20011658    00000200     release_pem4.oem4 (.bss:taskStackSection)
                  20011858    0000012c     (.common:PowerCC32XX_contextSave)
                  20011984    00000020     drivers_cc32xx.aem4 : GPIOCC32XX.oem4 (.bss:gpioCallbackInfo)
                  200119a4    00000014                         : GPIOCC32XX.oem4 (.bss:powerNotifyObj)
                  200119b8    00000004     (.common:ti_sysbios_knl_Task_Instance_State_0_hookEnv__A)

.data      0    200105a4    00000724     UNINITIALIZED
                  200105a4    0000016c     drivers_cc32xx.aem4 : PowerCC32XX.oem4 (.data:PowerCC32XX_module)
                  20010710    000000f8     CC3220S_LAUNCHXL.obj (.data:parkInfo)
                  20010808    00000088     sysbios.aem4 : BIOS.obj (.data:$O1$$)
                  20010890    00000080     release_pem4.oem4 (.data:ti_sysbios_knl_Swi_Module_State_0_readyQ__A)
                  20010910    00000080     release_pem4.oem4 (.data:ti_sysbios_knl_Task_Module_State_0_readyQ__A)
                  20010990    0000005c     release_pem4.oem4 (.data:ti_sysbios_knl_Task_Object__table__V)
                  200109ec    00000054     CC3220S_LAUNCHXL.obj (.data:gpioPinConfigs)
                  20010a40    00000054     release_pem4.oem4 (.data:ti_sysbios_gates_GateMutex_Object__table__V)
                  20010a94    00000048     release_pem4.oem4 (.data:ti_sysbios_knl_Task_Module__state__V)
                  20010adc    00000034     release_pem4.oem4 (.data:ti_sysbios_family_arm_m3_Hwi_Module__state__V)
                  20010b10    00000030     release_pem4.oem4 (.data:ti_sysbios_family_arm_m3_Timer_Object__table__V)
                  20010b40    00000030     release_pem4.oem4 (.data:ti_sysbios_knl_Swi_Object__table__V)
                  20010b70    0000002c     release_pem4.oem4 (.data:ti_sysbios_knl_Clock_Module__state__V)
                  20010b9c    00000024     release_pem4.oem4 (.data:ti_sysbios_BIOS_Module__state__V)
                  20010bc0    00000020     release_pem4.oem4 (.data:xdc_runtime_Error_IgnoreBlock)
                  20010be0    0000001c     release_pem4.oem4 (.data:ti_sysbios_knl_Swi_Module__state__V)
                  20010bfc    00000018     release_pem4.oem4 (.data:ti_sysbios_family_arm_m3_Hwi_Object__table__V)
                  20010c14    00000018     release_pem4.oem4 (.data:ti_sysbios_heaps_HeapMem_Object__table__V)
                  20010c2c    00000010     CC3220S_LAUNCHXL.obj (.data:gpioCallbackFunctions)
                  20010c3c    0000000c     release_pem4.oem4 (.data:ti_sysbios_family_arm_m3_Timer_Module__state__V)
                  20010c48    00000009     drivers_cc32xx.aem4 : GPIOCC32XX.oem4 (.data)
                  20010c51    00000001     --HOLE--
                  20010c52    00000002     release_pem4.oem4 (.data:ti_sysbios_family_arm_m3_Hwi_Module_State_0_excActive__A)
                  20010c54    00000008     rtsv7M4_T_le_eabi.lib : _lock.c.obj (.data:$O1$$)
                  20010c5c    00000008     release_pem4.oem4 (.data:ti_sysbios_family_arm_m3_Hwi_Module__root__V)
                  20010c64    00000008     release_pem4.oem4 (.data:ti_sysbios_gates_GateHwi_Module__root__V)
                  20010c6c    00000008     release_pem4.oem4 (.data:ti_sysbios_gates_GateMutex_Module__root__V)
                  20010c74    00000008     release_pem4.oem4 (.data:ti_sysbios_heaps_HeapMem_Module__root__V)
                  20010c7c    00000008     release_pem4.oem4 (.data:ti_sysbios_knl_Queue_Module__root__V)
                  20010c84    00000008     release_pem4.oem4 (.data:ti_sysbios_knl_Semaphore_Module__root__V)
                  20010c8c    00000008     release_pem4.oem4 (.data:ti_sysbios_knl_Task_Module__root__V)
                  20010c94    00000008     release_pem4.oem4 (.data:xdc_runtime_Startup_Module__state__V)
                  20010c9c    00000008     release_pem4.oem4 (.data:xdc_runtime_System_Module_State_0_atexitHandlers__A)
                  20010ca4    00000008     release_pem4.oem4 (.data:xdc_runtime_System_Module__state__V)
                  20010cac    00000004     rtsv7M4_T_le_eabi.lib : stkdepth_vars.c.obj (.data)
                  20010cb0    00000004     release_pem4.oem4 (.data:ti_sysbios_family_arm_m3_Hwi_Module_State_0_excContext__A)
                  20010cb4    00000004     release_pem4.oem4 (.data:ti_sysbios_family_arm_m3_Hwi_Module_State_0_excStack__A)
                  20010cb8    00000004     release_pem4.oem4 (.data:ti_sysbios_gates_GateHwi_Object__table__V)
                  20010cbc    00000004     release_pem4.oem4 (.data:ti_sysbios_knl_Task_Module_State_0_idleTask__A)
                  20010cc0    00000004     release_pem4.oem4 (.data:ti_sysbios_rts_ti_ReentSupport_Module__state__V)
                  20010cc4    00000004     release_pem4.oem4 (.data:xdc_runtime_Memory_Module__state__V)

.const     0    20010cc8    0000067a     
                  20010cc8    00000100     driverlib.a : pin.obj (.const:g_ulPinToPadMap)
                  20010dc8    000000a8                 : prcm.obj (.const:PRCM_PeriphRegsList)
                  20010e70    00000058     release_pem4.oem4 (.const:.string)
                  20010ec8    00000044     release_pem4.oem4 (.const:ti_sysbios_knl_Task_Object__PARAMS__C)
                  20010f0c    00000040     CC3220S_LAUNCHXL.obj (.const:PowerCC32XX_config)
                  20010f4c    00000030     release_pem4.oem4 (.const:ti_sysbios_family_arm_m3_Hwi_Object__PARAMS__C)
                  20010f7c    00000028     release_pem4.oem4 (.const:ti_sysbios_heaps_HeapMem_Module__FXNS__C)
                  20010fa4    00000024     release_pem4.oem4 (.const:ti_sysbios_gates_GateHwi_Module__FXNS__C)
                  20010fc8    00000024     release_pem4.oem4 (.const:ti_sysbios_gates_GateMutex_Module__FXNS__C)
                  20010fec    00000024     release_pem4.oem4 (.const:ti_sysbios_heaps_HeapMem_Object__PARAMS__C)
                  20011010    00000024     release_pem4.oem4 (.const:ti_sysbios_knl_Semaphore_Object__PARAMS__C)
                  20011034    00000021     drivers_cc32xx.aem4 : GPIOCC32XX.oem4 (.const:.string:pinTable)
                  20011055    00000001     release_pem4.oem4 (.const:ti_sysbios_knl_Clock_tickMode__C)
                  20011056    00000002     release_pem4.oem4 (.const:ti_sysbios_family_arm_m3_Hwi_Module__id__C)
                  20011058    00000020     release_pem4.oem4 (.const:ti_sysbios_family_arm_m3_Hwi_Object__DESC__C)
                  20011078    00000020     release_pem4.oem4 (.const:ti_sysbios_gates_GateHwi_Object__DESC__C)
                  20011098    00000020     release_pem4.oem4 (.const:ti_sysbios_gates_GateMutex_Object__DESC__C)
                  200110b8    00000020     release_pem4.oem4 (.const:ti_sysbios_heaps_HeapMem_Object__DESC__C)
                  200110d8    00000020     release_pem4.oem4 (.const:ti_sysbios_knl_Queue_Object__DESC__C)
                  200110f8    00000020     release_pem4.oem4 (.const:ti_sysbios_knl_Semaphore_Object__DESC__C)
                  20011118    00000020     release_pem4.oem4 (.const:ti_sysbios_knl_Task_Object__DESC__C)
                  20011138    00000020     release_pem4.oem4 (.const:xdc_runtime_Startup_sfxnTab__A)
                  20011158    00000018     release_pem4.oem4 (.const:ti_sysbios_gates_GateHwi_Object__PARAMS__C)
                  20011170    00000018     release_pem4.oem4 (.const:ti_sysbios_gates_GateMutex_Object__PARAMS__C)
                  20011188    00000018     release_pem4.oem4 (.const:ti_sysbios_knl_Queue_Object__PARAMS__C)
                  200111a0    00000018     release_pem4.oem4 (.const:ti_sysbios_knl_Task_hooks__A)
                  200111b8    00000014     CC3220S_LAUNCHXL.obj (.const:GPIOCC32XX_config)
                  200111cc    00000014     drivers_cc32xx.aem4 : GPIOCC32XX.oem4 (.const:gpioBaseAddresses)
                  200111e0    00000014                         : GPIOCC32XX.oem4 (.const:powerResources)
                  200111f4    00000010     release_pem4.oem4 (.const:xdc_runtime_Startup_sfxnRts__A)
                  20011204    0000000c     release_pem4.oem4 (.const:xdc_runtime_Startup_firstFxns__A)
                  20011210    0000000b     empty.obj (.const:.string:$P$T0$1)
                  2001121b    00000001     release_pem4.oem4 (.const:ti_sysbios_knl_Clock_tickSource__C)
                  2001121c    00000008     drivers_cc32xx.aem4 : GPIOCC32XX.oem4 (.const:outPinTypes)
                  20011224    00000008     release_pem4.oem4 (.const:ti_sysbios_knl_Idle_funcList__A)
                  2001122c    00000008     release_pem4.oem4 (.const:ti_sysbios_knl_Idle_funcList__C)
                  20011234    00000008     release_pem4.oem4 (.const:ti_sysbios_knl_Task_hooks__C)
                  2001123c    00000008     release_pem4.oem4 (.const:xdc_runtime_Startup_firstFxns__C)
                  20011244    00000008     release_pem4.oem4 (.const:xdc_runtime_Startup_lastFxns__C)
                  2001124c    00000006     drivers_cc32xx.aem4 : GPIOCC32XX.oem4 (.const:.string:interruptType)
                  20011252    00000006                         : GPIOCC32XX.oem4 (.const:inPinTypes)
                  20011258    00000006                         : GPIOCC32XX.oem4 (.const:outPinStrengths)
                  2001125e    00000004                         : GPIOCC32XX.oem4 (.const:.string:portInterruptIds)
                  20011262    00000002     release_pem4.oem4 (.const:ti_sysbios_family_arm_m3_Timer_Module__id__C)
                  20011264    00000004     release_pem4.oem4 (.const:ti_sysbios_family_arm_m3_Hwi_E_alreadyDefined__C)
                  20011268    00000004     release_pem4.oem4 (.const:ti_sysbios_family_arm_m3_Hwi_NUM_INTERRUPTS__C)
                  2001126c    00000004     release_pem4.oem4 (.const:ti_sysbios_family_arm_m3_Hwi_Object__count__C)
                  20011270    00000004     release_pem4.oem4 (.const:ti_sysbios_family_arm_m3_Hwi_ccr__C)
                  20011274    00000004     release_pem4.oem4 (.const:ti_sysbios_family_arm_m3_Hwi_excHandlerFunc__C)
                  20011278    00000004     release_pem4.oem4 (.const:ti_sysbios_family_arm_m3_Hwi_nullIsrFunc__C)
                  2001127c    00000004     release_pem4.oem4 (.const:ti_sysbios_family_arm_m3_Hwi_priGroup__C)
                  20011280    00000004     release_pem4.oem4 (.const:ti_sysbios_family_arm_m3_Hwi_swiDisable__C)
                  20011284    00000004     release_pem4.oem4 (.const:ti_sysbios_family_arm_m3_Hwi_swiRestore__C)
                  20011288    00000004     release_pem4.oem4 (.const:ti_sysbios_family_arm_m3_TaskSupport_stackAlignment__C)
                  2001128c    00000004     release_pem4.oem4 (.const:ti_sysbios_family_arm_m3_Timer_E_cannotSupport__C)
                  20011290    00000004     release_pem4.oem4 (.const:ti_sysbios_family_arm_m3_Timer_startupNeeded__C)
                  20011294    00000004     release_pem4.oem4 (.const:ti_sysbios_gates_GateMutex_Instance_State_sem__O)
                  20011298    00000004     release_pem4.oem4 (.const:ti_sysbios_heaps_HeapMem_E_memory__C)
                  2001129c    00000004     release_pem4.oem4 (.const:ti_sysbios_heaps_HeapMem_Module__gateObj__C)
                  200112a0    00000004     release_pem4.oem4 (.const:ti_sysbios_heaps_HeapMem_Object__count__C)
                  200112a4    00000004     release_pem4.oem4 (.const:ti_sysbios_heaps_HeapMem_primaryHeapBaseAddr__C)
                  200112a8    00000004     release_pem4.oem4 (.const:ti_sysbios_heaps_HeapMem_primaryHeapEndAddr__C)
                  200112ac    00000004     release_pem4.oem4 (.const:ti_sysbios_heaps_HeapMem_reqAlign__C)
                  200112b0    00000004     release_pem4.oem4 (.const:ti_sysbios_knl_Clock_Module_State_clockQ__O)
                  200112b4    00000004     release_pem4.oem4 (.const:ti_sysbios_knl_Clock_tickPeriod__C)
                  200112b8    00000004     release_pem4.oem4 (.const:ti_sysbios_knl_Mailbox_Instance_State_freeQue__O)
                  200112bc    00000004     release_pem4.oem4 (.const:ti_sysbios_knl_Mailbox_Object__count__C)
                  200112c0    00000004     release_pem4.oem4 (.const:ti_sysbios_knl_Mailbox_maxTypeAlign__C)
                  200112c4    00000004     release_pem4.oem4 (.const:ti_sysbios_knl_Semaphore_Instance_State_pendQ__O)
                  200112c8    00000004     release_pem4.oem4 (.const:ti_sysbios_knl_Swi_Object__count__C)
                  200112cc    00000004     release_pem4.oem4 (.const:ti_sysbios_knl_Task_Module_State_inactiveQ__O)
                  200112d0    00000004     release_pem4.oem4 (.const:ti_sysbios_knl_Task_Object__count__C)
                  200112d4    00000004     release_pem4.oem4 (.const:ti_sysbios_knl_Task_Object__heap__C)
                  200112d8    00000004     release_pem4.oem4 (.const:ti_sysbios_knl_Task_allBlockedFunc__C)
                  200112dc    00000004     release_pem4.oem4 (.const:ti_sysbios_knl_Task_defaultStackHeap__C)
                  200112e0    00000004     release_pem4.oem4 (.const:ti_sysbios_knl_Task_defaultStackSize__C)
                  200112e4    00000004     release_pem4.oem4 (.const:ti_sysbios_knl_Task_numConstructedTasks__C)
                  200112e8    00000004     release_pem4.oem4 (.const:xdc_runtime_Error_E_memory__C)
                  200112ec    00000004     release_pem4.oem4 (.const:xdc_runtime_Error_policyFxn__C)
                  200112f0    00000004     release_pem4.oem4 (.const:xdc_runtime_IGateProvider_Interface__BASE__C)
                  200112f4    00000004     release_pem4.oem4 (.const:xdc_runtime_IHeap_Interface__BASE__C)
                  200112f8    00000004     release_pem4.oem4 (.const:xdc_runtime_IModule_Interface__BASE__C)
                  200112fc    00000004     release_pem4.oem4 (.const:xdc_runtime_Memory_defaultHeapInstance__C)
                  20011300    00000004     release_pem4.oem4 (.const:xdc_runtime_Startup_execImpl__C)
                  20011304    00000004     release_pem4.oem4 (.const:xdc_runtime_Startup_maxPasses__C)
                  20011308    00000004     release_pem4.oem4 (.const:xdc_runtime_Startup_sfxnRts__C)
                  2001130c    00000004     release_pem4.oem4 (.const:xdc_runtime_Startup_sfxnTab__C)
                  20011310    00000004     release_pem4.oem4 (.const:xdc_runtime_SysCallback_abortFxn__C)
                  20011314    00000004     release_pem4.oem4 (.const:xdc_runtime_SysCallback_exitFxn__C)
                  20011318    00000004     release_pem4.oem4 (.const:xdc_runtime_System_Module__gateObj__C)
                  2001131c    00000004     release_pem4.oem4 (.const:xdc_runtime_System_abortFxn__C)
                  20011320    00000004     release_pem4.oem4 (.const:xdc_runtime_System_exitFxn__C)
                  20011324    00000004     release_pem4.oem4 (.const:xdc_runtime_System_maxAtexitHandlers__C)
                  20011328    00000004     release_pem4.oem4 (.const:xdc_runtime_Text_charTab__C)
                  2001132c    00000004     release_pem4.oem4 (.const:xdc_runtime_Text_nameEmpty__C)
                  20011330    00000004     release_pem4.oem4 (.const:xdc_runtime_Text_nameStatic__C)
                  20011334    00000004     release_pem4.oem4 (.const:xdc_runtime_Text_nameUnknown__C)
                  20011338    00000002     release_pem4.oem4 (.const:ti_sysbios_heaps_HeapMem_Module__id__C)
                  2001133a    00000002     release_pem4.oem4 (.const:xdc_runtime_Memory_Module__id__C)
                  2001133c    00000002     release_pem4.oem4 (.const:xdc_runtime_Text_charCnt__C)
                  2001133e    00000002     release_pem4.oem4 (.const:xdc_runtime_Text_isLoaded__C)
                  20011340    00000001     release_pem4.oem4 (.const:xdc_runtime_Error_policy__C)
                  20011341    00000001     release_pem4.oem4 (.const:xdc_runtime_Text_charTab__A)

.cinit     0    200119c0    00000290     
                  200119c0    00000269     (.cinit..data.load) [load image, compression = lzss]
                  20011c29    00000003     --HOLE-- [fill = 0]
                  20011c2c    0000000c     (__TI_handler_table)
                  20011c38    00000008     (.cinit..bss.load) [load image, compression = zero_init]
                  20011c40    00000010     (__TI_cinit_table)

.init_array 
*          0    20004000    00000000     UNINITIALIZED

.priheap   0    20004040    00008000     UNINITIALIZED
                  20004040    00008000     --HOLE--

.bootVecs 
*          0    00000000    00000008     DSECT
                  00000000    00000008     boot.aem4 : boot.oem4 (.bootVecs)

.resetVecs 
*          0    20004000    0000003c     
                  20004000    0000003c     release_pem4.oem4 (.resetVecs)

xdc.meta   0    00000000    00000108     COPY SECTION
                  00000000    00000108     release_pem4.oem4 (xdc.meta)

xdc.noload 
*          0    00000000    00000000     COPY SECTION

MODULE SUMMARY

       Module                       code    ro data   rw data
       ------                       ----    -------   -------
    .\
       CC3220S_LAUNCHXL.obj         12      84        348    
       empty.obj                    430     11        0      
       main_tirtos.obj              96      0         0      
    +--+----------------------------+-------+---------+---------+
       Total:                       538     95        348    
                                                             
    C:\Users\maria\micro2workspace\tirtos_builds_CC3220S_LAUNCHXL_release_ccs\Debug\configPkg\package\cfg\
       release_pem4.oem4            1348    1096      3034   
    +--+----------------------------+-------+---------+---------+
       Total:                       1348    1096      3034   
                                                             
    C:/ti/simplelink_cc32xx_sdk_3_20_00_06/kernel/tirtos/packages/ti/dpl/lib/dpl_cc32xx.aem4
       PowerCC32XX_tirtos.oem4      430     0         0      
       HwiP_tirtos.oem4             84      0         0      
       SemaphoreP_tirtos.oem4       78      0         0      
    +--+----------------------------+-------+---------+---------+
       Total:                       592     0         0      
                                                             
    C:/ti/simplelink_cc32xx_sdk_3_20_00_06/source/ti/devices/cc32xx/driverlib/ccs/Release/driverlib.a
       prcm.obj                     1604    168       0      
       pin.obj                      280     256       0      
       flash.obj                    72      0         0      
       utils.obj                    6       0         0      
    +--+----------------------------+-------+---------+---------+
       Total:                       1962    424       0      
                                                             
    C:/ti/simplelink_cc32xx_sdk_3_20_00_06/source/ti/drivers/lib/drivers_cc32xx.aem4
       PowerCC32XX.oem4             2020    0         664    
       GPIOCC32XX.oem4              1196    103       65     
       PowerCC32XX_asm.oem4         150     0         0      
       List.oem4                    38      0         0      
    +--+----------------------------+-------+---------+---------+
       Total:                       3404    103       729    
                                                             
    C:\Users\maria\micro2workspace\tirtos_builds_CC3220S_LAUNCHXL_release_ccs\src\sysbios\sysbios.aem4
       BIOS.obj                     8274    0         136    
       m3_Hwi_asm.obj               274     0         0      
       m3_Hwi_asm_switch.obj        102     0         0      
       m3_TaskSupport_asm.obj       36      0         0      
    +--+----------------------------+-------+---------+---------+
       Total:                       8686    0         136    
                                                             
    C:\ti\ccs910\ccs\tools\compiler\ti-cgt-arm_18.12.2.LTS\lib\rtsv7M4_T_le_eabi.lib
       memcpy_t2.asm.obj            156     0         0      
       ull_div_t2.asm.obj           150     0         0      
       memset_t2.asm.obj            122     0         0      
       copy_decompress_lzss.c.obj   104     0         0      
       cpy_tbl.c.obj                76      0         0      
       _lock.c.obj                  26      0         8      
       args_main.c.obj              24      0         0      
       ll_mul_t2.asm.obj            24      0         0      
       copy_decompress_none.c.obj   14      0         0      
       copy_zero_init.c.obj         12      0         0      
       stkdepth_vars.c.obj          0       0         4      
       div0.asm.obj                 2       0         0      
    +--+----------------------------+-------+---------+---------+
       Total:                       710     0         12     
                                                             
    C:\ti\simplelink_cc32xx_sdk_3_20_00_06\kernel\tirtos\packages\ti\targets\arm\rtsarm\lib\auto_init.aem4
       auto_init.oem4               160     0         0      
    +--+----------------------------+-------+---------+---------+
       Total:                       160     0         0      
                                                             
    C:\ti\simplelink_cc32xx_sdk_3_20_00_06\kernel\tirtos\packages\ti\targets\arm\rtsarm\lib\boot.aem4
       boot.oem4                    68      0         0      
    +--+----------------------------+-------+---------+---------+
       Total:                       68      0         0      
                                                             
       Stack:                       0       0         1024   
       Linker Generated:            0       653       0      
    +--+----------------------------+-------+---------+---------+
       Grand Total:                 17468   2371      5283   


LINKER GENERATED COPY TABLES

__TI_cinit_table @ 20011c40 records: 2, size/record: 8, table size: 16
	.data: load addr=200119c0, load size=00000269 bytes, run addr=200105a4, run size=00000724 bytes, compression=lzss
	.bss: load addr=20011c38, load size=00000008 bytes, run addr=20011348, run size=00000674 bytes, compression=zero_init


LINKER GENERATED HANDLER TABLE

__TI_handler_table @ 20011c2c records: 3, size/record: 4, table size: 12
	index: 0, handler: __TI_zero_init
	index: 1, handler: __TI_decompress_lzss
	index: 2, handler: __TI_decompress_none


GLOBAL SYMBOLS: SORTED ALPHABETICALLY BY Name 

address   name                                                            
-------   ----                                                            
200103d7  Board_init                                                      
200103d7  CC3220S_LAUNCHXL_initGeneral                                    
20010461  ClockP_getSystemTicks                                           
2000ef1d  FlashDisable                                                    
200111b8  GPIOCC32XX_config                                               
2000ecb1  GPIO_enableInt                                                  
2000e275  GPIO_hwiIntFxn                                                  
2000d1f1  GPIO_init                                                       
2000e7e1  GPIO_setCallback                                                
2000c46d  GPIO_setConfig                                                  
2000e9bd  GPIO_write                                                      
00008000  HEAPSIZE                                                        
200102c5  HwiP_Params_init                                                
2000f395  HwiP_create                                                     
2000cb25  HwiP_disable                                                    
20010521  HwiP_restore                                                    
2000fc29  List_put                                                        
2000c041  PRCMCC3200MCUInit                                               
20010189  PRCMHIBRegRead                                                  
2001019f  PRCMHIBRegWrite                                                 
2000ef65  PRCMLPDSEnter                                                   
2000f691  PRCMLPDSEnterKeepDebugIf                                        
2000f1a9  PRCMLPDSRestoreInfoSet                                          
2000fb0d  PRCMPeripheralClkDisable                                        
2000efad  PRCMPeripheralClkEnable                                         
2000ea15  PRCMPeripheralReset                                             
2000e65d  PRCMSysResetCauseGet                                            
2000dc35  PinConfigSet                                                    
2000f739  PinModeGet                                                      
2000f3d5  PinModeSet                                                      
2000fed1  PinToPadGet                                                     
20010f0c  PowerCC32XX_config                                              
2000d4fd  PowerCC32XX_configureWakeup                                     
20011858  PowerCC32XX_contextSave                                         
2000f1ed  PowerCC32XX_enterLPDS                                           
2000fb35  PowerCC32XX_initPolicy                                          
200105a4  PowerCC32XX_module                                              
2000ecfd  PowerCC32XX_parkPin                                             
2000f843  PowerCC32XX_restoreParkedPin                                    
2000eb6d  PowerCC32XX_resumeLPDS                                          
2000e591  PowerCC32XX_setParkState                                        
2000c645  PowerCC32XX_sleepPolicy                                         
200103e5  Power_getConstraintMask                                         
200101cd  Power_getDependencyCount                                        
20010039  Power_idleFunc                                                  
2000de59  Power_init                                                      
2000fb5d  Power_registerNotify                                            
2000f459  Power_setConstraint                                             
2000e0f5  Power_setDependency                                             
2000ca09  Power_sleep                                                     
UNDEFED   SHT$$INIT_ARRAY$$Base                                           
UNDEFED   SHT$$INIT_ARRAY$$Limit                                          
2000fa59  SemaphoreP_createBinary                                         
200103f1  SemaphoreP_delete                                               
20010271  SemaphoreP_pend                                                 
2000cc45  SemaphoreP_post                                                 
20010283  UtilsDelay                                                      
00000000  __ASM__                                                         
00000081  __ISA__                                                         
00000094  __PLAT__                                                        
20004000  __STACK_END                                                     
00000400  __STACK_SIZE                                                    
000000bb  __TARG__                                                        
20011c40  __TI_CINIT_Base                                                 
20011c50  __TI_CINIT_Limit                                                
20011c2c  __TI_Handler_Table_Base                                         
20011c38  __TI_Handler_Table_Limit                                        
2000d64d  __TI_auto_init                                                  
2000e4bd  __TI_decompress_lzss                                            
20010399  __TI_decompress_none                                            
ffffffff  __TI_pprof_out_hndl                                             
ffffffff  __TI_prof_data_size                                             
ffffffff  __TI_prof_data_start                                            
200119c0  __TI_static_base__                                              
20010415  __TI_zero_init                                                  
000000e0  __TRDR__                                                        
2000de57  __aeabi_idiv0                                                   
2000de57  __aeabi_ldiv0                                                   
20010069  __aeabi_lmul                                                    
2000e1f9  __aeabi_memclr                                                  
2000e1f9  __aeabi_memclr4                                                 
2000e1f9  __aeabi_memclr8                                                 
2000d78d  __aeabi_memcpy                                                  
2000d78d  __aeabi_memcpy4                                                 
2000d78d  __aeabi_memcpy8                                                 
2000e1fb  __aeabi_memset                                                  
2000e1fb  __aeabi_memset4                                                 
2000e1fb  __aeabi_memset8                                                 
2000d959  __aeabi_uldivmod                                                
ffffffff  __binit__                                                       
ffffffff  __c_args__                                                      
2000c040  __primary_heap_end__                                            
20004040  __primary_heap_start__                                          
20003c00  __stack                                                         
20010051  _args_main                                                      
2000f231  _c_int00                                                        
20010c54  _lock                                                           
2000d9ef  _nop                                                            
2000fa89  _pthread_cleanupFxn                                             
2000d6f1  _pthread_removeThreadKeys                                       
200103fd  _register_lock                                                  
20010409  _register_unlock                                                
20010c58  _unlock                                                         
ffffffff  binit                                                           
2000ed49  copy_in                                                         
20010c2c  gpioCallbackFunctions                                           
200109ec  gpioPinConfigs                                                  
20011252  inPinTypes                                                      
2000e2ed  lcd_byte                                                        
2000feed  lcd_character                                                   
2000ff09  lcd_command                                                     
2000ebbf  lcd_init_8d                                                     
2000fb85  lcd_string                                                      
2000e6bd  main                                                            
2000dedd  mainThread                                                      
20010cac  main_func_sp                                                    
2000d78d  memcpy                                                          
2000e201  memset                                                          
20011258  outPinStrengths                                                 
2001121c  outPinTypes                                                     
20010710  parkInfo                                                        
2000fc51  pthread_attr_init                                               
200103a9  pthread_attr_setdetachstate                                     
200101e1  pthread_attr_setschedparam                                      
20010501  pthread_attr_setstacksize                                       
2000cf61  pthread_create                                                  
2000e529  pthread_exit                                                    
2000f499  sleep                                                           
20010b9c  ti_sysbios_BIOS_Module__state__V                                
200100e1  ti_sysbios_BIOS_RtsGateProxy_Handle__label__S                   
2000ce5d  ti_sysbios_BIOS_RtsGateProxy_enter__E                           
2000cf5d  ti_sysbios_BIOS_RtsGateProxy_leave__E                           
20010561  ti_sysbios_BIOS_RtsGateProxy_query__E                           
2000f875  ti_sysbios_BIOS_atExitFunc__I                                   
200101b5  ti_sysbios_BIOS_exitFunc__I                                     
20010571  ti_sysbios_BIOS_linkedWithIncorrectBootLibrary__E               
2000e273  ti_sysbios_BIOS_nullFunc__I                                     
2000fc75  ti_sysbios_BIOS_registerRTSLock__I                              
2000fc99  ti_sysbios_BIOS_removeRTSLock__I                                
2000fded  ti_sysbios_BIOS_rtsLock__I                                      
20010081  ti_sysbios_BIOS_rtsUnlock__I                                    
200102d9  ti_sysbios_BIOS_setThreadType__E                                
2000f8a5  ti_sysbios_BIOS_startFunc__I                                    
200102e9  ti_sysbios_BIOS_start__E                                        
20011264  ti_sysbios_family_arm_m3_Hwi_E_alreadyDefined__C                
2000f4d9  ti_sysbios_family_arm_m3_Hwi_Instance_finalize__E               
2000d8c1  ti_sysbios_family_arm_m3_Hwi_Instance_init__E                   
20010c52  ti_sysbios_family_arm_m3_Hwi_Module_State_0_excActive__A        
20010cb0  ti_sysbios_family_arm_m3_Hwi_Module_State_0_excContext__A       
20010cb4  ti_sysbios_family_arm_m3_Hwi_Module_State_0_excStack__A         
20011056  ti_sysbios_family_arm_m3_Hwi_Module__id__C                      
20010c5c  ti_sysbios_family_arm_m3_Hwi_Module__root__V                    
20010099  ti_sysbios_family_arm_m3_Hwi_Module__startupDone__F             
20010099  ti_sysbios_family_arm_m3_Hwi_Module__startupDone__S             
20010adc  ti_sysbios_family_arm_m3_Hwi_Module__state__V                   
2000ec11  ti_sysbios_family_arm_m3_Hwi_Module_startup__E                  
20011268  ti_sysbios_family_arm_m3_Hwi_NUM_INTERRUPTS__C                  
20011058  ti_sysbios_family_arm_m3_Hwi_Object__DESC__C                    
20010f4c  ti_sysbios_family_arm_m3_Hwi_Object__PARAMS__C                  
2001126c  ti_sysbios_family_arm_m3_Hwi_Object__count__C                   
200101f5  ti_sysbios_family_arm_m3_Hwi_Object__get__S                     
20010bfc  ti_sysbios_family_arm_m3_Hwi_Object__table__V                   
20010421  ti_sysbios_family_arm_m3_Hwi_Params__init__S                    
20011270  ti_sysbios_family_arm_m3_Hwi_ccr__C                             
2000ea6d  ti_sysbios_family_arm_m3_Hwi_create                             
20010431  ti_sysbios_family_arm_m3_Hwi_disableFxn__E                      
2000eff9  ti_sysbios_family_arm_m3_Hwi_disableInterrupt__E                
2000e5f9  ti_sysbios_family_arm_m3_Hwi_dispatchC__I                       
20011348  ti_sysbios_family_arm_m3_Hwi_dispatchTable                      
2000d051  ti_sysbios_family_arm_m3_Hwi_dispatch__I                        
20010509  ti_sysbios_family_arm_m3_Hwi_doSwiRestore__I                    
20010519  ti_sysbios_family_arm_m3_Hwi_doTaskRestore__I                   
2000f041  ti_sysbios_family_arm_m3_Hwi_enableInterrupt__E                 
2000fbad  ti_sysbios_family_arm_m3_Hwi_excHandlerAsm__I                   
20011274  ti_sysbios_family_arm_m3_Hwi_excHandlerFunc__C                  
2000ff29  ti_sysbios_family_arm_m3_Hwi_excHandler__I                      
2000f279  ti_sysbios_family_arm_m3_Hwi_getStackInfo__E                    
2000dcc1  ti_sysbios_family_arm_m3_Hwi_initNVIC__E                        
2000f089  ti_sysbios_family_arm_m3_Hwi_initStacks__E                      
2000d105  ti_sysbios_family_arm_m3_Hwi_interruptsAreDisabledButShouldNotBe
20011278  ti_sysbios_family_arm_m3_Hwi_nullIsrFunc__C                     
e000e000  ti_sysbios_family_arm_m3_Hwi_nvic                               
2001001d  ti_sysbios_family_arm_m3_Hwi_pendSV__I                          
2000dfe9  ti_sysbios_family_arm_m3_Hwi_postInit__I                        
2001127c  ti_sysbios_family_arm_m3_Hwi_priGroup__C                        
20000000  ti_sysbios_family_arm_m3_Hwi_ramVectors                         
20004000  ti_sysbios_family_arm_m3_Hwi_resetVectors                       
20010521  ti_sysbios_family_arm_m3_Hwi_restoreFxn__E                      
20010035  ti_sysbios_family_arm_m3_Hwi_return                             
20010511  ti_sysbios_family_arm_m3_Hwi_startup__E                         
20011280  ti_sysbios_family_arm_m3_Hwi_swiDisable__C                      
20011284  ti_sysbios_family_arm_m3_Hwi_swiRestore__C                      
20010209  ti_sysbios_family_arm_m3_Hwi_switchFromBootStack__E             
2000d2b5  ti_sysbios_family_arm_m3_TaskSupport_Module__startupDone__S     
20010441  ti_sysbios_family_arm_m3_TaskSupport_getStackAlignment__E       
200102f9  ti_sysbios_family_arm_m3_TaskSupport_glue                       
20011288  ti_sysbios_family_arm_m3_TaskSupport_stackAlignment__C          
2000dd49  ti_sysbios_family_arm_m3_TaskSupport_start__E                   
2001021d  ti_sysbios_family_arm_m3_TaskSupport_swap__E                    
2001128c  ti_sysbios_family_arm_m3_Timer_E_cannotSupport__C               
20011262  ti_sysbios_family_arm_m3_Timer_Module__id__C                    
200100b1  ti_sysbios_family_arm_m3_Timer_Module__startupDone__F           
200100b1  ti_sysbios_family_arm_m3_Timer_Module__startupDone__S           
20010c3c  ti_sysbios_family_arm_m3_Timer_Module__state__V                 
2000ff49  ti_sysbios_family_arm_m3_Timer_Module_startup__E                
20010b10  ti_sysbios_family_arm_m3_Timer_Object__table__V                 
20010551  ti_sysbios_family_arm_m3_Timer_getMaxTicks__E                   
2000f0d1  ti_sysbios_family_arm_m3_Timer_initDevice__I                    
2000f7a9  ti_sysbios_family_arm_m3_Timer_periodicStub__I                  
2000fcc1  ti_sysbios_family_arm_m3_Timer_postInit__I                      
2000f519  ti_sysbios_family_arm_m3_Timer_setPeriodMicroSecs__E            
2000eac1  ti_sysbios_family_arm_m3_Timer_setPeriod__E                     
2000e841  ti_sysbios_family_arm_m3_Timer_start__E                         
20011290  ti_sysbios_family_arm_m3_Timer_startupNeeded__C                 
2000fce9  ti_sysbios_family_arm_m3_Timer_startup__E                       
2000ff69  ti_sysbios_family_arm_m3_Timer_stop__E                          
2000feb1  ti_sysbios_family_xxx_Hwi_switchAndRunFunc                      
200100c9  ti_sysbios_gates_GateHwi_Handle__label__S                       
20010579  ti_sysbios_gates_GateHwi_Instance_init__E                       
20010fa4  ti_sysbios_gates_GateHwi_Module__FXNS__C                        
20010c64  ti_sysbios_gates_GateHwi_Module__root__V                        
20011078  ti_sysbios_gates_GateHwi_Object__DESC__C                        
20011158  ti_sysbios_gates_GateHwi_Object__PARAMS__C                      
2000f8d5  ti_sysbios_gates_GateHwi_Object__create__S                      
2000fe0d  ti_sysbios_gates_GateHwi_Object__delete__S                      
20010cb8  ti_sysbios_gates_GateHwi_Object__table__V                       
20010451  ti_sysbios_gates_GateHwi_enter__E                               
20010529  ti_sysbios_gates_GateHwi_leave__E                               
20010559  ti_sysbios_gates_GateHwi_query__E                               
200100e1  ti_sysbios_gates_GateMutex_Handle__label__S                     
20011294  ti_sysbios_gates_GateMutex_Instance_State_sem__O                
20010309  ti_sysbios_gates_GateMutex_Instance_finalize__E                 
2000ff89  ti_sysbios_gates_GateMutex_Instance_init__E                     
20010fc8  ti_sysbios_gates_GateMutex_Module__FXNS__C                      
20010c6c  ti_sysbios_gates_GateMutex_Module__root__V                      
20011098  ti_sysbios_gates_GateMutex_Object__DESC__C                      
20011170  ti_sysbios_gates_GateMutex_Object__PARAMS__C                    
2000f905  ti_sysbios_gates_GateMutex_Object__create__S                    
2000fd0d  ti_sysbios_gates_GateMutex_Object__delete__S                    
20010a40  ti_sysbios_gates_GateMutex_Object__table__V                     
2000f939  ti_sysbios_gates_GateMutex_enter__E                             
200100f9  ti_sysbios_gates_GateMutex_leave__E                             
20010561  ti_sysbios_gates_GateMutex_query__E                             
20010099  ti_sysbios_hal_Hwi_HwiProxy_Module__startupDone__S              
20010421  ti_sysbios_hal_Hwi_HwiProxy_Params__init__S                     
2000eff9  ti_sysbios_hal_Hwi_HwiProxy_disableInterrupt__E                 
20010431  ti_sysbios_hal_Hwi_HwiProxy_disable__E                          
2000f041  ti_sysbios_hal_Hwi_HwiProxy_enableInterrupt__E                  
2000f279  ti_sysbios_hal_Hwi_HwiProxy_getStackInfo__E                     
20010521  ti_sysbios_hal_Hwi_HwiProxy_restore__E                          
20010511  ti_sysbios_hal_Hwi_HwiProxy_startup__E                          
20010209  ti_sysbios_hal_Hwi_HwiProxy_switchFromBootStack__E              
200102a1  ti_sysbios_hal_Hwi_Module_startup__E                            
2000eff9  ti_sysbios_hal_Hwi_disableInterrupt__E                          
2000f041  ti_sysbios_hal_Hwi_enableInterrupt__E                           
2000f279  ti_sysbios_hal_Hwi_getStackInfo__E                              
2000f811  ti_sysbios_hal_Hwi_initStack                                    
20010511  ti_sysbios_hal_Hwi_startup__E                                   
20010209  ti_sysbios_hal_Hwi_switchFromBootStack__E                       
20011298  ti_sysbios_heaps_HeapMem_E_memory__C                            
20010111  ti_sysbios_heaps_HeapMem_Handle__label__S                       
2000f419  ti_sysbios_heaps_HeapMem_Instance_init__E                       
200100e1  ti_sysbios_heaps_HeapMem_Module_GateProxy_Handle__label__S      
2000d43d  ti_sysbios_heaps_HeapMem_Module_GateProxy_enter__E              
2000d5a5  ti_sysbios_heaps_HeapMem_Module_GateProxy_leave__E              
20010561  ti_sysbios_heaps_HeapMem_Module_GateProxy_query__E              
20010f7c  ti_sysbios_heaps_HeapMem_Module__FXNS__C                        
2001129c  ti_sysbios_heaps_HeapMem_Module__gateObj__C                     
20011338  ti_sysbios_heaps_HeapMem_Module__id__C                          
20010c74  ti_sysbios_heaps_HeapMem_Module__root__V                        
200110b8  ti_sysbios_heaps_HeapMem_Object__DESC__C                        
20010fec  ti_sysbios_heaps_HeapMem_Object__PARAMS__C                      
200112a0  ti_sysbios_heaps_HeapMem_Object__count__C                       
2000f969  ti_sysbios_heaps_HeapMem_Object__create__S                      
[...]
20010069  __aeabi_lmul                                                    
20010081  ti_sysbios_BIOS_rtsUnlock__I                                    
20010099  ti_sysbios_family_arm_m3_Hwi_Module__startupDone__F             
20010099  ti_sysbios_family_arm_m3_Hwi_Module__startupDone__S             
20010099  ti_sysbios_hal_Hwi_HwiProxy_Module__startupDone__S              
200100b1  ti_sysbios_family_arm_m3_Timer_Module__startupDone__F           
200100b1  ti_sysbios_family_arm_m3_Timer_Module__startupDone__S           
200100b1  ti_sysbios_knl_Clock_TimerProxy_Module__startupDone__S          
200100c9  ti_sysbios_gates_GateHwi_Handle__label__S                       
200100c9  xdc_runtime_Main_Module_GateProxy_Handle__label__S              
200100c9  xdc_runtime_System_Module_GateProxy_Handle__label__S            
200100e1  ti_sysbios_BIOS_RtsGateProxy_Handle__label__S                   
200100e1  ti_sysbios_gates_GateMutex_Handle__label__S                     
200100e1  ti_sysbios_heaps_HeapMem_Module_GateProxy_Handle__label__S      
200100f9  ti_sysbios_gates_GateMutex_leave__E                             
20010111  ti_sysbios_heaps_HeapMem_Handle__label__S                       
20010111  xdc_runtime_Memory_HeapProxy_Handle__label__S                   
20010129  ti_sysbios_knl_Task_sleepTimeout__I                             
20010141  ti_sysbios_rts_ti_ReentSupport_getTlsAddr__I                    
20010159  xdc_runtime_Error_init__E                                       
20010171  xdc_runtime_System_exit__E                                      
20010189  PRCMHIBRegRead                                                  
2001019f  PRCMHIBRegWrite                                                 
200101b5  ti_sysbios_BIOS_exitFunc__I                                     
200101cd  Power_getDependencyCount                                        
200101e1  pthread_attr_setschedparam                                      
200101f5  ti_sysbios_family_arm_m3_Hwi_Object__get__S                     
20010209  ti_sysbios_family_arm_m3_Hwi_switchFromBootStack__E             
20010209  ti_sysbios_hal_Hwi_HwiProxy_switchFromBootStack__E              
20010209  ti_sysbios_hal_Hwi_switchFromBootStack__E                       
2001021d  ti_sysbios_family_arm_m3_TaskSupport_swap__E                    
2001021d  ti_sysbios_knl_Task_SupportProxy_swap__E                        
20010229  ti_sysbios_knl_Task_swapReturn                                  
20010231  ti_sysbios_heaps_HeapMem_Object__get__S                         
20010249  ti_sysbios_knl_Clock_tickReconfig__E                            
2001025d  ti_sysbios_knl_Swi_Object__get__S                               
20010271  SemaphoreP_pend                                                 
20010283  UtilsDelay                                                      
200102a1  ti_sysbios_hal_Hwi_Module_startup__E                            
200102b3  xdc_runtime_Startup_exec__I                                     
200102c5  HwiP_Params_init                                                
200102d9  ti_sysbios_BIOS_setThreadType__E                                
200102e9  ti_sysbios_BIOS_start__E                                        
200102f9  ti_sysbios_family_arm_m3_TaskSupport_glue                       
20010309  ti_sysbios_gates_GateMutex_Instance_finalize__E                 
20010319  ti_sysbios_knl_Mailbox_Object__get__S                           
20010329  ti_sysbios_knl_Semaphore_Instance_finalize__E                   
20010339  ti_sysbios_knl_Swi_disable__E                                   
20010349  ti_sysbios_knl_Task_Object__get__S                              
20010359  ti_sysbios_knl_Task_disable__E                                  
20010369  xdc_runtime_Memory_free__E                                      
20010379  xdc_runtime_SysCallback_abort__E                                
20010379  xdc_runtime_System_SupportProxy_abort__E                        
20010389  xdc_runtime_SysCallback_exit__E                                 
20010389  xdc_runtime_System_SupportProxy_exit__E                         
20010399  __TI_decompress_none                                            
200103a9  pthread_attr_setdetachstate                                     
200103b9  ti_sysbios_knl_Idle_loop__E                                     
200103c9  ti_sysbios_knl_Queue_empty__E                                   
200103d7  Board_init                                                      
200103d7  CC3220S_LAUNCHXL_initGeneral                                    
200103e5  Power_getConstraintMask                                         
200103f1  SemaphoreP_delete                                               
200103fd  _register_lock                                                  
20010409  _register_unlock                                                
20010415  __TI_zero_init                                                  
20010421  ti_sysbios_family_arm_m3_Hwi_Params__init__S                    
20010421  ti_sysbios_hal_Hwi_HwiProxy_Params__init__S                     
20010431  ti_sysbios_family_arm_m3_Hwi_disableFxn__E                      
20010431  ti_sysbios_hal_Hwi_HwiProxy_disable__E                          
20010441  ti_sysbios_family_arm_m3_TaskSupport_getStackAlignment__E       
20010441  ti_sysbios_knl_Task_SupportProxy_getStackAlignment__E           
20010451  ti_sysbios_gates_GateHwi_enter__E                               
20010461  ClockP_getSystemTicks                                           
20010461  ti_sysbios_knl_Clock_getTicks__E                                
20010471  ti_sysbios_knl_Clock_setTicks__E                                
20010481  ti_sysbios_knl_Clock_tickStart__E                               
20010491  ti_sysbios_knl_Clock_tickStop__E                                
2001049d  ti_sysbios_knl_Queue_Object__get__S                             
200104a9  ti_sysbios_knl_Semaphore_Params__init__S                        
200104b5  ti_sysbios_knl_Task_Params__init__S                             
200104c1  ti_sysbios_knl_Task_self__E                                     
200104d1  ti_sysbios_rts_ti_ReentSupport_taskRegHook__I                   
200104e1  xdc_runtime_Startup_rtsDone__E                                  
200104ed  xdc_runtime_Memory_HeapProxy_alloc__E                           
200104f7  xdc_runtime_Memory_HeapProxy_free__E                            
20010501  pthread_attr_setstacksize                                       
20010509  ti_sysbios_family_arm_m3_Hwi_doSwiRestore__I                    
20010511  ti_sysbios_family_arm_m3_Hwi_startup__E                         
20010511  ti_sysbios_hal_Hwi_HwiProxy_startup__E                          
20010511  ti_sysbios_hal_Hwi_startup__E                                   
20010519  ti_sysbios_family_arm_m3_Hwi_doTaskRestore__I                   
20010521  HwiP_restore                                                    
20010521  ti_sysbios_family_arm_m3_Hwi_restoreFxn__E                      
20010521  ti_sysbios_hal_Hwi_HwiProxy_restore__E                          
20010529  ti_sysbios_gates_GateHwi_leave__E                               
20010531  ti_sysbios_heaps_HeapMem_isBlocking__E                          
20010539  ti_sysbios_knl_Queue_Instance_init__E                           
20010541  ti_sysbios_knl_Swi_startup__E                                   
20010549  xdc_runtime_System_Module_startup__E                            
20010551  ti_sysbios_family_arm_m3_Timer_getMaxTicks__E                   
20010559  ti_sysbios_gates_GateHwi_query__E                               
20010559  xdc_runtime_Main_Module_GateProxy_query__E                      
20010559  xdc_runtime_System_Module_GateProxy_query__E                    
20010561  ti_sysbios_BIOS_RtsGateProxy_query__E                           
20010561  ti_sysbios_gates_GateMutex_query__E                             
20010561  ti_sysbios_heaps_HeapMem_Module_GateProxy_query__E              
20010569  ti_sysbios_knl_Task_startup__E                                  
20010571  ti_sysbios_BIOS_linkedWithIncorrectBootLibrary__E               
20010579  ti_sysbios_gates_GateHwi_Instance_init__E                       
20010581  ti_sysbios_knl_Clock_logTick__E                                 
20010589  xdc_runtime_SysCallback_defaultAbort                            
20010591  xdc_runtime_SysCallback_defaultExit                             
20010599  xdc_runtime_System_abortSpin__E                                 
200105a1  xdc_runtime_System_exitSpin__E                                  
200105a4  PowerCC32XX_module                                              
20010710  parkInfo                                                        
20010890  ti_sysbios_knl_Swi_Module_State_0_readyQ__A                     
20010910  ti_sysbios_knl_Task_Module_State_0_readyQ__A                    
20010990  ti_sysbios_knl_Task_Object__table__V                            
200109ec  gpioPinConfigs                                                  
20010a40  ti_sysbios_gates_GateMutex_Object__table__V                     
20010a94  ti_sysbios_knl_Task_Module__state__V                            
20010adc  ti_sysbios_family_arm_m3_Hwi_Module__state__V                   
20010b10  ti_sysbios_family_arm_m3_Timer_Object__table__V                 
20010b40  ti_sysbios_knl_Swi_Object__table__V                             
20010b70  ti_sysbios_knl_Clock_Module__state__V                           
20010b9c  ti_sysbios_BIOS_Module__state__V                                
20010bc0  xdc_runtime_Error_IgnoreBlock                                   
20010be0  ti_sysbios_knl_Swi_Module__state__V                             
20010bfc  ti_sysbios_family_arm_m3_Hwi_Object__table__V                   
20010c14  ti_sysbios_heaps_HeapMem_Object__table__V                       
20010c2c  gpioCallbackFunctions                                           
20010c3c  ti_sysbios_family_arm_m3_Timer_Module__state__V                 
20010c52  ti_sysbios_family_arm_m3_Hwi_Module_State_0_excActive__A        
20010c54  _lock                                                           
20010c58  _unlock                                                         
20010c5c  ti_sysbios_family_arm_m3_Hwi_Module__root__V                    
20010c64  ti_sysbios_gates_GateHwi_Module__root__V                        
20010c6c  ti_sysbios_gates_GateMutex_Module__root__V                      
20010c74  ti_sysbios_heaps_HeapMem_Module__root__V                        
20010c7c  ti_sysbios_knl_Queue_Module__root__V                            
20010c84  ti_sysbios_knl_Semaphore_Module__root__V                        
20010c8c  ti_sysbios_knl_Task_Module__root__V                             
20010c94  xdc_runtime_Startup_Module__state__V                            
20010c9c  xdc_runtime_System_Module_State_0_atexitHandlers__A             
20010ca4  xdc_runtime_System_Module__state__V                             
20010cac  main_func_sp                                                    
20010cb0  ti_sysbios_family_arm_m3_Hwi_Module_State_0_excContext__A       
20010cb4  ti_sysbios_family_arm_m3_Hwi_Module_State_0_excStack__A         
20010cb8  ti_sysbios_gates_GateHwi_Object__table__V                       
20010cbc  ti_sysbios_knl_Task_Module_State_0_idleTask__A                  
20010cc0  ti_sysbios_rts_ti_ReentSupport_Module__state__V                 
20010cc4  xdc_runtime_Memory_Module__state__V                             
20010ec8  ti_sysbios_knl_Task_Object__PARAMS__C                           
20010f0c  PowerCC32XX_config                                              
20010f4c  ti_sysbios_family_arm_m3_Hwi_Object__PARAMS__C                  
20010f7c  ti_sysbios_heaps_HeapMem_Module__FXNS__C                        
20010fa4  ti_sysbios_gates_GateHwi_Module__FXNS__C                        
20010fc8  ti_sysbios_gates_GateMutex_Module__FXNS__C                      
20010fec  ti_sysbios_heaps_HeapMem_Object__PARAMS__C                      
20011010  ti_sysbios_knl_Semaphore_Object__PARAMS__C                      
20011055  ti_sysbios_knl_Clock_tickMode__C                                
20011056  ti_sysbios_family_arm_m3_Hwi_Module__id__C                      
20011058  ti_sysbios_family_arm_m3_Hwi_Object__DESC__C                    
20011078  ti_sysbios_gates_GateHwi_Object__DESC__C                        
20011098  ti_sysbios_gates_GateMutex_Object__DESC__C                      
200110b8  ti_sysbios_heaps_HeapMem_Object__DESC__C                        
200110d8  ti_sysbios_knl_Queue_Object__DESC__C                            
200110f8  ti_sysbios_knl_Semaphore_Object__DESC__C                        
20011118  ti_sysbios_knl_Task_Object__DESC__C                             
20011138  xdc_runtime_Startup_sfxnTab__A                                  
20011158  ti_sysbios_gates_GateHwi_Object__PARAMS__C                      
20011170  ti_sysbios_gates_GateMutex_Object__PARAMS__C                    
20011188  ti_sysbios_knl_Queue_Object__PARAMS__C                          
200111a0  ti_sysbios_knl_Task_hooks__A                                    
200111b8  GPIOCC32XX_config                                               
200111f4  xdc_runtime_Startup_sfxnRts__A                                  
20011204  xdc_runtime_Startup_firstFxns__A                                
2001121b  ti_sysbios_knl_Clock_tickSource__C                              
2001121c  outPinTypes                                                     
20011224  ti_sysbios_knl_Idle_funcList__A                                 
2001122c  ti_sysbios_knl_Idle_funcList__C                                 
20011234  ti_sysbios_knl_Task_hooks__C                                    
2001123c  xdc_runtime_Startup_firstFxns__C                                
20011244  xdc_runtime_Startup_lastFxns__C                                 
20011252  inPinTypes                                                      
20011258  outPinStrengths                                                 
20011262  ti_sysbios_family_arm_m3_Timer_Module__id__C                    
20011264  ti_sysbios_family_arm_m3_Hwi_E_alreadyDefined__C                
20011268  ti_sysbios_family_arm_m3_Hwi_NUM_INTERRUPTS__C                  
2001126c  ti_sysbios_family_arm_m3_Hwi_Object__count__C                   
20011270  ti_sysbios_family_arm_m3_Hwi_ccr__C                             
20011274  ti_sysbios_family_arm_m3_Hwi_excHandlerFunc__C                  
20011278  ti_sysbios_family_arm_m3_Hwi_nullIsrFunc__C                     
2001127c  ti_sysbios_family_arm_m3_Hwi_priGroup__C                        
20011280  ti_sysbios_family_arm_m3_Hwi_swiDisable__C                      
20011284  ti_sysbios_family_arm_m3_Hwi_swiRestore__C                      
20011288  ti_sysbios_family_arm_m3_TaskSupport_stackAlignment__C          
2001128c  ti_sysbios_family_arm_m3_Timer_E_cannotSupport__C               
20011290  ti_sysbios_family_arm_m3_Timer_startupNeeded__C                 
20011294  ti_sysbios_gates_GateMutex_Instance_State_sem__O                
20011298  ti_sysbios_heaps_HeapMem_E_memory__C                            
2001129c  ti_sysbios_heaps_HeapMem_Module__gateObj__C                     
200112a0  ti_sysbios_heaps_HeapMem_Object__count__C                       
200112a4  ti_sysbios_heaps_HeapMem_primaryHeapBaseAddr__C                 
200112a8  ti_sysbios_heaps_HeapMem_primaryHeapEndAddr__C                  
200112ac  ti_sysbios_heaps_HeapMem_reqAlign__C                            
200112b0  ti_sysbios_knl_Clock_Module_State_clockQ__O                     
200112b4  ti_sysbios_knl_Clock_tickPeriod__C                              
200112b8  ti_sysbios_knl_Mailbox_Instance_State_freeQue__O                
200112bc  ti_sysbios_knl_Mailbox_Object__count__C                         
200112c0  ti_sysbios_knl_Mailbox_maxTypeAlign__C                          
200112c4  ti_sysbios_knl_Semaphore_Instance_State_pendQ__O                
200112c8  ti_sysbios_knl_Swi_Object__count__C                             
200112cc  ti_sysbios_knl_Task_Module_State_inactiveQ__O                   
200112d0  ti_sysbios_knl_Task_Object__count__C                            
200112d4  ti_sysbios_knl_Task_Object__heap__C                             
200112d8  ti_sysbios_knl_Task_allBlockedFunc__C                           
200112dc  ti_sysbios_knl_Task_defaultStackHeap__C                         
200112e0  ti_sysbios_knl_Task_defaultStackSize__C                         
200112e4  ti_sysbios_knl_Task_numConstructedTasks__C                      
200112e8  xdc_runtime_Error_E_memory__C                                   
200112ec  xdc_runtime_Error_policyFxn__C                                  
200112f0  xdc_runtime_IGateProvider_Interface__BASE__C                    
200112f4  xdc_runtime_IHeap_Interface__BASE__C                            
200112f8  xdc_runtime_IModule_Interface__BASE__C                          
200112fc  xdc_runtime_Memory_defaultHeapInstance__C                       
20011300  xdc_runtime_Startup_execImpl__C                                 
20011304  xdc_runtime_Startup_maxPasses__C                                
20011308  xdc_runtime_Startup_sfxnRts__C                                  
2001130c  xdc_runtime_Startup_sfxnTab__C                                  
20011310  xdc_runtime_SysCallback_abortFxn__C                             
20011314  xdc_runtime_SysCallback_exitFxn__C                              
20011318  xdc_runtime_System_Module__gateObj__C                           
2001131c  xdc_runtime_System_abortFxn__C                                  
20011320  xdc_runtime_System_exitFxn__C                                   
20011324  xdc_runtime_System_maxAtexitHandlers__C                         
20011328  xdc_runtime_Text_charTab__C                                     
2001132c  xdc_runtime_Text_nameEmpty__C                                   
20011330  xdc_runtime_Text_nameStatic__C                                  
20011334  xdc_runtime_Text_nameUnknown__C                                 
20011338  ti_sysbios_heaps_HeapMem_Module__id__C                          
2001133a  xdc_runtime_Memory_Module__id__C                                
2001133c  xdc_runtime_Text_charCnt__C                                     
2001133e  xdc_runtime_Text_isLoaded__C                                    
20011340  xdc_runtime_Error_policy__C                                     
20011341  xdc_runtime_Text_charTab__A                                     
20011348  ti_sysbios_family_arm_m3_Hwi_dispatchTable                      
20011658  ti_sysbios_knl_Task_Instance_State_0_stack__A                   
20011858  PowerCC32XX_contextSave                                         
200119b8  ti_sysbios_knl_Task_Instance_State_0_hookEnv__A                 
200119c0  __TI_static_base__                                              
20011c2c  __TI_Handler_Table_Base                                         
20011c38  __TI_Handler_Table_Limit                                        
20011c40  __TI_CINIT_Base                                                 
20011c50  __TI_CINIT_Limit                                                
e000e000  ti_sysbios_family_arm_m3_Hwi_nvic                               
ffffffff  __TI_pprof_out_hndl                                             
ffffffff  __TI_prof_data_size                                             
ffffffff  __TI_prof_data_start                                            
ffffffff  __binit__                                                       
ffffffff  __c_args__                                                      
ffffffff  binit                                                           
UNDEFED   SHT$$INIT_ARRAY$$Base                                           
UNDEFED   SHT$$INIT_ARRAY$$Limit                                          

[483 symbols]
